<html>
<body>
<pre>
<h1>µVision Build Log</h1>
<h2>Tool Versions:</h2>
IDE-Version: µVision V5.41.0.0
Copyright (C) 2024 ARM Ltd and ARM Germany GmbH. All rights reserved.
License Information: Andrey Panchenko, SUAI, LIC=----
 
Tool Versions:
Toolchain:       MDK-Lite  Version: 5.41.0.0
Toolchain Path:  C:\Users\andrejpancenko\AppData\Local\Keil_v5\ARM\ARMCLANG\Bin
C Compiler:      ArmClang.exe V6.22
Assembler:       Armasm.exe V6.22
Linker/Locator:  ArmLink.exe V6.22
Library Manager: ArmAr.exe V6.22
Hex Converter:   FromElf.exe V6.22
CPU DLL:         SARMCM3.DLL V5.41.0.0
Dialog DLL:      DCM.DLL V1.17.5.0
Target DLL:      STLink\ST-LINKIII-KEIL_SWO.dll V3.3.0.0
Dialog DLL:      TCM.DLL V1.56.4.0
 
<h2>Project:</h2>
\\Mac\Home\Desktop\Semestr 6\pvp\asmstrt\asmstrt.uvprojx
Project File Date:  02/11/2025

<h2>Output:</h2>
*** Using Compiler 'V6.22', folder: 'C:\Users\andrejpancenko\AppData\Local\Keil_v5\ARM\ARMCLANG\Bin'
Build target 'asmstrt'
assembling strtstm32F303.s...
main.c(3): warning: unused variable 'a1' [-Wunused-variable]
    3 |                 volatile unsigned char a1=0xB3;
      |                                        ^~
main.c(4): warning: unused variable 'b1' [-Wunused-variable]
    4 |                 volatile unsigned char b1=0xB3;
      |                                        ^~
main.c(5): warning: unused variable 'c1' [-Wunused-variable]
    5 |                 volatile unsigned char c1=0xB3;
      |                                        ^~
main.c(6): warning: unused variable 'd1' [-Wunused-variable]
    6 |                 volatile unsigned char d1=0xB3;
      |                                        ^~
main.c(7): warning: unused variable 'a2' [-Wunused-variable]
    7 |                 volatile unsigned short a2=0xB3B3;
      |                                         ^~
main.c(8): warning: unused variable 'b2' [-Wunused-variable]
    8 |                 volatile unsigned short b2=0xB3B3;
      |                                         ^~
main.c(9): warning: unused variable 'c2' [-Wunused-variable]
    9 |                 volatile unsigned short c2=0xB3B3;
      |                                         ^~
main.c(10): warning: unused variable 'd2' [-Wunused-variable]
   10 |                 volatile unsigned short d2=0xB3B3;
      |                                         ^~
main.c(11): warning: unused variable 'a4' [-Wunused-variable]
   11 |                 volatile unsigned int a4=0xB3B3B3B3;
      |                                       ^~
main.c(12): warning: unused variable 'b4' [-Wunused-variable]
   12 |                 volatile unsigned int b4=0xB3B3B3B3;
      |                                       ^~
main.c(13): warning: unused variable 'c4' [-Wunused-variable]
   13 |                 volatile unsigned int c4=0xB3B3B3B3;
      |                                       ^~
main.c(14): warning: unused variable 'd4' [-Wunused-variable]
   14 |                 volatile unsigned int d4=0xB3B3B3B3;
      |                                       ^~
main.c(15): warning: unused variable 'a8' [-Wunused-variable]
   15 |                 volatile unsigned long long a8=0xB3B3B3B3B3B3B3B3;
      |                                             ^~
main.c(16): warning: unused variable 'b8' [-Wunused-variable]
   16 |                 volatile unsigned long long b8=0xB3B3B3B3B3B3B3B3;
      |                                             ^~
main.c(17): warning: unused variable 'c8' [-Wunused-variable]
   17 |                 volatile unsigned long long c8=0xB3B3B3B3B3B3B3B3;
      |                                             ^~
main.c(18): warning: unused variable 'd8' [-Wunused-variable]
   18 |                 volatile unsigned long long d8=0xB3B3B3B3B3B3B3B3;
      |                                             ^~
main.c(19): warning: unused variable 'name1' [-Wunused-variable]
   19 |                 volatile char name1[]="Andrey";
      |                               ^~~~~
main.c(20): warning: unused variable 'name2' [-Wunused-variable]
   20 |                 volatile char name2[]="Panchenko";
      |                               ^~~~~
main.c(21): warning: unused variable 'name3' [-Wunused-variable]
   21 |                 volatile char name3[]="4236";
      |                               ^~~~~
19 warnings generated.
compiling main.c...
linking...
Program Size: Code=392 RO-data=48 RW-data=0 ZI-data=2816  
".\Objects\asmstrt.axf" - 0 Error(s), 19 Warning(s).

<h2>Software Packages used:</h2>

Package Vendor: Keil
                http://www.keil.com/pack/Keil.STM32F3xx_DFP.2.2.2.pack
                Keil::STM32F3xx_DFP@2.2.2
                STMicroelectronics STM32F3 Series Device Support and Examples

<h2>Collection of Component include folders:</h2>
  C:/Users/andrejpancenko/AppData/Local/Arm/Packs/Keil/STM32F3xx_DFP/2.2.2/Drivers/CMSIS/Device/ST/STM32F3xx/Include

<h2>Collection of Component Files used:</h2>
Build Time Elapsed:  00:00:01
</pre>
</body>
</html>
