Component: Arm Compiler for Embedded 6.22 Tool: armlink [5ee90200]

==============================================================================

Section Cross References

    main.o(.text.main) refers to main.o(.text.SystemClock_Config) for SystemClock_Config
    main.o(.text.main) refers to system_stm32f3xx.o(.text.SystemCoreClockUpdate) for SystemCoreClockUpdate
    main.o(.text.main) refers to system_stm32f3xx.o(.data.SystemCoreClock) for SystemCoreClock
    main.o(.text.main) refers to main.o(.rodata.str1.1) for .L.str
    main.o(.text.main) refers to printf.o(.text) for printf
    main.o(.text.main) refers to messages.o(.text.InitMessages) for InitMessages
    main.o(.text.main) refers to timers.o(.text.InitTimers) for InitTimers
    main.o(.text.main) refers to keypad.o(.text.InitKpd4) for InitKpd4
    main.o(.text.main) refers to uart.o(.text.InitUartDMA) for InitUartDMA
    main.o(.text.main) refers to i2cfram.o(.text.init_I2C_FRAM) for init_I2C_FRAM
    main.o(.text.main) refers to main.o(.text.LL_AHB1_GRP1_EnableClock) for LL_AHB1_GRP1_EnableClock
    main.o(.text.main) refers to main.o(.text.LL_GPIO_SetPinMode) for LL_GPIO_SetPinMode
    main.o(.text.main) refers to main.o(.text.LL_SYSTICK_EnableIT) for LL_SYSTICK_EnableIT
    main.o(.text.main) refers to timers.o(.text.GetTimer) for GetTimer
    main.o(.text.main) refers to timers.o(.text.ResetTimer) for ResetTimer
    main.o(.text.main) refers to main.o(.text.LL_GPIO_TogglePin) for LL_GPIO_TogglePin
    main.o(.text.main) refers to main.o(.text.ProcesLedkey) for ProcesLedkey
    main.o(.text.main) refers to fsm_main.o(.text.ProcessFsmMain) for ProcessFsmMain
    main.o(.text.main) refers to fsm_tm.o(.text.ProcessFsmTm) for ProcessFsmTm
    main.o(.text.main) refers to keypad.o(.text.ProcessKeyKpd4) for ProcessKeyKpd4
    main.o(.text.main) refers to messages.o(.text.ProcessMessages) for ProcessMessages
    main.o(.ARM.exidx.text.main) refers to main.o(.text.main) for [Anonymous Symbol]
    main.o(.text.SystemClock_Config) refers to main.o(.text.LL_FLASH_SetLatency) for LL_FLASH_SetLatency
    main.o(.text.SystemClock_Config) refers to main.o(.text.LL_RCC_HSE_Enable) for LL_RCC_HSE_Enable
    main.o(.text.SystemClock_Config) refers to main.o(.text.LL_RCC_HSE_IsReady) for LL_RCC_HSE_IsReady
    main.o(.text.SystemClock_Config) refers to main.o(.text.LL_RCC_PLL_ConfigDomain_SYS) for LL_RCC_PLL_ConfigDomain_SYS
    main.o(.text.SystemClock_Config) refers to main.o(.text.LL_RCC_PLL_Enable) for LL_RCC_PLL_Enable
    main.o(.text.SystemClock_Config) refers to main.o(.text.LL_RCC_PLL_IsReady) for LL_RCC_PLL_IsReady
    main.o(.text.SystemClock_Config) refers to main.o(.text.LL_RCC_SetAHBPrescaler) for LL_RCC_SetAHBPrescaler
    main.o(.text.SystemClock_Config) refers to main.o(.text.LL_RCC_SetSysClkSource) for LL_RCC_SetSysClkSource
    main.o(.text.SystemClock_Config) refers to main.o(.text.LL_RCC_GetSysClkSource) for LL_RCC_GetSysClkSource
    main.o(.text.SystemClock_Config) refers to main.o(.text.LL_RCC_SetAPB1Prescaler) for LL_RCC_SetAPB1Prescaler
    main.o(.text.SystemClock_Config) refers to main.o(.text.LL_RCC_SetAPB2Prescaler) for LL_RCC_SetAPB2Prescaler
    main.o(.text.SystemClock_Config) refers to stm32f3xx_ll_utils.o(.text.LL_Init1msTick) for LL_Init1msTick
    main.o(.text.SystemClock_Config) refers to stm32f3xx_ll_utils.o(.text.LL_SetSystemCoreClock) for LL_SetSystemCoreClock
    main.o(.ARM.exidx.text.SystemClock_Config) refers to main.o(.text.SystemClock_Config) for [Anonymous Symbol]
    main.o(.ARM.exidx.text.LL_AHB1_GRP1_EnableClock) refers to main.o(.text.LL_AHB1_GRP1_EnableClock) for [Anonymous Symbol]
    main.o(.ARM.exidx.text.LL_GPIO_SetPinMode) refers to main.o(.text.LL_GPIO_SetPinMode) for [Anonymous Symbol]
    main.o(.ARM.exidx.text.LL_SYSTICK_EnableIT) refers to main.o(.text.LL_SYSTICK_EnableIT) for [Anonymous Symbol]
    main.o(.ARM.exidx.text.LL_GPIO_TogglePin) refers to main.o(.text.LL_GPIO_TogglePin) for [Anonymous Symbol]
    main.o(.text.ProcesLedkey) refers to main.o(.bss.ProcesLedkey.fsmstate) for ProcesLedkey.fsmstate
    main.o(.text.ProcesLedkey) refers to messages.o(.text.GetMessage) for GetMessage
    main.o(.text.ProcesLedkey) refers to main.o(.bss.ProcesLedkey.count) for ProcesLedkey.count
    main.o(.text.ProcesLedkey) refers to main.o(.bss.ProcesLedkey.textbuf) for ProcesLedkey.textbuf
    main.o(.text.ProcesLedkey) refers to uart.o(.text.uart_transmit) for uart_transmit
    main.o(.ARM.exidx.text.ProcesLedkey) refers to main.o(.text.ProcesLedkey) for [Anonymous Symbol]
    main.o(.ARM.exidx.text.LL_FLASH_SetLatency) refers to main.o(.text.LL_FLASH_SetLatency) for [Anonymous Symbol]
    main.o(.ARM.exidx.text.LL_RCC_HSE_Enable) refers to main.o(.text.LL_RCC_HSE_Enable) for [Anonymous Symbol]
    main.o(.ARM.exidx.text.LL_RCC_HSE_IsReady) refers to main.o(.text.LL_RCC_HSE_IsReady) for [Anonymous Symbol]
[...]
    PVD_IRQHandler                           0x0800032b   Thumb Code     0  startup_stm32f303xc.o(.text)
    RCC_IRQHandler                           0x0800032b   Thumb Code     0  startup_stm32f303xc.o(.text)
    RTC_Alarm_IRQHandler                     0x0800032b   Thumb Code     0  startup_stm32f303xc.o(.text)
    RTC_WKUP_IRQHandler                      0x0800032b   Thumb Code     0  startup_stm32f303xc.o(.text)
    SPI1_IRQHandler                          0x0800032b   Thumb Code     0  startup_stm32f303xc.o(.text)
    SPI2_IRQHandler                          0x0800032b   Thumb Code     0  startup_stm32f303xc.o(.text)
    SPI3_IRQHandler                          0x0800032b   Thumb Code     0  startup_stm32f303xc.o(.text)
    TAMP_STAMP_IRQHandler                    0x0800032b   Thumb Code     0  startup_stm32f303xc.o(.text)
    TIM1_BRK_TIM15_IRQHandler                0x0800032b   Thumb Code     0  startup_stm32f303xc.o(.text)
    TIM1_CC_IRQHandler                       0x0800032b   Thumb Code     0  startup_stm32f303xc.o(.text)
    TIM1_TRG_COM_TIM17_IRQHandler            0x0800032b   Thumb Code     0  startup_stm32f303xc.o(.text)
    TIM1_UP_TIM16_IRQHandler                 0x0800032b   Thumb Code     0  startup_stm32f303xc.o(.text)
    TIM2_IRQHandler                          0x0800032b   Thumb Code     0  startup_stm32f303xc.o(.text)
    TIM3_IRQHandler                          0x0800032b   Thumb Code     0  startup_stm32f303xc.o(.text)
    TIM4_IRQHandler                          0x0800032b   Thumb Code     0  startup_stm32f303xc.o(.text)
    TIM6_DAC_IRQHandler                      0x0800032b   Thumb Code     0  startup_stm32f303xc.o(.text)
    TIM7_IRQHandler                          0x0800032b   Thumb Code     0  startup_stm32f303xc.o(.text)
    TIM8_BRK_IRQHandler                      0x0800032b   Thumb Code     0  startup_stm32f303xc.o(.text)
    TIM8_CC_IRQHandler                       0x0800032b   Thumb Code     0  startup_stm32f303xc.o(.text)
    TIM8_TRG_COM_IRQHandler                  0x0800032b   Thumb Code     0  startup_stm32f303xc.o(.text)
    TIM8_UP_IRQHandler                       0x0800032b   Thumb Code     0  startup_stm32f303xc.o(.text)
    UART4_IRQHandler                         0x0800032b   Thumb Code     0  startup_stm32f303xc.o(.text)
    UART5_IRQHandler                         0x0800032b   Thumb Code     0  startup_stm32f303xc.o(.text)
    USART1_IRQHandler                        0x0800032b   Thumb Code     0  startup_stm32f303xc.o(.text)
    USART3_IRQHandler                        0x0800032b   Thumb Code     0  startup_stm32f303xc.o(.text)
    USBWakeUp_IRQHandler                     0x0800032b   Thumb Code     0  startup_stm32f303xc.o(.text)
    USBWakeUp_RMP_IRQHandler                 0x0800032b   Thumb Code     0  startup_stm32f303xc.o(.text)
    USB_HP_CAN_TX_IRQHandler                 0x0800032b   Thumb Code     0  startup_stm32f303xc.o(.text)
    USB_HP_IRQHandler                        0x0800032b   Thumb Code     0  startup_stm32f303xc.o(.text)
    USB_LP_CAN_RX0_IRQHandler                0x0800032b   Thumb Code     0  startup_stm32f303xc.o(.text)
    USB_LP_IRQHandler                        0x0800032b   Thumb Code     0  startup_stm32f303xc.o(.text)
    WWDG_IRQHandler                          0x0800032b   Thumb Code     0  startup_stm32f303xc.o(.text)
    __user_initial_stackheap                 0x0800032d   Thumb Code     0  startup_stm32f303xc.o(.text)
    printf                                   0x08000351   Thumb Code    20  printf.o(.text)
    sprintf                                  0x08000369   Thumb Code    38  sprintf.o(.text)
    sscanf                                   0x08000395   Thumb Code    52  sscanf.o(.text)
    strchr                                   0x080003d1   Thumb Code    20  strchr.o(.text)
    strcpy                                   0x080003e5   Thumb Code    72  strcpy.o(.text)
    strlen                                   0x0800042d   Thumb Code    62  strlen.o(.text)
    strncmp                                  0x0800046b   Thumb Code   150  strncmp.o(.text)
    __aeabi_memcpy                           0x08000501   Thumb Code     0  rt_memcpy_v6.o(.text)
    __rt_memcpy                              0x08000501   Thumb Code   138  rt_memcpy_v6.o(.text)
    _memcpy_lastbytes                        0x08000567   Thumb Code     0  rt_memcpy_v6.o(.text)
    __aeabi_memclr4                          0x0800058b   Thumb Code     0  rt_memclr_w.o(.text)
    __aeabi_memclr8                          0x0800058b   Thumb Code     0  rt_memclr_w.o(.text)
    __rt_memclr_w                            0x0800058b   Thumb Code     0  rt_memclr_w.o(.text)
    _memset_w                                0x0800058f   Thumb Code    74  rt_memclr_w.o(.text)
    strcmp                                   0x080005d9   Thumb Code   124  strcmpv7em.o(.text)
    __use_two_region_memory                  0x08000655   Thumb Code     2  heapauxi.o(.text)
    __rt_heap_escrow                         0x08000657   Thumb Code     2  heapauxi.o(.text)
    __rt_heap_expand                         0x08000659   Thumb Code     2  heapauxi.o(.text)
    _printf_pre_padding                      0x0800065b   Thumb Code    44  _printf_pad.o(.text)
    _printf_post_padding                     0x08000687   Thumb Code    34  _printf_pad.o(.text)
    _printf_truncate_signed                  0x080006a9   Thumb Code    18  _printf_truncate.o(.text)
    _printf_truncate_unsigned                0x080006bb   Thumb Code    18  _printf_truncate.o(.text)
    _printf_str                              0x080006cd   Thumb Code    82  _printf_str.o(.text)
    _printf_int_dec                          0x08000721   Thumb Code   104  _printf_dec.o(.text)
    _printf_charcount                        0x08000799   Thumb Code    40  _printf_charcount.o(.text)
    _printf_char_common                      0x080007cb   Thumb Code    32  _printf_char_common.o(.text)
    _sputc                                   0x080007f1   Thumb Code    10  _sputc.o(.text)
    _printf_char_file                        0x080007fd   Thumb Code    32  _printf_char_file.o(.text)
    _printf_wctomb                           0x08000821   Thumb Code   182  _printf_wctomb.o(.text)
    _printf_longlong_dec                     0x080008dd   Thumb Code   108  _printf_longlong_dec.o(.text)
    _printf_longlong_oct                     0x08000959   Thumb Code    68  _printf_oct_int_ll.o(.text)
    _printf_int_oct                          0x0800099d   Thumb Code    24  _printf_oct_int_ll.o(.text)
    _printf_ll_oct                           0x080009b5   Thumb Code    12  _printf_oct_int_ll.o(.text)
    _printf_longlong_hex                     0x080009c9   Thumb Code    86  _printf_hex_int_ll_ptr.o(.text)
    _printf_int_hex                          0x08000a1f   Thumb Code    28  _printf_hex_int_ll_ptr.o(.text)
    _printf_ll_hex                           0x08000a3b   Thumb Code    12  _printf_hex_int_ll_ptr.o(.text)
    _printf_hex_ptr                          0x08000a47   Thumb Code    18  _printf_hex_int_ll_ptr.o(.text)
    __printf                                 0x08000a5d   Thumb Code   388  __printf_flags_ss_wp.o(.text)
    _scanf_longlong                          0x08000be5   Thumb Code   342  _scanf_longlong.o(.text)
    _scanf_int                               0x08000d3b   Thumb Code   332  _scanf_int.o(.text)
    _scanf_string                            0x08000e87   Thumb Code   224  _scanf_str.o(.text)
    __vfscanf_char                           0x08000f75   Thumb Code    24  scanf_char.o(.text)
    _sgetc                                   0x08000f95   Thumb Code    30  _sgetc.o(.text)
    _sbackspace                              0x08000fb3   Thumb Code    34  _sgetc.o(.text)
    _scanf_mbtowc                            0x08000fd5   Thumb Code   276  _scanf_mbtowc.o(.text)
    _scanf_wctomb                            0x080010e9   Thumb Code   232  _scanf_wctomb.o(.text)
    _scanf_wstring                           0x080011d1   Thumb Code   208  _scanf_wstr.o(.text)
    __aeabi_memcpy4                          0x080012a1   Thumb Code     0  rt_memcpy_w.o(.text)
    __aeabi_memcpy8                          0x080012a1   Thumb Code     0  rt_memcpy_w.o(.text)
    __rt_memcpy_w                            0x080012a1   Thumb Code   100  rt_memcpy_w.o(.text)
    _memcpy_lastbytes_aligned                0x080012e9   Thumb Code     0  rt_memcpy_w.o(.text)
    _ll_udiv10                               0x08001305   Thumb Code   138  lludiv10.o(.text)
    isspace                                  0x0800138f   Thumb Code    18  isspace.o(.text)
    _printf_int_common                       0x080013a1   Thumb Code   178  _printf_intcommon.o(.text)
    _printf_fp_dec_real                      0x08001603   Thumb Code   620  _printf_fp_dec.o(.text)
    _printf_fp_hex_real                      0x08001871   Thumb Code   756  _printf_fp_hex.o(.text)
    _printf_cs_common                        0x08001b6d   Thumb Code    20  _printf_char.o(.text)
    _printf_char                             0x08001b81   Thumb Code    16  _printf_char.o(.text)
    _printf_string                           0x08001b91   Thumb Code     8  _printf_char.o(.text)
    _printf_lcs_common                       0x08001b99   Thumb Code    20  _printf_wchar.o(.text)
    _printf_wchar                            0x08001bad   Thumb Code    16  _printf_wchar.o(.text)
    _printf_wstring                          0x08001bbd   Thumb Code     8  _printf_wchar.o(.text)
    _chval                                   0x08001bc5   Thumb Code    28  _chval.o(.text)
    __vfscanf                                0x08001be1   Thumb Code   878  _scanf.o(.text)
    _scanf_really_real                       0x080021a1   Thumb Code   684  scanf_fp.o(.text)
    _scanf_wcharmap                          0x0800244d   Thumb Code    30  _scanf_wcharmap.o(.text)
    ferror                                   0x0800246b   Thumb Code     8  ferror.o(.text)
    _initio                                  0x08002475   Thumb Code   210  initio.o(.text)
    _terminateio                             0x08002547   Thumb Code    56  initio.o(.text)
    _mbrtoc16                                0x080025ad   Thumb Code    64  _mbrtoc16.o(.text)
    _mbrtowc                                 0x080025ad   Thumb Code     0  _mbrtoc16.o(.text)
    _c16rtomb                                0x080025ed   Thumb Code    72  _c16rtomb.o(.text)
    _wcrtomb                                 0x080025ed   Thumb Code     0  _c16rtomb.o(.text)
    __user_setup_stackheap                   0x08002635   Thumb Code    74  sys_stackheap_outer.o(.text)
    __rt_ctype_table                         0x08002681   Thumb Code    16  rt_ctype_table.o(.text)
    __rt_locale                              0x08002691   Thumb Code     8  rt_locale_intlibspace.o(.text)
    __aeabi_errno_addr                       0x08002699   Thumb Code     8  rt_errno_addr_intlibspace.o(.text)
    __errno$intlibspace                      0x08002699   Thumb Code     0  rt_errno_addr_intlibspace.o(.text)
    __rt_errno_addr$intlibspace              0x08002699   Thumb Code     0  rt_errno_addr_intlibspace.o(.text)
    free                                     0x080026a1   Thumb Code    78  h1_free.o(.text)
    __aeabi_llsl                             0x080026ef   Thumb Code     0  llshl.o(.text)
    _ll_shift_l                              0x080026ef   Thumb Code    38  llshl.o(.text)
    _printf_fp_infnan                        0x08002715   Thumb Code   112  _printf_fp_infnan.o(.text)
    _btod_etento                             0x08002795   Thumb Code   224  bigflt0.o(.text)
    __flsbuf                                 0x08002879   Thumb Code   482  flsbuf.o(.text)
    __flsbuf_byte                            0x08002879   Thumb Code     0  flsbuf.o(.text)
    __flsbuf_wide                            0x08002879   Thumb Code     0  flsbuf.o(.text)
    setvbuf                                  0x08002a5b   Thumb Code    70  setvbuf.o(.text)
    freopen                                  0x08002aa1   Thumb Code   160  fopen.o(.text)
    fopen                                    0x08002b41   Thumb Code    74  fopen.o(.text)
    _fclose_internal                         0x08002b91   Thumb Code    76  fclose.o(.text)
    fclose                                   0x08002b91   Thumb Code     0  fclose.o(.text)
    exit                                     0x08002bdd   Thumb Code    18  exit.o(.text)
    __rt_SIGRTRED                            0x08002bef   Thumb Code    14  defsig_rtred_outer.o(.text)
    __user_libspace                          0x08002bfd   Thumb Code     8  libspace.o(.text)
    __user_perproc_libspace                  0x08002bfd   Thumb Code     0  libspace.o(.text)
    __user_perthread_libspace                0x08002bfd   Thumb Code     0  libspace.o(.text)
    __rt_heap_descriptor                     0x08002c05   Thumb Code     8  rt_heap_descriptor_intlibspace.o(.text)
    __use_no_heap                            0x08002c0d   Thumb Code     2  hguard.o(.text)
    __heap$guard                             0x08002c0f   Thumb Code     2  hguard.o(.text)
    _terminate_user_alloc                    0x08002c11   Thumb Code     2  init_alloc.o(.text)
    _init_user_alloc                         0x08002c13   Thumb Code     2  init_alloc.o(.text)
    __Heap_Full                              0x08002c15   Thumb Code    34  init_alloc.o(.text)
    __Heap_Broken                            0x08002c37   Thumb Code     6  init_alloc.o(.text)
    _init_alloc                              0x08002c3d   Thumb Code    94  init_alloc.o(.text)
    malloc                                   0x08002c9b   Thumb Code    94  h1_alloc.o(.text)
    __read_errno                             0x08002cf9   Thumb Code    10  _rserrno.o(.text)
    __set_errno                              0x08002d03   Thumb Code    12  _rserrno.o(.text)
    _scanf_really_hex_real                   0x08002d11   Thumb Code   786  scanf_hexfp.o(.text)
    _scanf_really_infnan                     0x08003031   Thumb Code   292  scanf_infnan.o(.text)
    _fseek                                   0x08003165   Thumb Code   242  fseek.o(.text)
    fseek                                    0x08003165   Thumb Code     0  fseek.o(.text)
    _seterr                                  0x0800325d   Thumb Code    20  stdio.o(.text)
    _writebuf                                0x08003271   Thumb Code   108  stdio.o(.text)
    _fflush                                  0x080032dd   Thumb Code    70  stdio.o(.text)
    _deferredlazyseek                        0x08003323   Thumb Code    60  stdio.o(.text)
    __sig_exit                               0x08003365   Thumb Code    10  defsig_exit.o(.text)
    __rt_SIGRTRED_inner                      0x08003371   Thumb Code    14  defsig_rtred_inner.o(.text)
    _sys_exit                                0x080033a5   Thumb Code     8  sys_exit.o(.text)
    __Heap_Initialize                        0x080033b1   Thumb Code     8  h1_init.o(.text)
    _maybe_terminate_alloc                   0x080033b1   Thumb Code     0  maybetermalloc1.o(.text)
    __Heap_DescSize                          0x080033b9   Thumb Code     4  h1_init.o(.text)
    __Heap_ProvideMemory                     0x080033bd   Thumb Code    52  h1_extend.o(.text)
    _ftell_internal                          0x080033f1   Thumb Code    66  ftell.o(.text)
    ftell                                    0x080033f1   Thumb Code     0  ftell.o(.text)
    __default_signal_display                 0x08003433   Thumb Code    50  defsig_general.o(.text)
    __rt_SIGRTMEM                            0x08003465   Thumb Code    14  defsig_rtmem_outer.o(.text)
    _ttywrch                                 0x08003473   Thumb Code    14  sys_wrch.o(.text)
    __I$use$semihosting                      0x08003481   Thumb Code     0  use_no_semi.o(.text)
    __use_no_semihosting_swi                 0x08003481   Thumb Code     2  use_no_semi.o(.text)
    __semihosting_library_function           0x08003483   Thumb Code     0  indicate_semi.o(.text)
    __rt_SIGRTMEM_inner                      0x08003485   Thumb Code    22  defsig_rtmem_inner.o(.text)
    DMA1_Channel7_IRQHandler                 0x080034d5   Thumb Code    60  uart.o(.text.DMA1_Channel7_IRQHandler)
    GetKeyPressed                            0x08003511   Thumb Code   204  keypad.o(.text.GetKeyPressed)
    GetMessage                               0x080035dd   Thumb Code    78  messages.o(.text.GetMessage)
    GetTimer                                 0x0800362d   Thumb Code    26  timers.o(.text.GetTimer)
    I2C1_EV_IRQHandler                       0x08003649   Thumb Code   348  i2cfram.o(.text.I2C1_EV_IRQHandler)
    ITM_SendChar                             0x080037a5   Thumb Code    66  retarget_io.o(.text.ITM_SendChar)
    InitKpd4                                 0x080037e9   Thumb Code   126  keypad.o(.text.InitKpd4)
    InitMessages                             0x08003869   Thumb Code    46  messages.o(.text.InitMessages)
    InitTimers                               0x08003899   Thumb Code    46  timers.o(.text.InitTimers)
    InitUartDMA                              0x080038c9   Thumb Code   446  uart.o(.text.InitUartDMA)
    LL_GPIO_Init                             0x08003da1   Thumb Code   218  stm32f3xx_ll_gpio.o(.text.LL_GPIO_Init)
    LL_Init1msTick                           0x08004301   Thumb Code    20  stm32f3xx_ll_utils.o(.text.LL_Init1msTick)
    LL_RCC_GetUSARTClockFreq                 0x0800439d   Thumb Code   386  stm32f3xx_ll_rcc.o(.text.LL_RCC_GetUSARTClockFreq)
    LL_SetSystemCoreClock                    0x080046b5   Thumb Code    20  stm32f3xx_ll_utils.o(.text.LL_SetSystemCoreClock)
    ProcTm1                                  0x080048f1   Thumb Code   278  fsm_tm.o(.text.ProcTm1)
    ProcTm2                                  0x08004a09   Thumb Code   304  fsm_tm.o(.text.ProcTm2)
    ProcesLedkey                             0x08004b39   Thumb Code   318  main.o(.text.ProcesLedkey)
    ProcessFsmMain                           0x08004c79   Thumb Code   922  fsm_main.o(.text.ProcessFsmMain)
    ProcessFsmTm                             0x08005015   Thumb Code   196  fsm_tm.o(.text.ProcessFsmTm)
    ProcessKeyKpd4                           0x080050d9   Thumb Code   112  keypad.o(.text.ProcessKeyKpd4)
    ProcessMessages                          0x08005149   Thumb Code   106  messages.o(.text.ProcessMessages)
    ProcessTimers                            0x080051b5   Thumb Code    50  timers.o(.text.ProcessTimers)
    ProcessTmInstance                        0x080051e9   Thumb Code   370  fsm_tm.o(.text.ProcessTmInstance)
    RCC_GetHCLKClockFreq                     0x0800535d   Thumb Code    38  stm32f3xx_ll_rcc.o(.text.RCC_GetHCLKClockFreq)
    RCC_GetPCLK1ClockFreq                    0x08005385   Thumb Code    36  stm32f3xx_ll_rcc.o(.text.RCC_GetPCLK1ClockFreq)
    RCC_GetPCLK2ClockFreq                    0x080053a9   Thumb Code    36  stm32f3xx_ll_rcc.o(.text.RCC_GetPCLK2ClockFreq)
    RCC_GetSystemClockFreq                   0x080053cd   Thumb Code    86  stm32f3xx_ll_rcc.o(.text.RCC_GetSystemClockFreq)
    RCC_PLL_GetFreqDomain_SYS                0x08005425   Thumb Code   132  stm32f3xx_ll_rcc.o(.text.RCC_PLL_GetFreqDomain_SYS)
    ResetTimer                               0x080054a9   Thumb Code    28  timers.o(.text.ResetTimer)
    SendMessage                              0x080054c5   Thumb Code    36  messages.o(.text.SendMessage)
    SysTick_Handler                          0x080054e9   Thumb Code     8  timers.o(.text.SysTick_Handler)
    SystemClock_Config                       0x080054f1   Thumb Code   122  main.o(.text.SystemClock_Config)
    SystemCoreClockUpdate                    0x0800556d   Thumb Code   272  system_stm32f3xx.o(.text.SystemCoreClockUpdate)
    SystemInit                               0x0800567d   Thumb Code    18  system_stm32f3xx.o(.text.SystemInit)
    USART2_IRQHandler                        0x08005691   Thumb Code   352  uart.o(.text.USART2_IRQHandler)
    _sys_close                               0x080058d9   Thumb Code    74  retarget_io.o(.text._sys_close)
    _sys_flen                                0x08005925   Thumb Code    72  retarget_io.o(.text._sys_flen)
    _sys_istty                               0x0800596d   Thumb Code    72  retarget_io.o(.text._sys_istty)
    _sys_open                                0x080059b5   Thumb Code   132  retarget_io.o(.text._sys_open)
    _sys_seek                                0x08005a39   Thumb Code    82  retarget_io.o(.text._sys_seek)
    _sys_write                               0x08005a8d   Thumb Code   118  retarget_io.o(.text._sys_write)
    i2cFRAM_rd                               0x08005b05   Thumb Code   212  i2cfram.o(.text.i2cFRAM_rd)
    i2cFRAM_wr                               0x08005bd9   Thumb Code   248  i2cfram.o(.text.i2cFRAM_wr)
    init_I2C_FRAM                            0x08005cd1   Thumb Code   194  i2cfram.o(.text.init_I2C_FRAM)
    main                                     0x08005d95   Thumb Code   148  main.o(.text.main)
    scankeypad                               0x08005e29   Thumb Code   138  keypad.o(.text.scankeypad)
    uart_transmit                            0x08005ec5   Thumb Code   110  uart.o(.text.uart_transmit)
    _btod_d2e                                0x08005f33   Thumb Code    62  btod.o(CL$$btod_d2e)
    _d2e_denorm_low                          0x08005f71   Thumb Code    70  btod.o(CL$$btod_d2e_denorm_low)
    _d2e_norm_op1                            0x08005fb7   Thumb Code    96  btod.o(CL$$btod_d2e_norm_op1)
    __btod_div_common                        0x08006019   Thumb Code   696  btod.o(CL$$btod_div_common)
    _e2d                                     0x08006351   Thumb Code   122  btod.o(CL$$btod_e2d)
    _e2e                                     0x080063d5   Thumb Code   220  btod.o(CL$$btod_e2e)
    _btod_ediv                               0x080064b1   Thumb Code    42  btod.o(CL$$btod_ediv)
    _btod_edivd                              0x080064db   Thumb Code    42  btod.o(CL$$btod_edivd)
    _btod_emul                               0x08006505   Thumb Code    42  btod.o(CL$$btod_emul)
    _btod_emuld                              0x0800652f   Thumb Code    42  btod.o(CL$$btod_emuld)
    __btod_mult_common                       0x08006559   Thumb Code   580  btod.o(CL$$btod_mult_common)
    __ARM_fpclassify                         0x0800679d   Thumb Code    48  fpclassify.o(i.__ARM_fpclassify)
    __hardfp___mathlib_tofloat               0x080067d1   Thumb Code   232  narrow.o(i.__hardfp___mathlib_tofloat)
    __hardfp_ldexp                           0x080068c9   Thumb Code   200  ldexp.o(i.__hardfp_ldexp)
    __mathlib_dbl_overflow                   0x08006999   Thumb Code    24  dunder.o(i.__mathlib_dbl_overflow)
    __mathlib_dbl_underflow                  0x080069b9   Thumb Code    24  dunder.o(i.__mathlib_dbl_underflow)
    __mathlib_narrow                         0x080069d9   Thumb Code    18  narrow.o(i.__mathlib_narrow)
    __support_ldexp                          0x080069eb   Thumb Code    20  ldexp.o(i.__support_ldexp)
    _is_digit                                0x080069ff   Thumb Code    14  __printf_wp.o(i._is_digit)
    fputc                                    0x08006a0d   Thumb Code    28  fputc.o(i.fputc)
    frexp                                    0x08006a29   Thumb Code   118  frexp.o(i.frexp)
    _get_lc_numeric                          0x08006ab5   Thumb Code    44  lc_numeric_c.o(locale$$code)
    _get_lc_ctype                            0x08006ae1   Thumb Code    44  lc_ctype_c.o(locale$$code)
    __aeabi_d2f                              0x08006b0d   Thumb Code     0  d2f.o(x$fpl$d2f)
    _d2f                                     0x08006b0d   Thumb Code    98  d2f.o(x$fpl$d2f)
    __fpl_dcheck_NaN1                        0x08006b71   Thumb Code    10  dcheck1.o(x$fpl$dcheck1)
    __fpl_dcmp_Inf                           0x08006b81   Thumb Code    24  dcmpi.o(x$fpl$dcmpinf)
    __aeabi_cdcmpeq                          0x08006b99   Thumb Code     0  deqf.o(x$fpl$deqf)
    _dcmpeq                                  0x08006b99   Thumb Code   120  deqf.o(x$fpl$deqf)
    __aeabi_cdcmple                          0x08006c11   Thumb Code     0  dleqf.o(x$fpl$dleqf)
    _dcmple                                  0x08006c11   Thumb Code   120  dleqf.o(x$fpl$dleqf)
    __fpl_dcmple_InfNaN                      0x08006c73   Thumb Code     0  dleqf.o(x$fpl$dleqf)
    __aeabi_dmul                             0x08006c89   Thumb Code     0  dmul.o(x$fpl$dmul)
    _dmul                                    0x08006c89   Thumb Code   332  dmul.o(x$fpl$dmul)
    __fpl_dnaninf                            0x08006ddd   Thumb Code   156  dnaninf.o(x$fpl$dnaninf)
    __fpl_dretinf                            0x08006e79   Thumb Code    12  dretinf.o(x$fpl$dretinf)
    __aeabi_cdrcmple                         0x08006e85   Thumb Code     0  drleqf.o(x$fpl$drleqf)
    _drcmple                                 0x08006e85   Thumb Code   108  drleqf.o(x$fpl$drleqf)
    _fp_init                                 0x08006ef1   Thumb Code    26  fpinit.o(x$fpl$fpinit)
    __fplib_config_fpu_vfp                   0x08006f09   Thumb Code     0  fpinit.o(x$fpl$fpinit)
    __fplib_config_pureend_doubles           0x08006f09   Thumb Code     0  fpinit.o(x$fpl$fpinit)
    __fpl_fretinf                            0x08006f0b   Thumb Code    10  fretinf.o(x$fpl$fretinf)
    __ieee_status                            0x08006f15   Thumb Code     6  istatus.o(x$fpl$ieeestatus)
    _printf_fp_dec                           0x08006f1b   Thumb Code     4  printf1.o(x$fpl$printf1)
    _printf_fp_hex                           0x08006f1f   Thumb Code     4  printf2.o(x$fpl$printf2)
    __fpl_return_NaN                         0x08006f23   Thumb Code   100  retnan.o(x$fpl$retnan)
    __ARM_scalbn                             0x08006f87   Thumb Code    92  scalbn.o(x$fpl$scalbn)
    _scanf_real                              0x08006fe3   Thumb Code     4  scanf1.o(x$fpl$scanf1)
    _scanf_hex_real                          0x08006fe7   Thumb Code     4  scanf2.o(x$fpl$scanf2)
    _scanf_infnan                            0x08006feb   Thumb Code     4  scanf2.o(x$fpl$scanf2)
    __fpl_cmpreturn                          0x08006fef   Thumb Code    48  trapv.o(x$fpl$trapveneer)
    __I$use$fp                               0x0800701e   Number         0  usenofp.o(x$fpl$usenofp)
    AHBPrescTable                            0x0800711c   Data          16  system_stm32f3xx.o(.rodata.AHBPrescTable)
    APBPrescTable                            0x0800712c   Data           8  system_stm32f3xx.o(.rodata.APBPrescTable)
    __stderr_name                            0x0800713b   Data           8  retarget_io.o(.rodata.__stderr_name)
    __stdin_name                             0x08007143   Data           7  retarget_io.o(.rodata.__stdin_name)
    __stdout_name                            0x0800714a   Data           8  retarget_io.o(.rodata.__stdout_name)
    Region$$Table$$Base                      0x0800728c   Number         0  anon$$obj.o(Region$$Table)
    Region$$Table$$Limit                     0x080072ac   Number         0  anon$$obj.o(Region$$Table)
    __aeabi_HUGE_VAL                         0x080072ac   Data           0  fpconst.o(c$$dinf)
    __aeabi_HUGE_VALL                        0x080072ac   Data           0  fpconst.o(c$$dinf)
    __aeabi_INFINITY                         0x080072ac   Data           0  fpconst.o(c$$dinf)
    __dInf                                   0x080072ac   Data           0  fpconst.o(c$$dinf)
    __huge_val                               0x080072ac   Data           0  fpconst.o(c$$dinf)
    __dbl_max                                0x080072b4   Data           0  fpconst.o(c$$dmax)
    __ctype                                  0x080072e5   Data           0  lc_ctype_c.o(locale$$data)
    __aeabi_stdin                            0x20000000   Data           4  stdio_streams.o(.data)
    __aeabi_stdout                           0x20000004   Data           4  stdio_streams.o(.data)
    __aeabi_stderr                           0x20000008   Data           4  stdio_streams.o(.data)
    SystemCoreClock                          0x2000000c   Data           4  system_stm32f3xx.o(.data.SystemCoreClock)
    __stdin                                  0x20000010   Data          84  stdio_streams.o(.bss)
    __stdout                                 0x20000064   Data          84  stdio_streams.o(.bss)
    __stderr                                 0x200000b8   Data          84  stdio_streams.o(.bss)
    __libspace_start                         0x2000010c   Data          96  libspace.o(.bss)
    __temporary_stack_top$libspace           0x2000016c   Data           0  libspace.o(.bss)
    iic_st                                   0x200002b2   Data           1  i2cfram.o(.bss.iic_st)
    lenfsm                                   0x200002b4   Data           4  fsm_main.o(.bss.lenfsm)
    leni2c                                   0x200002b8   Data           1  i2cfram.o(.bss.leni2c)
    lenuart                                  0x200002b9   Data           1  uart.o(.bss.lenuart)



==============================================================================

Memory Map of the image

  Image Entry point : 0x08000311

  Load Region LR_1 (Base: 0x08000000, Size: 0x000073f8, Max: 0xffffffff, ABSOLUTE)

    Execution Region ER_RO (Exec base: 0x08000000, Load base: 0x08000000, Size: 0x000073e8, Max: 0xffffffff, ABSOLUTE)

    Exec Addr    Load Addr    Size         Type   Attr      Idx    E Section Name        Object

    0x08000000   0x08000000   0x00000188   Data   RO          623    RESET               startup_stm32f303xc.o
    0x08000188   0x08000188   0x00000008   Code   RO          668  * !!!main             c_w.l(__main.o)
    0x08000190   0x08000190   0x0000005c   Code   RO         1302    !!!scatter          c_w.l(__scatter.o)
    0x080001ec   0x080001ec   0x0000001a   Code   RO         1306    !!handler_copy      c_w.l(__scatter_copy.o)
    0x08000206   0x08000206   0x00000002   PAD
    0x08000208   0x08000208   0x00000002   Code   RO         1303    !!handler_null      c_w.l(__scatter.o)
    0x0800020a   0x0800020a   0x00000002   PAD
    0x0800020c   0x0800020c   0x0000001c   Code   RO         1308    !!handler_zi        c_w.l(__scatter_zi.o)
    0x08000228   0x08000228   0x00000000   Code   RO          754    .ARM.Collect$$_printf_percent$$00000000  c_w.l(_printf_percent.o)
    0x08000228   0x08000228   0x00000006   Code   RO          743    .ARM.Collect$$_printf_percent$$00000001  c_w.l(_printf_n.o)
    0x0800022e   0x0800022e   0x00000006   Code   RO          745    .ARM.Collect$$_printf_percent$$00000002  c_w.l(_printf_p.o)
    0x08000234   0x08000234   0x00000006   Code   RO          750    .ARM.Collect$$_printf_percent$$00000003  c_w.l(_printf_f.o)
    0x0800023a   0x0800023a   0x00000006   Code   RO          751    .ARM.Collect$$_printf_percent$$00000004  c_w.l(_printf_e.o)
    0x08000240   0x08000240   0x00000006   Code   RO          752    .ARM.Collect$$_printf_percent$$00000005  c_w.l(_printf_g.o)
    0x08000246   0x08000246   0x00000006   Code   RO          753    .ARM.Collect$$_printf_percent$$00000006  c_w.l(_printf_a.o)
    0x0800024c   0x0800024c   0x0000000a   Code   RO          758    .ARM.Collect$$_printf_percent$$00000007  c_w.l(_printf_ll.o)
    0x08000256   0x08000256   0x00000006   Code   RO          747    .ARM.Collect$$_printf_percent$$00000008  c_w.l(_printf_i.o)
    0x0800025c   0x0800025c   0x00000006   Code   RO          748    .ARM.Collect$$_printf_percent$$00000009  c_w.l(_printf_d.o)
    0x08000262   0x08000262   0x00000006   Code   RO          749    .ARM.Collect$$_printf_percent$$0000000A  c_w.l(_printf_u.o)
    0x08000268   0x08000268   0x00000006   Code   RO          746    .ARM.Collect$$_printf_percent$$0000000B  c_w.l(_printf_o.o)
    0x0800026e   0x0800026e   0x00000006   Code   RO          744    .ARM.Collect$$_printf_percent$$0000000C  c_w.l(_printf_x.o)
    0x08000274   0x08000274   0x00000006   Code   RO          755    .ARM.Collect$$_printf_percent$$0000000D  c_w.l(_printf_lli.o)
    0x0800027a   0x0800027a   0x00000006   Code   RO          756    .ARM.Collect$$_printf_percent$$0000000E  c_w.l(_printf_lld.o)
    0x08000280   0x08000280   0x00000006   Code   RO          757    .ARM.Collect$$_printf_percent$$0000000F  c_w.l(_printf_llu.o)
    0x08000286   0x08000286   0x00000006   Code   RO          762    .ARM.Collect$$_printf_percent$$00000010  c_w.l(_printf_llo.o)
    0x0800028c   0x0800028c   0x00000006   Code   RO          763    .ARM.Collect$$_printf_percent$$00000011  c_w.l(_printf_llx.o)
    0x08000292   0x08000292   0x0000000a   Code   RO          759    .ARM.Collect$$_printf_percent$$00000012  c_w.l(_printf_l.o)
    0x0800029c   0x0800029c   0x00000006   Code   RO          741    .ARM.Collect$$_printf_percent$$00000013  c_w.l(_printf_c.o)
    0x080002a2   0x080002a2   0x00000006   Code   RO          742    .ARM.Collect$$_printf_percent$$00000014  c_w.l(_printf_s.o)
    0x080002a8   0x080002a8   0x00000006   Code   RO          760    .ARM.Collect$$_printf_percent$$00000015  c_w.l(_printf_lc.o)
    0x080002ae   0x080002ae   0x00000006   Code   RO          761    .ARM.Collect$$_printf_percent$$00000016  c_w.l(_printf_ls.o)
    0x080002b4   0x080002b4   0x00000004   Code   RO          832    .ARM.Collect$$_printf_percent$$00000017  c_w.l(_printf_percent_end.o)
    0x080002b8   0x080002b8   0x00000002   Code   RO          994    .ARM.Collect$$libinit$$00000000  c_w.l(libinit.o)
    0x080002ba   0x080002ba   0x00000004   Code   RO          995    .ARM.Collect$$libinit$$00000001  c_w.l(libinit2.o)
    0x080002be   0x080002be   0x00000000   Code   RO          998    .ARM.Collect$$libinit$$00000004  c_w.l(libinit2.o)
    0x080002be   0x080002be   0x00000000   Code   RO         1000    .ARM.Collect$$libinit$$00000006  c_w.l(libinit2.o)
    0x080002be   0x080002be   0x00000008   Code   RO         1001    .ARM.Collect$$libinit$$00000007  c_w.l(libinit2.o)
    0x080002c6   0x080002c6   0x00000000   Code   RO         1003    .ARM.Collect$$libinit$$0000000C  c_w.l(libinit2.o)
    0x080002c6   0x080002c6   0x00000000   Code   RO         1005    .ARM.Collect$$libinit$$0000000E  c_w.l(libinit2.o)
    0x080002c6   0x080002c6   0x00000000   Code   RO         1007    .ARM.Collect$$libinit$$00000010  c_w.l(libinit2.o)
    0x080002c6   0x080002c6   0x00000006   Code   RO         1008    .ARM.Collect$$libinit$$00000011  c_w.l(libinit2.o)
    0x080002cc   0x080002cc   0x00000000   Code   RO         1010    .ARM.Collect$$libinit$$00000013  c_w.l(libinit2.o)
    0x080002cc   0x080002cc   0x0000000c   Code   RO         1011    .ARM.Collect$$libinit$$00000014  c_w.l(libinit2.o)
    0x080002d8   0x080002d8   0x00000000   Code   RO         1012    .ARM.Collect$$libinit$$00000015  c_w.l(libinit2.o)
    0x080002d8   0x080002d8   0x00000000   Code   RO         1014    .ARM.Collect$$libinit$$00000017  c_w.l(libinit2.o)
    0x080002d8   0x080002d8   0x0000000a   Code   RO         1015    .ARM.Collect$$libinit$$00000018  c_w.l(libinit2.o)
    0x080002e2   0x080002e2   0x00000000   Code   RO         1016    .ARM.Collect$$libinit$$00000019  c_w.l(libinit2.o)
    0x080002e2   0x080002e2   0x00000000   Code   RO         1018    .ARM.Collect$$libinit$$0000001B  c_w.l(libinit2.o)
    0x080002e2   0x080002e2   0x00000000   Code   RO         1020    .ARM.Collect$$libinit$$0000001D  c_w.l(libinit2.o)
    0x080002e2   0x080002e2   0x00000000   Code   RO         1022    .ARM.Collect$$libinit$$0000001F  c_w.l(libinit2.o)
    0x080002e2   0x080002e2   0x00000000   Code   RO         1024    .ARM.Collect$$libinit$$00000021  c_w.l(libinit2.o)
    0x080002e2   0x080002e2   0x00000000   Code   RO         1026    .ARM.Collect$$libinit$$00000023  c_w.l(libinit2.o)
    0x080002e2   0x080002e2   0x00000000   Code   RO         1028    .ARM.Collect$$libinit$$00000025  c_w.l(libinit2.o)
    0x080002e2   0x080002e2   0x00000004   Code   RO         1029    .ARM.Collect$$libinit$$00000026  c_w.l(libinit2.o)
    0x080002e6   0x080002e6   0x00000000   Code   RO         1030    .ARM.Collect$$libinit$$00000027  c_w.l(libinit2.o)
    0x080002e6   0x080002e6   0x00000000   Code   RO         1034    .ARM.Collect$$libinit$$0000002E  c_w.l(libinit2.o)
    0x080002e6   0x080002e6   0x00000000   Code   RO         1036    .ARM.Collect$$libinit$$00000030  c_w.l(libinit2.o)
    0x080002e6   0x080002e6   0x00000000   Code   RO         1038    .ARM.Collect$$libinit$$00000032  c_w.l(libinit2.o)
    0x080002e6   0x080002e6   0x00000000   Code   RO         1040    .ARM.Collect$$libinit$$00000034  c_w.l(libinit2.o)
    0x080002e6   0x080002e6   0x00000002   Code   RO         1041    .ARM.Collect$$libinit$$00000035  c_w.l(libinit2.o)
    0x080002e8   0x080002e8   0x00000002   Code   RO         1247    .ARM.Collect$$libshutdown$$00000000  c_w.l(libshutdown.o)
    0x080002ea   0x080002ea   0x00000000   Code   RO         1043    .ARM.Collect$$libshutdown$$00000002  c_w.l(libshutdown2.o)
    0x080002ea   0x080002ea   0x00000004   Code   RO         1044    .ARM.Collect$$libshutdown$$00000003  c_w.l(libshutdown2.o)
    0x080002ee   0x080002ee   0x00000000   Code   RO         1045    .ARM.Collect$$libshutdown$$00000004  c_w.l(libshutdown2.o)
    0x080002ee   0x080002ee   0x00000000   Code   RO         1048    .ARM.Collect$$libshutdown$$00000007  c_w.l(libshutdown2.o)
    0x080002ee   0x080002ee   0x00000000   Code   RO         1051    .ARM.Collect$$libshutdown$$0000000A  c_w.l(libshutdown2.o)
    0x080002ee   0x080002ee   0x00000000   Code   RO         1053    .ARM.Collect$$libshutdown$$0000000C  c_w.l(libshutdown2.o)
    0x080002ee   0x080002ee   0x00000000   Code   RO         1056    .ARM.Collect$$libshutdown$$0000000F  c_w.l(libshutdown2.o)
    0x080002ee   0x080002ee   0x00000002   Code   RO         1057    .ARM.Collect$$libshutdown$$00000010  c_w.l(libshutdown2.o)
    0x080002f0   0x080002f0   0x00000000   Code   RO          670    .ARM.Collect$$rtentry$$00000000  c_w.l(__rtentry.o)
    0x080002f0   0x080002f0   0x00000000   Code   RO          799    .ARM.Collect$$rtentry$$00000002  c_w.l(__rtentry2.o)
    0x080002f0   0x080002f0   0x00000006   Code   RO          811    .ARM.Collect$$rtentry$$00000004  c_w.l(__rtentry4.o)
    0x080002f6   0x080002f6   0x00000000   Code   RO          801    .ARM.Collect$$rtentry$$00000009  c_w.l(__rtentry2.o)
    0x080002f6   0x080002f6   0x00000004   Code   RO          802    .ARM.Collect$$rtentry$$0000000A  c_w.l(__rtentry2.o)
    0x080002fa   0x080002fa   0x00000000   Code   RO          804    .ARM.Collect$$rtentry$$0000000C  c_w.l(__rtentry2.o)
    0x080002fa   0x080002fa   0x00000008   Code   RO          805    .ARM.Collect$$rtentry$$0000000D  c_w.l(__rtentry2.o)
    0x08000302   0x08000302   0x00000002   Code   RO         1086    .ARM.Collect$$rtexit$$00000000  c_w.l(rtexit.o)
    0x08000304   0x08000304   0x00000000   Code   RO         1163    .ARM.Collect$$rtexit$$00000002  c_w.l(rtexit2.o)
    0x08000304   0x08000304   0x00000004   Code   RO         1164    .ARM.Collect$$rtexit$$00000003  c_w.l(rtexit2.o)
    0x08000308   0x08000308   0x00000006   Code   RO         1165    .ARM.Collect$$rtexit$$00000004  c_w.l(rtexit2.o)
    0x0800030e   0x0800030e   0x00000002   PAD
    0x08000310   0x08000310   0x00000040   Code   RO          624  * .text               startup_stm32f303xc.o
    0x08000350   0x08000350   0x00000018   Code   RO          646    .text               c_w.l(printf.o)
    0x08000368   0x08000368   0x0000002c   Code   RO          648    .text               c_w.l(sprintf.o)
    0x08000394   0x08000394   0x0000003c   Code   RO          650    .text               c_w.l(sscanf.o)
    0x080003d0   0x080003d0   0x00000014   Code   RO          652    .text               c_w.l(strchr.o)
    0x080003e4   0x080003e4   0x00000048   Code   RO          654    .text               c_w.l(strcpy.o)
    0x0800042c   0x0800042c   0x0000003e   Code   RO          656    .text               c_w.l(strlen.o)
    0x0800046a   0x0800046a   0x00000096   Code   RO          658    .text               c_w.l(strncmp.o)
    0x08000500   0x08000500   0x0000008a   Code   RO          660    .text               c_w.l(rt_memcpy_v6.o)
    0x0800058a   0x0800058a   0x0000004e   Code   RO          662    .text               c_w.l(rt_memclr_w.o)
    0x080005d8   0x080005d8   0x0000007c   Code   RO          664    .text               c_w.l(strcmpv7em.o)
    0x08000654   0x08000654   0x00000006   Code   RO          666    .text               c_w.l(heapauxi.o)
    0x0800065a   0x0800065a   0x0000004e   Code   RO          673    .text               c_w.l(_printf_pad.o)
    0x080006a8   0x080006a8   0x00000024   Code   RO          675    .text               c_w.l(_printf_truncate.o)
    0x080006cc   0x080006cc   0x00000052   Code   RO          677    .text               c_w.l(_printf_str.o)
    0x0800071e   0x0800071e   0x00000002   PAD
    0x08000720   0x08000720   0x00000078   Code   RO          679    .text               c_w.l(_printf_dec.o)
    0x08000798   0x08000798   0x00000028   Code   RO          681    .text               c_w.l(_printf_charcount.o)
    0x080007c0   0x080007c0   0x00000030   Code   RO          683    .text               c_w.l(_printf_char_common.o)
    0x080007f0   0x080007f0   0x0000000a   Code   RO          685    .text               c_w.l(_sputc.o)
    0x080007fa   0x080007fa   0x00000002   PAD
    0x080007fc   0x080007fc   0x00000024   Code   RO          687    .text               c_w.l(_printf_char_file.o)
    0x08000820   0x08000820   0x000000bc   Code   RO          689    .text               c_w.l(_printf_wctomb.o)
    0x080008dc   0x080008dc   0x0000007c   Code   RO          692    .text               c_w.l(_printf_longlong_dec.o)
    0x08000958   0x08000958   0x00000070   Code   RO          698    .text               c_w.l(_printf_oct_int_ll.o)
    0x080009c8   0x080009c8   0x00000094   Code   RO          718    .text               c_w.l(_printf_hex_int_ll_ptr.o)
    0x08000a5c   0x08000a5c   0x00000188   Code   RO          738    .text               c_w.l(__printf_flags_ss_wp.o)
    0x08000be4   0x08000be4   0x00000156   Code   RO          764    .text               c_w.l(_scanf_longlong.o)
    0x08000d3a   0x08000d3a   0x0000014c   Code   RO          766    .text               c_w.l(_scanf_int.o)
    0x08000e86   0x08000e86   0x000000e0   Code   RO          768    .text               c_w.l(_scanf_str.o)
    0x08000f66   0x08000f66   0x00000002   PAD
    0x08000f68   0x08000f68   0x0000002c   Code   RO          770    .text               c_w.l(scanf_char.o)
    0x08000f94   0x08000f94   0x00000040   Code   RO          772    .text               c_w.l(_sgetc.o)
    0x08000fd4   0x08000fd4   0x00000114   Code   RO          774    .text               c_w.l(_scanf_mbtowc.o)
    0x080010e8   0x080010e8   0x000000e8   Code   RO          776    .text               c_w.l(_scanf_wctomb.o)
    0x080011d0   0x080011d0   0x000000d0   Code   RO          778    .text               c_w.l(_scanf_wstr.o)
    0x080012a0   0x080012a0   0x00000064   Code   RO          786    .text               c_w.l(rt_memcpy_w.o)
    0x08001304   0x08001304   0x0000008a   Code   RO          813    .text               c_w.l(lludiv10.o)
    0x0800138e   0x0800138e   0x00000012   Code   RO          815    .text               c_w.l(isspace.o)
    0x080013a0   0x080013a0   0x000000b2   Code   RO          817    .text               c_w.l(_printf_intcommon.o)
    0x08001452   0x08001452   0x0000041c   Code   RO          819    .text               c_w.l(_printf_fp_dec.o)
    0x0800186e   0x0800186e   0x00000002   PAD
    0x08001870   0x08001870   0x000002fc   Code   RO          823    .text               c_w.l(_printf_fp_hex.o)
    0x08001b6c   0x08001b6c   0x0000002c   Code   RO          828    .text               c_w.l(_printf_char.o)
    0x08001b98   0x08001b98   0x0000002c   Code   RO          830    .text               c_w.l(_printf_wchar.o)
    0x08001bc4   0x08001bc4   0x0000001c   Code   RO          833    .text               c_w.l(_chval.o)
    0x08001be0   0x08001be0   0x00000374   Code   RO          835    .text               c_w.l(_scanf.o)
    0x08001f54   0x08001f54   0x000004f8   Code   RO          837    .text               c_w.l(scanf_fp.o)
    0x0800244c   0x0800244c   0x0000001e   Code   RO          841    .text               c_w.l(_scanf_wcharmap.o)
    0x0800246a   0x0800246a   0x00000008   Code   RO          843    .text               c_w.l(ferror.o)
    0x08002472   0x08002472   0x00000002   PAD
    0x08002474   0x08002474   0x00000138   Code   RO          849    .text               c_w.l(initio.o)
    0x080025ac   0x080025ac   0x00000040   Code   RO          857    .text               c_w.l(_mbrtoc16.o)
    0x080025ec   0x080025ec   0x00000048   Code   RO          859    .text               c_w.l(_c16rtomb.o)
    0x08002634   0x08002634   0x0000004a   Code   RO          863    .text               c_w.l(sys_stackheap_outer.o)
    0x0800267e   0x0800267e   0x00000002   PAD
    0x08002680   0x08002680   0x00000010   Code   RO          865    .text               c_w.l(rt_ctype_table.o)
    0x08002690   0x08002690   0x00000008   Code   RO          870    .text               c_w.l(rt_locale_intlibspace.o)
    0x08002698   0x08002698   0x00000008   Code   RO          875    .text               c_w.l(rt_errno_addr_intlibspace.o)
    0x080026a0   0x080026a0   0x0000004e   Code   RO          879    .text               c_w.l(h1_free.o)
    0x080026ee   0x080026ee   0x00000026   Code   RO          933    .text               c_w.l(llshl.o)
    0x08002714   0x08002714   0x00000080   Code   RO          935    .text               c_w.l(_printf_fp_infnan.o)
    0x08002794   0x08002794   0x000000e4   Code   RO          937    .text               c_w.l(bigflt0.o)
    0x08002878   0x08002878   0x000001e2   Code   RO          967    .text               c_w.l(flsbuf.o)
    0x08002a5a   0x08002a5a   0x00000046   Code   RO          969    .text               c_w.l(setvbuf.o)
    0x08002aa0   0x08002aa0   0x000000f0   Code   RO          972    .text               c_w.l(fopen.o)
    0x08002b90   0x08002b90   0x0000004c   Code   RO          974    .text               c_w.l(fclose.o)
    0x08002bdc   0x08002bdc   0x00000012   Code   RO          983    .text               c_w.l(exit.o)
    0x08002bee   0x08002bee   0x0000000e   Code   RO          985    .text               c_w.l(defsig_rtred_outer.o)
    0x08002bfc   0x08002bfc   0x00000008   Code   RO         1083    .text               c_w.l(libspace.o)
    0x08002c04   0x08002c04   0x00000008   Code   RO         1093    .text               c_w.l(rt_heap_descriptor_intlibspace.o)
    0x08002c0c   0x08002c0c   0x00000004   Code   RO         1095    .text               c_w.l(hguard.o)
    0x08002c10   0x08002c10   0x0000008a   Code   RO         1097    .text               c_w.l(init_alloc.o)
    0x08002c9a   0x08002c9a   0x0000005e   Code   RO         1103    .text               c_w.l(h1_alloc.o)
    0x08002cf8   0x08002cf8   0x00000016   Code   RO         1115    .text               c_w.l(_rserrno.o)
    0x08002d0e   0x08002d0e   0x00000002   PAD
    0x08002d10   0x08002d10   0x00000320   Code   RO         1119    .text               c_w.l(scanf_hexfp.o)
    0x08003030   0x08003030   0x00000134   Code   RO         1121    .text               c_w.l(scanf_infnan.o)
    0x08003164   0x08003164   0x000000f8   Code   RO         1125    .text               c_w.l(fseek.o)
    0x0800325c   0x0800325c   0x00000108   Code   RO         1127    .text               c_w.l(stdio.o)
    0x08003364   0x08003364   0x0000000a   Code   RO         1136    .text               c_w.l(defsig_exit.o)
    0x0800336e   0x0800336e   0x00000002   PAD
    0x08003370   0x08003370   0x00000034   Code   RO         1138    .text               c_w.l(defsig_rtred_inner.o)
    0x080033a4   0x080033a4   0x0000000c   Code   RO         1158    .text               c_w.l(sys_exit.o)
    0x080033b0   0x080033b0   0x00000000   Code   RO         1169    .text               c_w.l(maybetermalloc1.o)
    0x080033b0   0x080033b0   0x0000000c   Code   RO         1171    .text               c_w.l(h1_init.o)
    0x080033bc   0x080033bc   0x00000034   Code   RO         1173    .text               c_w.l(h1_extend.o)
    0x080033f0   0x080033f0   0x00000042   Code   RO         1185    .text               c_w.l(ftell.o)
    0x08003432   0x08003432   0x00000032   Code   RO         1193    .text               c_w.l(defsig_general.o)
    0x08003464   0x08003464   0x0000000e   Code   RO         1195    .text               c_w.l(defsig_rtmem_outer.o)
    0x08003472   0x08003472   0x0000000e   Code   RO         1226    .text               c_w.l(sys_wrch.o)
    0x08003480   0x08003480   0x00000002   Code   RO         1234    .text               c_w.l(use_no_semi.o)
    0x08003482   0x08003482   0x00000000   Code   RO         1236    .text               c_w.l(indicate_semi.o)
    0x08003482   0x08003482   0x00000002   PAD
    0x08003484   0x08003484   0x00000050   Code   RO         1241    .text               c_w.l(defsig_rtmem_inner.o)
    0x080034d4   0x080034d4   0x0000003c   Code   RO          258    .text.DMA1_Channel7_IRQHandler  uart.o
    0x08003510   0x08003510   0x000000cc   Code   RO          135    .text.GetKeyPressed  keypad.o
    0x080035dc   0x080035dc   0x0000004e   Code   RO          158    .text.GetMessage    messages.o
    0x0800362a   0x0800362a   0x00000002   PAD
    0x0800362c   0x0800362c   0x0000001a   Code   RO          172    .text.GetTimer      timers.o
    0x08003646   0x08003646   0x00000002   PAD
    0x08003648   0x08003648   0x0000015c   Code   RO           95    .text.I2C1_EV_IRQHandler  i2cfram.o
    0x080037a4   0x080037a4   0x00000042   Code   RO          302    .text.ITM_SendChar  retarget_io.o
    0x080037e6   0x080037e6   0x00000002   PAD
    0x080037e8   0x080037e8   0x0000007e   Code   RO          131    .text.InitKpd4      keypad.o
    0x08003866   0x08003866   0x00000002   PAD
    0x08003868   0x08003868   0x0000002e   Code   RO          152    .text.InitMessages  messages.o
    0x08003896   0x08003896   0x00000002   PAD
    0x08003898   0x08003898   0x0000002e   Code   RO          170    .text.InitTimers    timers.o
    0x080038c6   0x080038c6   0x00000002   PAD
    0x080038c8   0x080038c8   0x000001be   Code   RO          194    .text.InitUartDMA   uart.o
    0x08003a86   0x08003a86   0x00000002   PAD
    0x08003a88   0x08003a88   0x00000022   Code   RO            6    .text.LL_AHB1_GRP1_EnableClock  main.o
    0x08003aaa   0x08003aaa   0x00000002   PAD
    0x08003aac   0x08003aac   0x00000022   Code   RO           65    .text.LL_AHB1_GRP1_EnableClock  i2cfram.o
    0x08003ace   0x08003ace   0x00000002   PAD
    0x08003ad0   0x08003ad0   0x00000022   Code   RO          133    .text.LL_AHB1_GRP1_EnableClock  keypad.o
    0x08003af2   0x08003af2   0x00000002   PAD
    0x08003af4   0x08003af4   0x00000022   Code   RO          196    .text.LL_AHB1_GRP1_EnableClock  uart.o
    0x08003b16   0x08003b16   0x00000002   PAD
    0x08003b18   0x08003b18   0x00000022   Code   RO           67    .text.LL_APB1_GRP1_EnableClock  i2cfram.o
    0x08003b3a   0x08003b3a   0x00000002   PAD
    0x08003b3c   0x08003b3c   0x00000022   Code   RO          198    .text.LL_APB1_GRP1_EnableClock  uart.o
    0x08003b5e   0x08003b5e   0x00000002   PAD
    0x08003b60   0x08003b60   0x00000010   Code   RO          264    .text.LL_DMA_ClearFlag_GI7  uart.o
    0x08003b70   0x08003b70   0x0000006e   Code   RO          210    .text.LL_DMA_ConfigAddresses  uart.o
    0x08003bde   0x08003bde   0x00000002   PAD
    0x08003be0   0x08003be0   0x00000036   Code   RO          208    .text.LL_DMA_ConfigTransfer  uart.o
    0x08003c16   0x08003c16   0x00000002   PAD
    0x08003c18   0x08003c18   0x00000024   Code   RO          266    .text.LL_DMA_DisableChannel  uart.o
    0x08003c3c   0x08003c3c   0x00000024   Code   RO          192    .text.LL_DMA_EnableChannel  uart.o
    0x08003c60   0x08003c60   0x00000024   Code   RO          216    .text.LL_DMA_EnableIT_TC  uart.o
    0x08003c84   0x08003c84   0x00000024   Code   RO          218    .text.LL_DMA_EnableIT_TE  uart.o
    0x08003ca8   0x08003ca8   0x00000022   Code   RO          250    .text.LL_DMA_GetDataLength  uart.o
    0x08003cca   0x08003cca   0x00000002   PAD
    0x08003ccc   0x08003ccc   0x00000024   Code   RO          214    .text.LL_DMA_GetDataTransferDirection  uart.o
    0x08003cf0   0x08003cf0   0x00000010   Code   RO          262    .text.LL_DMA_IsActiveFlag_TC7  uart.o
    0x08003d00   0x08003d00   0x00000022   Code   RO          188    .text.LL_DMA_IsEnabledChannel  uart.o
    0x08003d22   0x08003d22   0x00000002   PAD
    0x08003d24   0x08003d24   0x00000022   Code   RO          260    .text.LL_DMA_IsEnabledIT_TC  uart.o
    0x08003d46   0x08003d46   0x00000002   PAD
    0x08003d48   0x08003d48   0x0000003a   Code   RO          190    .text.LL_DMA_SetDataLength  uart.o
    0x08003d82   0x08003d82   0x00000002   PAD
    0x08003d84   0x08003d84   0x0000001c   Code   RO           16    .text.LL_FLASH_SetLatency  main.o
    0x08003da0   0x08003da0   0x000000da   Code   RO          376    .text.LL_GPIO_Init  stm32f3xx_ll_gpio.o
    0x08003e7a   0x08003e7a   0x00000002   PAD
    0x08003e7c   0x08003e7c   0x0000000c   Code   RO          127    .text.LL_GPIO_ReadInputPort  keypad.o
    0x08003e88   0x08003e88   0x00000010   Code   RO          125    .text.LL_GPIO_ResetOutputPin  keypad.o
    0x08003e98   0x08003e98   0x00000048   Code   RO          202    .text.LL_GPIO_SetAFPin_0_7  uart.o
    0x08003ee0   0x08003ee0   0x00000048   Code   RO          384    .text.LL_GPIO_SetAFPin_0_7  stm32f3xx_ll_gpio.o
    0x08003f28   0x08003f28   0x0000004c   Code   RO          386    .text.LL_GPIO_SetAFPin_8_15  stm32f3xx_ll_gpio.o
    0x08003f74   0x08003f74   0x00000010   Code   RO          129    .text.LL_GPIO_SetOutputPin  keypad.o
    0x08003f84   0x08003f84   0x00000048   Code   RO            8    .text.LL_GPIO_SetPinMode  main.o
    0x08003fcc   0x08003fcc   0x00000048   Code   RO          200    .text.LL_GPIO_SetPinMode  uart.o
    0x08004014   0x08004014   0x00000048   Code   RO          388    .text.LL_GPIO_SetPinMode  stm32f3xx_ll_gpio.o
    0x0800405c   0x0800405c   0x0000001e   Code   RO          380    .text.LL_GPIO_SetPinOutputType  stm32f3xx_ll_gpio.o
    0x0800407a   0x0800407a   0x00000002   PAD
    0x0800407c   0x0800407c   0x00000048   Code   RO          206    .text.LL_GPIO_SetPinPull  uart.o
    0x080040c4   0x080040c4   0x00000048   Code   RO          382    .text.LL_GPIO_SetPinPull  stm32f3xx_ll_gpio.o
    0x0800410c   0x0800410c   0x00000048   Code   RO          204    .text.LL_GPIO_SetPinSpeed  uart.o
    0x08004154   0x08004154   0x00000048   Code   RO          378    .text.LL_GPIO_SetPinSpeed  stm32f3xx_ll_gpio.o
    0x0800419c   0x0800419c   0x00000022   Code   RO           12    .text.LL_GPIO_TogglePin  main.o
    0x080041be   0x080041be   0x00000002   PAD
    0x080041c0   0x080041c0   0x00000012   Code   RO          109    .text.LL_I2C_ClearFlag_STOP  i2cfram.o
    0x080041d2   0x080041d2   0x00000002   PAD
    0x080041d4   0x080041d4   0x00000012   Code   RO           77    .text.LL_I2C_Enable  i2cfram.o
    0x080041e6   0x080041e6   0x00000002   PAD
    0x080041e8   0x080041e8   0x00000012   Code   RO           79    .text.LL_I2C_EnableIT_RX  i2cfram.o
    0x080041fa   0x080041fa   0x00000002   PAD
    0x080041fc   0x080041fc   0x00000012   Code   RO           85    .text.LL_I2C_EnableIT_STOP  i2cfram.o
    0x0800420e   0x0800420e   0x00000002   PAD
    0x08004210   0x08004210   0x00000012   Code   RO           83    .text.LL_I2C_EnableIT_TC  i2cfram.o
    0x08004222   0x08004222   0x00000002   PAD
    0x08004224   0x08004224   0x00000012   Code   RO           81    .text.LL_I2C_EnableIT_TX  i2cfram.o
    0x08004236   0x08004236   0x00000002   PAD
    0x08004238   0x08004238   0x00000042   Code   RO           91    .text.LL_I2C_HandleTransfer  i2cfram.o
    0x0800427a   0x0800427a   0x00000002   PAD
    0x0800427c   0x0800427c   0x00000010   Code   RO           89    .text.LL_I2C_IsActiveFlag_BUSY  i2cfram.o
    0x0800428c   0x0800428c   0x00000010   Code   RO          101    .text.LL_I2C_IsActiveFlag_RXNE  i2cfram.o
    0x0800429c   0x0800429c   0x00000010   Code   RO          107    .text.LL_I2C_IsActiveFlag_STOP  i2cfram.o
    0x080042ac   0x080042ac   0x00000010   Code   RO          105    .text.LL_I2C_IsActiveFlag_TC  i2cfram.o
    0x080042bc   0x080042bc   0x00000010   Code   RO           97    .text.LL_I2C_IsActiveFlag_TXIS  i2cfram.o
    0x080042cc   0x080042cc   0x0000000e   Code   RO          103    .text.LL_I2C_ReceiveData8  i2cfram.o
    0x080042da   0x080042da   0x00000002   PAD
    0x080042dc   0x080042dc   0x00000010   Code   RO           75    .text.LL_I2C_SetTiming  i2cfram.o
    0x080042ec   0x080042ec   0x00000014   Code   RO           99    .text.LL_I2C_TransmitData8  i2cfram.o
    0x08004300   0x08004300   0x00000014   Code   RO          560    .text.LL_Init1msTick  stm32f3xx_ll_utils.o
    0x08004314   0x08004314   0x00000036   Code   RO          562    .text.LL_InitTick   stm32f3xx_ll_utils.o
    0x0800434a   0x0800434a   0x00000002   PAD
    0x0800434c   0x0800434c   0x00000010   Code   RO          505    .text.LL_RCC_GetAHBPrescaler  stm32f3xx_ll_rcc.o
    0x0800435c   0x0800435c   0x00000010   Code   RO          507    .text.LL_RCC_GetAPB1Prescaler  stm32f3xx_ll_rcc.o
    0x0800436c   0x0800436c   0x00000010   Code   RO          509    .text.LL_RCC_GetAPB2Prescaler  stm32f3xx_ll_rcc.o
    0x0800437c   0x0800437c   0x00000010   Code   RO           32    .text.LL_RCC_GetSysClkSource  main.o
    0x0800438c   0x0800438c   0x00000010   Code   RO          455    .text.LL_RCC_GetSysClkSource  stm32f3xx_ll_rcc.o
    0x0800439c   0x0800439c   0x00000182   Code   RO          473    .text.LL_RCC_GetUSARTClockFreq  stm32f3xx_ll_rcc.o
    0x0800451e   0x0800451e   0x00000002   PAD
    0x08004520   0x08004520   0x0000001e   Code   RO          475    .text.LL_RCC_GetUSARTClockSource  stm32f3xx_ll_rcc.o
    0x0800453e   0x0800453e   0x00000002   PAD
    0x08004540   0x08004540   0x00000012   Code   RO           18    .text.LL_RCC_HSE_Enable  main.o
    0x08004552   0x08004552   0x00000002   PAD
    0x08004554   0x08004554   0x00000010   Code   RO           20    .text.LL_RCC_HSE_IsReady  main.o
    0x08004564   0x08004564   0x00000010   Code   RO          451    .text.LL_RCC_HSI_IsReady  stm32f3xx_ll_rcc.o
    0x08004574   0x08004574   0x00000010   Code   RO          477    .text.LL_RCC_LSE_IsReady  stm32f3xx_ll_rcc.o
    0x08004584   0x08004584   0x00000038   Code   RO           22    .text.LL_RCC_PLL_ConfigDomain_SYS  main.o
    0x080045bc   0x080045bc   0x00000012   Code   RO           24    .text.LL_RCC_PLL_Enable  main.o
    0x080045ce   0x080045ce   0x00000002   PAD
    0x080045d0   0x080045d0   0x00000010   Code   RO          511    .text.LL_RCC_PLL_GetMainSource  stm32f3xx_ll_rcc.o
    0x080045e0   0x080045e0   0x00000010   Code   RO          515    .text.LL_RCC_PLL_GetMultiplicator  stm32f3xx_ll_rcc.o
    0x080045f0   0x080045f0   0x00000010   Code   RO          513    .text.LL_RCC_PLL_GetPrediv  stm32f3xx_ll_rcc.o
    0x08004600   0x08004600   0x00000010   Code   RO           26    .text.LL_RCC_PLL_IsReady  main.o
    0x08004610   0x08004610   0x0000001c   Code   RO           28    .text.LL_RCC_SetAHBPrescaler  main.o
    0x0800462c   0x0800462c   0x0000001c   Code   RO           34    .text.LL_RCC_SetAPB1Prescaler  main.o
    0x08004648   0x08004648   0x0000001c   Code   RO           36    .text.LL_RCC_SetAPB2Prescaler  main.o
    0x08004664   0x08004664   0x00000020   Code   RO           69    .text.LL_RCC_SetI2CClockSource  i2cfram.o
    0x08004684   0x08004684   0x0000001c   Code   RO           30    .text.LL_RCC_SetSysClkSource  main.o
    0x080046a0   0x080046a0   0x00000012   Code   RO           10    .text.LL_SYSTICK_EnableIT  main.o
    0x080046b2   0x080046b2   0x00000002   PAD
    0x080046b4   0x080046b4   0x00000014   Code   RO          566    .text.LL_SetSystemCoreClock  stm32f3xx_ll_utils.o
    0x080046c8   0x080046c8   0x0000000e   Code   RO          252    .text.LL_USART_ClearFlag_FE  uart.o
    0x080046d6   0x080046d6   0x00000002   PAD
    0x080046d8   0x080046d8   0x0000000e   Code   RO          248    .text.LL_USART_ClearFlag_IDLE  uart.o
    0x080046e6   0x080046e6   0x00000002   PAD
    0x080046e8   0x080046e8   0x0000000e   Code   RO          256    .text.LL_USART_ClearFlag_ORE  uart.o
    0x080046f6   0x080046f6   0x00000002   PAD
    0x080046f8   0x080046f8   0x0000000e   Code   RO          254    .text.LL_USART_ClearFlag_PE  uart.o
    0x08004706   0x08004706   0x00000002   PAD
    0x08004708   0x08004708   0x00000032   Code   RO          222    .text.LL_USART_ConfigCharacter  uart.o
    0x0800473a   0x0800473a   0x00000002   PAD
    0x0800473c   0x0800473c   0x00000022   Code   RO          212    .text.LL_USART_DMA_GetRegAddr  uart.o
    0x0800475e   0x0800475e   0x00000002   PAD
    0x08004760   0x08004760   0x00000012   Code   RO          240    .text.LL_USART_Enable  uart.o
    0x08004772   0x08004772   0x00000002   PAD
    0x08004774   0x08004774   0x0000002a   Code   RO          236    .text.LL_USART_EnableDMAReq_RX  uart.o
    0x0800479e   0x0800479e   0x00000002   PAD
    0x080047a0   0x080047a0   0x0000002a   Code   RO          238    .text.LL_USART_EnableDMAReq_TX  uart.o
    0x080047ca   0x080047ca   0x00000002   PAD
    0x080047cc   0x080047cc   0x0000002a   Code   RO          230    .text.LL_USART_EnableIT_ERROR  uart.o
    0x080047f6   0x080047f6   0x00000002   PAD
    0x080047f8   0x080047f8   0x0000002a   Code   RO          228    .text.LL_USART_EnableIT_IDLE  uart.o
    0x08004822   0x08004822   0x00000002   PAD
    0x08004824   0x08004824   0x00000010   Code   RO          246    .text.LL_USART_IsActiveFlag_IDLE  uart.o
    0x08004834   0x08004834   0x00000010   Code   RO          244    .text.LL_USART_IsEnabledIT_IDLE  uart.o
    0x08004844   0x08004844   0x0000005e   Code   RO          226    .text.LL_USART_SetBaudRate  uart.o
    0x080048a2   0x080048a2   0x00000002   PAD
    0x080048a4   0x080048a4   0x0000001a   Code   RO          224    .text.LL_USART_SetTransferBitOrder  uart.o
    0x080048be   0x080048be   0x00000002   PAD
    0x080048c0   0x080048c0   0x00000030   Code   RO          220    .text.LL_USART_SetTransferDirection  uart.o
    0x080048f0   0x080048f0   0x00000116   Code   RO          282    .text.ProcTm1       fsm_tm.o
    0x08004a06   0x08004a06   0x00000002   PAD
    0x08004a08   0x08004a08   0x00000130   Code   RO          284    .text.ProcTm2       fsm_tm.o
    0x08004b38   0x08004b38   0x0000013e   Code   RO           14    .text.ProcesLedkey  main.o
    0x08004c76   0x08004c76   0x00000002   PAD
    0x08004c78   0x08004c78   0x0000039a   Code   RO           50    .text.ProcessFsmMain  fsm_main.o
    0x08005012   0x08005012   0x00000002   PAD
    0x08005014   0x08005014   0x000000c4   Code   RO          288    .text.ProcessFsmTm  fsm_tm.o
    0x080050d8   0x080050d8   0x00000070   Code   RO          137    .text.ProcessKeyKpd4  keypad.o
    0x08005148   0x08005148   0x0000006a   Code   RO          156    .text.ProcessMessages  messages.o
    0x080051b2   0x080051b2   0x00000002   PAD
    0x080051b4   0x080051b4   0x00000032   Code   RO          168    .text.ProcessTimers  timers.o
    0x080051e6   0x080051e6   0x00000002   PAD
    0x080051e8   0x080051e8   0x00000172   Code   RO          286    .text.ProcessTmInstance  fsm_tm.o
    0x0800535a   0x0800535a   0x00000002   PAD
    0x0800535c   0x0800535c   0x00000026   Code   RO          467    .text.RCC_GetHCLKClockFreq  stm32f3xx_ll_rcc.o
    0x08005382   0x08005382   0x00000002   PAD
    0x08005384   0x08005384   0x00000024   Code   RO          469    .text.RCC_GetPCLK1ClockFreq  stm32f3xx_ll_rcc.o
    0x080053a8   0x080053a8   0x00000024   Code   RO          471    .text.RCC_GetPCLK2ClockFreq  stm32f3xx_ll_rcc.o
    0x080053cc   0x080053cc   0x00000056   Code   RO          465    .text.RCC_GetSystemClockFreq  stm32f3xx_ll_rcc.o
    0x08005422   0x08005422   0x00000002   PAD
    0x08005424   0x08005424   0x00000084   Code   RO          495    .text.RCC_PLL_GetFreqDomain_SYS  stm32f3xx_ll_rcc.o
    0x080054a8   0x080054a8   0x0000001c   Code   RO          174    .text.ResetTimer    timers.o
    0x080054c4   0x080054c4   0x00000024   Code   RO          154    .text.SendMessage   messages.o
    0x080054e8   0x080054e8   0x00000008   Code   RO          176    .text.SysTick_Handler  timers.o
    0x080054f0   0x080054f0   0x0000007a   Code   RO            4    .text.SystemClock_Config  main.o
    0x0800556a   0x0800556a   0x00000002   PAD
    0x0800556c   0x0800556c   0x00000110   Code   RO          633    .text.SystemCoreClockUpdate  system_stm32f3xx.o
    0x0800567c   0x0800567c   0x00000012   Code   RO          631    .text.SystemInit    system_stm32f3xx.o
    0x0800568e   0x0800568e   0x00000002   PAD
    0x08005690   0x08005690   0x00000160   Code   RO          242    .text.USART2_IRQHandler  uart.o
    0x080057f0   0x080057f0   0x00000030   Code   RO           73    .text.__NVIC_EnableIRQ  i2cfram.o
    0x08005820   0x08005820   0x00000030   Code   RO          234    .text.__NVIC_EnableIRQ  uart.o
    0x08005850   0x08005850   0x00000042   Code   RO           71    .text.__NVIC_SetPriority  i2cfram.o
    0x08005892   0x08005892   0x00000002   PAD
    0x08005894   0x08005894   0x00000042   Code   RO          232    .text.__NVIC_SetPriority  uart.o
    0x080058d6   0x080058d6   0x00000002   PAD
    0x080058d8   0x080058d8   0x0000004a   Code   RO          308    .text._sys_close    retarget_io.o
    0x08005922   0x08005922   0x00000002   PAD
    0x08005924   0x08005924   0x00000048   Code   RO          320    .text._sys_flen     retarget_io.o
    0x0800596c   0x0800596c   0x00000048   Code   RO          316    .text._sys_istty    retarget_io.o
    0x080059b4   0x080059b4   0x00000084   Code   RO          306    .text._sys_open     retarget_io.o
    0x08005a38   0x08005a38   0x00000052   Code   RO          318    .text._sys_seek     retarget_io.o
    0x08005a8a   0x08005a8a   0x00000002   PAD
    0x08005a8c   0x08005a8c   0x00000076   Code   RO          310    .text._sys_write    retarget_io.o
    0x08005b02   0x08005b02   0x00000002   PAD
    0x08005b04   0x08005b04   0x000000d4   Code   RO           93    .text.i2cFRAM_rd    i2cfram.o
    0x08005bd8   0x08005bd8   0x000000f8   Code   RO           87    .text.i2cFRAM_wr    i2cfram.o
    0x08005cd0   0x08005cd0   0x000000c2   Code   RO           63    .text.init_I2C_FRAM  i2cfram.o
    0x08005d92   0x08005d92   0x00000002   PAD
    0x08005d94   0x08005d94   0x00000094   Code   RO            2    .text.main          main.o
    0x08005e28   0x08005e28   0x0000008a   Code   RO          123    .text.scankeypad    keypad.o
    0x08005eb2   0x08005eb2   0x00000002   PAD
    0x08005eb4   0x08005eb4   0x00000010   Code   RO          312    .text.stdout_putchar  retarget_io.o
    0x08005ec4   0x08005ec4   0x0000006e   Code   RO          186    .text.uart_transmit  uart.o
    0x08005f32   0x08005f32   0x0000003e   Code   RO          940    CL$$btod_d2e        c_w.l(btod.o)
    0x08005f70   0x08005f70   0x00000046   Code   RO          942    CL$$btod_d2e_denorm_low  c_w.l(btod.o)
    0x08005fb6   0x08005fb6   0x00000060   Code   RO          941    CL$$btod_d2e_norm_op1  c_w.l(btod.o)
    0x08006016   0x08006016   0x00000002   PAD
    0x08006018   0x08006018   0x00000338   Code   RO          950    CL$$btod_div_common  c_w.l(btod.o)
    0x08006350   0x08006350   0x00000084   Code   RO          948    CL$$btod_e2d        c_w.l(btod.o)
    0x080063d4   0x080063d4   0x000000dc   Code   RO          947    CL$$btod_e2e        c_w.l(btod.o)
    0x080064b0   0x080064b0   0x0000002a   Code   RO          944    CL$$btod_ediv       c_w.l(btod.o)
    0x080064da   0x080064da   0x0000002a   Code   RO          946    CL$$btod_edivd      c_w.l(btod.o)
    0x08006504   0x08006504   0x0000002a   Code   RO          943    CL$$btod_emul       c_w.l(btod.o)
    0x0800652e   0x0800652e   0x0000002a   Code   RO          945    CL$$btod_emuld      c_w.l(btod.o)
    0x08006558   0x08006558   0x00000244   Code   RO          949    CL$$btod_mult_common  c_w.l(btod.o)
    0x0800679c   0x0800679c   0x00000030   Code   RO         1073    i.__ARM_fpclassify  m_wm.l(fpclassify.o)
    0x080067cc   0x080067cc   0x00000004   PAD
    0x080067d0   0x080067d0   0x000000f8   Code   RO         1075    i.__hardfp___mathlib_tofloat  m_wm.l(narrow.o)
    0x080068c8   0x080068c8   0x000000d0   Code   RO         1218    i.__hardfp_ldexp    m_wm.l(ldexp.o)
    0x08006998   0x08006998   0x00000020   Code   RO         1256    i.__mathlib_dbl_overflow  m_wm.l(dunder.o)
    0x080069b8   0x080069b8   0x00000020   Code   RO         1258    i.__mathlib_dbl_underflow  m_wm.l(dunder.o)
    0x080069d8   0x080069d8   0x00000012   Code   RO         1076    i.__mathlib_narrow  m_wm.l(narrow.o)
    0x080069ea   0x080069ea   0x00000014   Code   RO         1220    i.__support_ldexp   m_wm.l(ldexp.o)
    0x080069fe   0x080069fe   0x0000000e   Code   RO          731    i._is_digit         c_w.l(__printf_wp.o)
    0x08006a0c   0x08006a0c   0x0000001c   Code   RO          846    i.fputc             c_w.l(fputc.o)
    0x08006a28   0x08006a28   0x0000008c   Code   RO         1154    i.frexp             m_wm.l(frexp.o)
    0x08006ab4   0x08006ab4   0x0000002c   Code   RO          981    locale$$code        c_w.l(lc_numeric_c.o)
    0x08006ae0   0x08006ae0   0x0000002c   Code   RO         1134    locale$$code        c_w.l(lc_ctype_c.o)
    0x08006b0c   0x08006b0c   0x00000062   Code   RO         1144    x$fpl$d2f           fz_wm.l(d2f.o)
    0x08006b6e   0x08006b6e   0x00000002   PAD
    0x08006b70   0x08006b70   0x00000010   Code   RO         1290    x$fpl$dcheck1       fz_wm.l(dcheck1.o)
    0x08006b80   0x08006b80   0x00000018   Code   RO         1208    x$fpl$dcmpinf       fz_wm.l(dcmpi.o)
    0x08006b98   0x08006b98   0x00000078   Code   RO         1146    x$fpl$deqf          fz_wm.l(deqf.o)
    0x08006c10   0x08006c10   0x00000078   Code   RO         1210    x$fpl$dleqf         fz_wm.l(dleqf.o)
    0x08006c88   0x08006c88   0x00000154   Code   RO         1212    x$fpl$dmul          fz_wm.l(dmul.o)
    0x08006ddc   0x08006ddc   0x0000009c   Code   RO         1214    x$fpl$dnaninf       fz_wm.l(dnaninf.o)
    0x08006e78   0x08006e78   0x0000000c   Code   RO         1248    x$fpl$dretinf       fz_wm.l(dretinf.o)
    0x08006e84   0x08006e84   0x0000006c   Code   RO         1148    x$fpl$drleqf        fz_wm.l(drleqf.o)
    0x08006ef0   0x08006ef0   0x0000001a   Code   RO         1150    x$fpl$fpinit        fz_wm.l(fpinit.o)
    0x08006f0a   0x08006f0a   0x0000000a   Code   RO         1216    x$fpl$fretinf       fz_wm.l(fretinf.o)
    0x08006f14   0x08006f14   0x00000006   Code   RO         1064    x$fpl$ieeestatus    fz_wm.l(istatus.o)
    0x08006f1a   0x08006f1a   0x00000004   Code   RO          788    x$fpl$printf1       fz_wm.l(printf1.o)
    0x08006f1e   0x08006f1e   0x00000004   Code   RO          790    x$fpl$printf2       fz_wm.l(printf2.o)
    0x08006f22   0x08006f22   0x00000064   Code   RO         1296    x$fpl$retnan        fz_wm.l(retnan.o)
    0x08006f86   0x08006f86   0x0000005c   Code   RO         1250    x$fpl$scalbn        fz_wm.l(scalbn.o)
    0x08006fe2   0x08006fe2   0x00000004   Code   RO          796    x$fpl$scanf1        fz_wm.l(scanf1.o)
    0x08006fe6   0x08006fe6   0x00000008   Code   RO         1066    x$fpl$scanf2        fz_wm.l(scanf2.o)
    0x08006fee   0x08006fee   0x00000030   Code   RO         1298    x$fpl$trapveneer    fz_wm.l(trapv.o)
    0x0800701e   0x0800701e   0x00000000   Code   RO         1072    x$fpl$usenofp       fz_wm.l(usenofp.o)
    0x0800701e   0x0800701e   0x00000002   PAD
    0x08007020   0x08007020   0x00000008   Data   RO          690    .constdata          c_w.l(_printf_wctomb.o)
    0x08007028   0x08007028   0x00000028   Data   RO          719    .constdata          c_w.l(_printf_hex_int_ll_ptr.o)
    0x08007050   0x08007050   0x00000011   Data   RO          739    .constdata          c_w.l(__printf_flags_ss_wp.o)
    0x08007061   0x08007061   0x00000026   Data   RO          824    .constdata          c_w.l(_printf_fp_hex.o)
    0x08007087   0x08007087   0x00000001   PAD
    0x08007088   0x08007088   0x00000094   Data   RO          938    .constdata          c_w.l(bigflt0.o)
    0x0800711c   0x0800711c   0x00000010   Data   RO          636    .rodata.AHBPrescTable  system_stm32f3xx.o
    0x0800712c   0x0800712c   0x00000008   Data   RO          637    .rodata.APBPrescTable  system_stm32f3xx.o
    0x08007134   0x08007134   0x00000007   Data   RO          272    .rodata.CHANNEL_OFFSET_TAB  uart.o
    0x0800713b   0x0800713b   0x00000008   Data   RO          325    .rodata.__stderr_name  retarget_io.o
    0x08007143   0x08007143   0x00000007   Data   RO          323    .rodata.__stdin_name  retarget_io.o
    0x0800714a   0x0800714a   0x00000008   Data   RO          324    .rodata.__stdout_name  retarget_io.o
    0x08007152   0x08007152   0x0000000f   Data   RO           38    .rodata.str1.1      main.o
    0x08007161   0x08007161   0x00000068   Data   RO           53    .rodata.str1.1      fsm_main.o
    0x080071c9   0x080071c9   0x0000001c   Data   RO          114    .rodata.str1.1      i2cfram.o
    0x080071e5   0x080071e5   0x0000000e   Data   RO          140    .rodata.str1.1      keypad.o
    0x080071f3   0x080071f3   0x0000002b   Data   RO          270    .rodata.str1.1      uart.o
    0x0800721e   0x0800721e   0x00000055   Data   RO          294    .rodata.str1.1      fsm_tm.o
    0x08007273   0x08007273   0x00000017   Data   RO          326    .rodata.str1.1      retarget_io.o
    0x0800728a   0x0800728a   0x00000002   PAD
    0x0800728c   0x0800728c   0x00000020   Data   RO         1301    Region$$Table       anon$$obj.o
    0x080072ac   0x080072ac   0x00000008   Data   RO         1060    c$$dinf             fz_wm.l(fpconst.o)
    0x080072b4   0x080072b4   0x00000008   Data   RO         1063    c$$dmax             fz_wm.l(fpconst.o)
    0x080072bc   0x080072bc   0x0000001c   Data   RO          980    locale$$data        c_w.l(lc_numeric_c.o)
    0x080072d8   0x080072d8   0x00000110   Data   RO         1133    locale$$data        c_w.l(lc_ctype_c.o)


    Execution Region ER_RW (Exec base: 0x20000000, Load base: 0x080073e8, Size: 0x00000010, Max: 0xffffffff, ABSOLUTE)

    Exec Addr    Load Addr    Size         Type   Attr      Idx    E Section Name        Object

    0x20000000   0x080073e8   0x00000004   Data   RW          783    .data               c_w.l(stdio_streams.o)
    0x20000004   0x080073ec   0x00000004   Data   RW          784    .data               c_w.l(stdio_streams.o)
    0x20000008   0x080073f0   0x00000004   Data   RW          785    .data               c_w.l(stdio_streams.o)
    0x2000000c   0x080073f4   0x00000004   Data   RW          635    .data.SystemCoreClock  system_stm32f3xx.o


    Execution Region ER_ZI (Exec base: 0x20000010, Load base: 0x080073f8, Size: 0x00000d30, Max: 0xffffffff, ABSOLUTE)

    Exec Addr    Load Addr    Size         Type   Attr      Idx    E Section Name        Object

    0x20000010        -       0x00000054   Zero   RW          780    .bss                c_w.l(stdio_streams.o)
    0x20000064        -       0x00000054   Zero   RW          781    .bss                c_w.l(stdio_streams.o)
    0x200000b8        -       0x00000054   Zero   RW          782    .bss                c_w.l(stdio_streams.o)
    0x2000010c        -       0x00000060   Zero   RW         1084    .bss                c_w.l(libspace.o)
    0x2000016c        -       0x00000001   Zero   RW          142    .bss.GetKeyPressed.k1_debounce  keypad.o
    0x2000016d        -       0x00000001   Zero   RW          143    .bss.GetKeyPressed.k2_debounce  keypad.o
    0x2000016e   0x080073f8   0x00000002   PAD
    0x20000170        -       0x00000018   Zero   RW          160    .bss.Messages       messages.o
    0x20000188        -       0x00000004   Zero   RW          292    .bss.ProcTm1.a_count  fsm_tm.o
    0x2000018c        -       0x00000004   Zero   RW          293    .bss.ProcTm2.stack_ptr  fsm_tm.o
    0x20000190        -       0x00000004   Zero   RW           41    .bss.ProcesLedkey.count  main.o
    0x20000194        -       0x00000001   Zero   RW           39    .bss.ProcesLedkey.fsmstate  main.o
    0x20000195        -       0x00000011   Zero   RW           40    .bss.ProcesLedkey.textbuf  main.o
    0x200001a6        -       0x00000002   Zero   RW          144    .bss.ProcessKeyKpd4.prev_key_code  keypad.o
    0x200001a8        -       0x00000001   Zero   RW          271    .bss.USART2_IRQHandler.old_pos  uart.o
    0x200001a9        -       0x000000ff   Zero   RW           54    .bss.aRecvbuf       fsm_main.o
    0x200002a8        -       0x00000004   Zero   RW          115    .bss.addrdat_FRAM   i2cfram.o
    0x200002ac        -       0x00000004   Zero   RW           56    .bss.addrfsm        fsm_main.o
    0x200002b0        -       0x00000001   Zero   RW           52    .bss.fsmstate       fsm_main.o
    0x200002b1        -       0x00000001   Zero   RW          139    .bss.fsmstate       keypad.o
    0x200002b2        -       0x00000001   Zero   RW          112    .bss.iic_st         i2cfram.o
    0x200002b3   0x080073f8   0x00000001   PAD
    0x200002b4        -       0x00000004   Zero   RW           55    .bss.lenfsm         fsm_main.o
    0x200002b8        -       0x00000001   Zero   RW          111    .bss.leni2c         i2cfram.o
    0x200002b9        -       0x00000001   Zero   RW          268    .bss.lenuart        uart.o
    0x200002ba        -       0x00000101   Zero   RW          113    .bss.tDati2c        i2cfram.o
    0x200003bb        -       0x000002ff   Zero   RW          269    .bss.tDatuart       uart.o
    0x200006ba   0x080073f8   0x00000002   PAD
    0x200006bc        -       0x00000038   Zero   RW          290    .bss.tm1            fsm_tm.o
    0x200006f4        -       0x00000038   Zero   RW          291    .bss.tm2            fsm_tm.o
    0x2000072c        -       0x00000014   Zero   RW          178    .bss.v_timers       timers.o
    0x20000740        -       0x00000200   Zero   RW          622    HEAP                startup_stm32f303xc.o
    0x20000940        -       0x00000400   Zero   RW          621    STACK               startup_stm32f303xc.o


==============================================================================

Image component sizes


      Code (inc. data)   RO Data    RW Data    ZI Data      Debug   Object Name

       922          8        104          0        264       1502   fsm_main.o
      1148         10         85          0        120       2543   fsm_tm.o
      1520          0         28          0        263       8652   i2cfram.o
       658          0         14          0          5       3432   keypad.o
      1026          0         15          0         22       4592   main.o
       266          0          0          0         24       1166   messages.o
       632          0         46          0          0       3037   retarget_io.o
        64         26        392          0       1536        872   startup_stm32f303xc.o
       612          0          0          0          0       3866   stm32f3xx_ll_gpio.o
       888          4          0          0          0       7453   stm32f3xx_ll_rcc.o
        94          0          0          0          0       6291   stm32f3xx_ll_utils.o
       290          0         24          4          0       2362   system_stm32f3xx.o
       158          0          0          0         20       1051   timers.o
      2500          0         50          0        769      11362   uart.o

    ----------------------------------------------------------------------
     10910         48        792          4       3028      58181   Object Totals
         0          0         32          0          0          0   (incl. Generated)
       132          0          2          0          5          0   (incl. Padding)

    ----------------------------------------------------------------------

      Code (inc. data)   RO Data    RW Data    ZI Data      Debug   Library Member Name

         8          0          0          0          0         68   __main.o
       392          4         17          0          0         92   __printf_flags_ss_wp.o
        14          0          0          0          0         68   __printf_wp.o
         0          0          0          0          0          0   __rtentry.o
        12          0          0          0          0          0   __rtentry2.o
         6          0          0          0          0          0   __rtentry4.o
        94          8          0          0          0          0   __scatter.o
        26          0          0          0          0          0   __scatter_copy.o
        28          0          0          0          0          0   __scatter_zi.o
        72          0          0          0          0         96   _c16rtomb.o
        28          0          0          0          0         68   _chval.o
        64          0          0          0          0         84   _mbrtoc16.o
         6          0          0          0          0          0   _printf_a.o
         6          0          0          0          0          0   _printf_c.o
        44          0          0          0          0        108   _printf_char.o
        48          6          0          0          0         96   _printf_char_common.o
        36          4          0          0          0         80   _printf_char_file.o
        40          0          0          0          0         68   _printf_charcount.o
         6          0          0          0          0          0   _printf_d.o
       120         16          0          0          0         92   _printf_dec.o
         6          0          0          0          0          0   _printf_e.o
         6          0          0          0          0          0   _printf_f.o
      1052          0          0          0          0        148   _printf_fp_dec.o
       764          8         38          0          0        100   _printf_fp_hex.o
       128         16          0          0          0         84   _printf_fp_infnan.o
         6          0          0          0          0          0   _printf_g.o
       148          4         40          0          0        160   _printf_hex_int_ll_ptr.o
         6          0          0          0          0          0   _printf_i.o
       178          0          0          0          0         88   _printf_intcommon.o
        10          0          0          0          0          0   _printf_l.o
         6          0          0          0          0          0   _printf_lc.o
        10          0          0          0          0          0   _printf_ll.o
         6          0          0          0          0          0   _printf_lld.o
         6          0          0          0          0          0   _printf_lli.o
         6          0          0          0          0          0   _printf_llo.o
         6          0          0          0          0          0   _printf_llu.o
         6          0          0          0          0          0   _printf_llx.o
       124         16          0          0          0         92   _printf_longlong_dec.o
         6          0          0          0          0          0   _printf_ls.o
         6          0          0          0          0          0   _printf_n.o
         6          0          0          0          0          0   _printf_o.o
       112          8          0          0          0        124   _printf_oct_int_ll.o
         6          0          0          0          0          0   _printf_p.o
        78          0          0          0          0        108   _printf_pad.o
         0          0          0          0          0          0   _printf_percent.o
         4          0          0          0          0          0   _printf_percent_end.o
         6          0          0          0          0          0   _printf_s.o
        82          0          0          0          0         80   _printf_str.o
        36          0          0          0          0         84   _printf_truncate.o
         6          0          0          0          0          0   _printf_u.o
        44          0          0          0          0        108   _printf_wchar.o
       188          6          8          0          0         92   _printf_wctomb.o
         6          0          0          0          0          0   _printf_x.o
        22          0          0          0          0        100   _rserrno.o
       884          6          0          0          0        100   _scanf.o
       332          0          0          0          0         96   _scanf_int.o
       342          0          0          0          0        100   _scanf_longlong.o
       276          0          0          0          0        100   _scanf_mbtowc.o
       224          0          0          0          0         96   _scanf_str.o
        30          0          0          0          0         76   _scanf_wcharmap.o
       232          0          0          0          0        100   _scanf_wctomb.o
       208          0          0          0          0         96   _scanf_wstr.o
        64          0          0          0          0         84   _sgetc.o
        10          0          0          0          0         68   _sputc.o
       228          4        148          0          0         96   bigflt0.o
      2152        136          0          0          0        956   btod.o
        10          0          0          0          0         68   defsig_exit.o
        50          0          0          0          0         88   defsig_general.o
        80         58          0          0          0         76   defsig_rtmem_inner.o
        14          0          0          0          0         80   defsig_rtmem_outer.o
        52         38          0          0          0         76   defsig_rtred_inner.o
        14          0          0          0          0         80   defsig_rtred_outer.o
        18          0          0          0          0         80   exit.o
        76          0          0          0          0         88   fclose.o
         8          0          0          0          0         68   ferror.o
       482          0          0          0          0         92   flsbuf.o
       240          6          0          0          0        128   fopen.o
        28          0          0          0          0         68   fputc.o
       248          6          0          0          0         84   fseek.o
        66          0          0          0          0         76   ftell.o
        94          0          0          0          0         80   h1_alloc.o
        52          0          0          0          0         68   h1_extend.o
        78          0          0          0          0         80   h1_free.o
        12          0          0          0          0         84   h1_init.o
         6          0          0          0          0        152   heapauxi.o
         4          0          0          0          0        136   hguard.o
         0          0          0          0          0          0   indicate_semi.o
       138          0          0          0          0        168   init_alloc.o
       312         46          0          0          0        112   initio.o
        18          0          0          0          0         76   isspace.o
        44         10        272          0          0         76   lc_ctype_c.o
        44         10         28          0          0         76   lc_numeric_c.o
         2          0          0          0          0          0   libinit.o
        46          0          0          0          0          0   libinit2.o
         2          0          0          0          0          0   libshutdown.o
         6          0          0          0          0          0   libshutdown2.o
         8          4          0          0         96         68   libspace.o
        38          0          0          0          0         68   llshl.o
       138          0          0          0          0         80   lludiv10.o
         0          0          0          0          0          0   maybetermalloc1.o
        24          4          0          0          0         84   printf.o
        16          4          0          0          0         76   rt_ctype_table.o
         8          4          0          0          0         68   rt_errno_addr_intlibspace.o
         8          4          0          0          0         68   rt_heap_descriptor_intlibspace.o
         8          4          0          0          0         68   rt_locale_intlibspace.o
        78          0          0          0          0         80   rt_memclr_w.o
       138          0          0          0          0         68   rt_memcpy_v6.o
       100          0          0          0          0         80   rt_memcpy_w.o
         2          0          0          0          0          0   rtexit.o
        10          0          0          0          0          0   rtexit2.o
        44          8          0          0          0         84   scanf_char.o
      1272         16          0          0          0        168   scanf_fp.o
       800         14          0          0          0        100   scanf_hexfp.o
       308         16          0          0          0        100   scanf_infnan.o
        70          0          0          0          0         80   setvbuf.o
        44          6          0          0          0         84   sprintf.o
        60          8          0          0          0         84   sscanf.o
       264          6          0          0          0        160   stdio.o
         0          0          0         12        252          0   stdio_streams.o
        20          0          0          0          0         68   strchr.o
       124          0          0          0          0         88   strcmpv7em.o
        72          0          0          0          0         80   strcpy.o
        62          0          0          0          0         76   strlen.o
       150          0          0          0          0         80   strncmp.o
        12          4          0          0          0         68   sys_exit.o
        74          0          0          0          0         80   sys_stackheap_outer.o
        14          0          0          0          0         76   sys_wrch.o
         2          0          0          0          0         68   use_no_semi.o
        98          4          0          0          0        140   d2f.o
        16          4          0          0          0        116   dcheck1.o
        24          0          0          0          0        116   dcmpi.o
       120          4          0          0          0        140   deqf.o
       120          4          0          0          0        140   dleqf.o
       340         12          0          0          0        152   dmul.o
       156          4          0          0          0        140   dnaninf.o
        12          0          0          0          0        116   dretinf.o
       108          0          0          0          0        128   drleqf.o
         0          0         16          0          0          0   fpconst.o
        26          0          0          0          0        116   fpinit.o
        10          0          0          0          0        116   fretinf.o
         6          0          0          0          0        116   istatus.o
         4          0          0          0          0        116   printf1.o
         4          0          0          0          0        116   printf2.o
       100          0          0          0          0        116   retnan.o
        92          0          0          0          0        116   scalbn.o
         4          0          0          0          0        116   scanf1.o
         8          0          0          0          0        132   scanf2.o
        48          0          0          0          0        116   trapv.o
         0          0          0          0          0          0   usenofp.o
        64         16          0          0          0        248   dunder.o
        48          0          0          0          0        124   fpclassify.o
       140         22          0          0          0        132   frexp.o
       228          8          0          0          0        308   ldexp.o
       266         16          0          0          0        308   narrow.o

    ----------------------------------------------------------------------
     17402        612        568         12        348      12352   Library Totals
        34          0          1          0          0          0   (incl. Padding)

    ----------------------------------------------------------------------

      Code (inc. data)   RO Data    RW Data    ZI Data      Debug   Library Name

     15326        518        551         12        348       8868   c_w.l
      1296         32         16          0          0       2364   fz_wm.l
       746         62          0          0          0       1120   m_wm.l

    ----------------------------------------------------------------------
     17402        612        568         12        348      12352   Library Totals

    ----------------------------------------------------------------------

==============================================================================


      Code (inc. data)   RO Data    RW Data    ZI Data      Debug   

     28312        660       1360         16       3376      62869   Grand Totals
     28312        660       1360         16       3376      62869   ELF Image Totals
     28312        660       1360         16          0          0   ROM Totals

==============================================================================

    Total RO  Size (Code + RO Data)                29672 (  28.98kB)
    Total RW  Size (RW Data + ZI Data)              3392 (   3.31kB)
    Total ROM Size (Code + RO Data + RW Data)      29688 (  28.99kB)

==============================================================================

