Component: Arm Compiler for Embedded 6.22 Tool: armlink [5ee90200]

==============================================================================

Section Cross References

    main.o(.text) refers (Special) to _printf_percent.o(.ARM.Collect$$_printf_percent$$00000000) for _printf_percent
    main.o(.text) refers (Special) to _printf_d.o(.ARM.Collect$$_printf_percent$$00000009) for _printf_d
    main.o(.text) refers (Special) to _printf_dec.o(.text) for _printf_int_dec
    main.o(.text.main) refers (Special) to _printf_percent.o(.ARM.Collect$$_printf_percent$$00000000) for _printf_percent
    main.o(.text.main) refers (Special) to _printf_d.o(.ARM.Collect$$_printf_percent$$00000009) for _printf_d
    main.o(.text.main) refers (Special) to _printf_dec.o(.text) for _printf_int_dec
    main.o(.text.main) refers to main.o(.text.SystemClock_Config) for SystemClock_Config
    main.o(.text.main) refers to system_stm32f3xx.o(.text.SystemCoreClockUpdate) for SystemCoreClockUpdate
    main.o(.text.main) refers to system_stm32f3xx.o(.data.SystemCoreClock) for SystemCoreClock
    main.o(.text.main) refers to noretval__2printf.o(.text) for __2printf
    main.o(.text.main) refers to messages.o(.text.InitMessages) for InitMessages
    main.o(.text.main) refers to timers.o(.text.InitTimers) for InitTimers
    main.o(.text.main) refers to keypad.o(.text.InitKpd4) for InitKpd4
    main.o(.text.main) refers to uart.o(.text.InitUartDMA) for InitUartDMA
    main.o(.text.main) refers to i2cfram.o(.text.init_I2C_FRAM) for init_I2C_FRAM
    main.o(.text.main) refers to main.o(.text.ProcesLedkey) for ProcesLedkey
    main.o(.text.main) refers to fsm_main.o(.text.ProcessFsmMain) for ProcessFsmMain
    main.o(.text.main) refers to fsm_tm.o(.text.ProcessFsmTm) for ProcessFsmTm
    main.o(.text.main) refers to keypad.o(.text.ProcessKeyKpd4) for ProcessKeyKpd4
    main.o(.text.main) refers to messages.o(.text.ProcessMessages) for ProcessMessages
    main.o(.text.main) refers to timers.o(.text.GetTimer) for GetTimer
    main.o(.text.main) refers to timers.o(.text.ResetTimer) for ResetTimer
    main.o(.ARM.exidx.text.main) refers (Special) to _printf_percent.o(.ARM.Collect$$_printf_percent$$00000000) for _printf_percent
    main.o(.ARM.exidx.text.main) refers (Special) to _printf_d.o(.ARM.Collect$$_printf_percent$$00000009) for _printf_d
    main.o(.ARM.exidx.text.main) refers (Special) to _printf_dec.o(.text) for _printf_int_dec
    main.o(.ARM.exidx.text.main) refers to main.o(.text.main) for [Anonymous Symbol]
    main.o(.text.SystemClock_Config) refers (Special) to _printf_percent.o(.ARM.Collect$$_printf_percent$$00000000) for _printf_percent
    main.o(.text.SystemClock_Config) refers (Special) to _printf_d.o(.ARM.Collect$$_printf_percent$$00000009) for _printf_d
    main.o(.text.SystemClock_Config) refers (Special) to _printf_dec.o(.text) for _printf_int_dec
    main.o(.text.SystemClock_Config) refers to stm32f3xx_ll_utils.o(.text.LL_Init1msTick) for LL_Init1msTick
    main.o(.text.SystemClock_Config) refers to stm32f3xx_ll_utils.o(.text.LL_SetSystemCoreClock) for LL_SetSystemCoreClock
    main.o(.ARM.exidx.text.SystemClock_Config) refers (Special) to _printf_percent.o(.ARM.Collect$$_printf_percent$$00000000) for _printf_percent
    main.o(.ARM.exidx.text.SystemClock_Config) refers (Special) to _printf_d.o(.ARM.Collect$$_printf_percent$$00000009) for _printf_d
    main.o(.ARM.exidx.text.SystemClock_Config) refers (Special) to _printf_dec.o(.text) for _printf_int_dec
    main.o(.ARM.exidx.text.SystemClock_Config) refers to main.o(.text.SystemClock_Config) for [Anonymous Symbol]
    main.o(.text.ProcesLedkey) refers (Special) to _printf_percent.o(.ARM.Collect$$_printf_percent$$00000000) for _printf_percent
    main.o(.text.ProcesLedkey) refers (Special) to _printf_d.o(.ARM.Collect$$_printf_percent$$00000009) for _printf_d
    main.o(.text.ProcesLedkey) refers (Special) to _printf_dec.o(.text) for _printf_int_dec
    main.o(.text.ProcesLedkey) refers to main.o(.bss.ProcesLedkey.fsmstate) for ProcesLedkey.fsmstate
    main.o(.text.ProcesLedkey) refers to main.o(.bss.ProcesLedkey.count) for ProcesLedkey.count
    main.o(.text.ProcesLedkey) refers to main.o(.bss.ProcesLedkey.textbuf) for ProcesLedkey.textbuf
    main.o(.text.ProcesLedkey) refers to uart.o(.text.uart_transmit) for uart_transmit
    main.o(.text.ProcesLedkey) refers to messages.o(.text.GetMessage) for GetMessage
    main.o(.ARM.exidx.text.ProcesLedkey) refers (Special) to _printf_percent.o(.ARM.Collect$$_printf_percent$$00000000) for _printf_percent
    main.o(.ARM.exidx.text.ProcesLedkey) refers (Special) to _printf_d.o(.ARM.Collect$$_printf_percent$$00000009) for _printf_d
    main.o(.ARM.exidx.text.ProcesLedkey) refers (Special) to _printf_dec.o(.text) for _printf_int_dec
    main.o(.ARM.exidx.text.ProcesLedkey) refers to main.o(.text.ProcesLedkey) for [Anonymous Symbol]
[...]
    stm32f3xx_ll_rcc.c                       0x00000000   Number         0  stm32f3xx_ll_rcc.o ABSOLUTE
    stm32f3xx_ll_usart.c                     0x00000000   Number         0  stm32f3xx_ll_usart.o ABSOLUTE
    stm32f3xx_ll_utils.c                     0x00000000   Number         0  stm32f3xx_ll_utils.o ABSOLUTE
    system_stm32f3xx.c                       0x00000000   Number         0  system_stm32f3xx.o ABSOLUTE
    timers.c                                 0x00000000   Number         0  timers.o ABSOLUTE
    uart.c                                   0x00000000   Number         0  uart.o ABSOLUTE
    RESET                                    0x08000000   Section      392  startup_stm32f303xc.o(RESET)
    !!!main                                  0x08000188   Section        8  __main.o(!!!main)
    !!!scatter                               0x08000190   Section       92  __scatter.o(!!!scatter)
    !!handler_copy                           0x080001ec   Section       26  __scatter_copy.o(!!handler_copy)
    !!handler_null                           0x08000208   Section        2  __scatter.o(!!handler_null)
    !!handler_zi                             0x0800020c   Section       28  __scatter_zi.o(!!handler_zi)
    .ARM.Collect$$_printf_percent$$00000000  0x08000228   Section        0  _printf_percent.o(.ARM.Collect$$_printf_percent$$00000000)
    .ARM.Collect$$_printf_percent$$00000009  0x08000228   Section        6  _printf_d.o(.ARM.Collect$$_printf_percent$$00000009)
    .ARM.Collect$$_printf_percent$$0000000C  0x0800022e   Section        6  _printf_x.o(.ARM.Collect$$_printf_percent$$0000000C)
    .ARM.Collect$$_printf_percent$$00000013  0x08000234   Section        6  _printf_c.o(.ARM.Collect$$_printf_percent$$00000013)
    .ARM.Collect$$_printf_percent$$00000017  0x0800023a   Section        4  _printf_percent_end.o(.ARM.Collect$$_printf_percent$$00000017)
    .ARM.Collect$$libinit$$00000000          0x0800023e   Section        2  libinit.o(.ARM.Collect$$libinit$$00000000)
    .ARM.Collect$$libinit$$00000001          0x08000240   Section        4  libinit2.o(.ARM.Collect$$libinit$$00000001)
    .ARM.Collect$$libinit$$00000004          0x08000244   Section        0  libinit2.o(.ARM.Collect$$libinit$$00000004)
    .ARM.Collect$$libinit$$00000006          0x08000244   Section        0  libinit2.o(.ARM.Collect$$libinit$$00000006)
    .ARM.Collect$$libinit$$00000007          0x08000244   Section        8  libinit2.o(.ARM.Collect$$libinit$$00000007)
    .ARM.Collect$$libinit$$0000000C          0x0800024c   Section        0  libinit2.o(.ARM.Collect$$libinit$$0000000C)
    .ARM.Collect$$libinit$$0000000E          0x0800024c   Section        0  libinit2.o(.ARM.Collect$$libinit$$0000000E)
    .ARM.Collect$$libinit$$00000010          0x0800024c   Section        0  libinit2.o(.ARM.Collect$$libinit$$00000010)
    .ARM.Collect$$libinit$$00000011          0x0800024c   Section        6  libinit2.o(.ARM.Collect$$libinit$$00000011)
    .ARM.Collect$$libinit$$00000013          0x08000252   Section        0  libinit2.o(.ARM.Collect$$libinit$$00000013)
    .ARM.Collect$$libinit$$00000014          0x08000252   Section       12  libinit2.o(.ARM.Collect$$libinit$$00000014)
    .ARM.Collect$$libinit$$00000015          0x0800025e   Section        0  libinit2.o(.ARM.Collect$$libinit$$00000015)
    .ARM.Collect$$libinit$$00000017          0x0800025e   Section        0  libinit2.o(.ARM.Collect$$libinit$$00000017)
    .ARM.Collect$$libinit$$00000019          0x0800025e   Section        0  libinit2.o(.ARM.Collect$$libinit$$00000019)
    .ARM.Collect$$libinit$$0000001B          0x0800025e   Section        0  libinit2.o(.ARM.Collect$$libinit$$0000001B)
    .ARM.Collect$$libinit$$0000001D          0x0800025e   Section        0  libinit2.o(.ARM.Collect$$libinit$$0000001D)
    .ARM.Collect$$libinit$$0000001F          0x0800025e   Section        0  libinit2.o(.ARM.Collect$$libinit$$0000001F)
    .ARM.Collect$$libinit$$00000021          0x0800025e   Section        0  libinit2.o(.ARM.Collect$$libinit$$00000021)
    .ARM.Collect$$libinit$$00000023          0x0800025e   Section        0  libinit2.o(.ARM.Collect$$libinit$$00000023)
    .ARM.Collect$$libinit$$00000025          0x0800025e   Section        0  libinit2.o(.ARM.Collect$$libinit$$00000025)
    .ARM.Collect$$libinit$$00000026          0x0800025e   Section        4  libinit2.o(.ARM.Collect$$libinit$$00000026)
    .ARM.Collect$$libinit$$00000027          0x08000262   Section        0  libinit2.o(.ARM.Collect$$libinit$$00000027)
    .ARM.Collect$$libinit$$0000002E          0x08000262   Section        0  libinit2.o(.ARM.Collect$$libinit$$0000002E)
    .ARM.Collect$$libinit$$00000030          0x08000262   Section        0  libinit2.o(.ARM.Collect$$libinit$$00000030)
    .ARM.Collect$$libinit$$00000032          0x08000262   Section        0  libinit2.o(.ARM.Collect$$libinit$$00000032)
    .ARM.Collect$$libinit$$00000034          0x08000262   Section        0  libinit2.o(.ARM.Collect$$libinit$$00000034)
    .ARM.Collect$$libinit$$00000035          0x08000262   Section        2  libinit2.o(.ARM.Collect$$libinit$$00000035)
    .ARM.Collect$$libshutdown$$00000000      0x08000264   Section        2  libshutdown.o(.ARM.Collect$$libshutdown$$00000000)
    .ARM.Collect$$libshutdown$$00000002      0x08000266   Section        0  libshutdown2.o(.ARM.Collect$$libshutdown$$00000002)
    .ARM.Collect$$libshutdown$$00000003      0x08000266   Section        4  libshutdown2.o(.ARM.Collect$$libshutdown$$00000003)
    .ARM.Collect$$libshutdown$$00000004      0x0800026a   Section        0  libshutdown2.o(.ARM.Collect$$libshutdown$$00000004)
    .ARM.Collect$$libshutdown$$00000007      0x0800026a   Section        0  libshutdown2.o(.ARM.Collect$$libshutdown$$00000007)
    .ARM.Collect$$libshutdown$$0000000A      0x0800026a   Section        0  libshutdown2.o(.ARM.Collect$$libshutdown$$0000000A)
    .ARM.Collect$$libshutdown$$0000000C      0x0800026a   Section        0  libshutdown2.o(.ARM.Collect$$libshutdown$$0000000C)
    .ARM.Collect$$libshutdown$$0000000F      0x0800026a   Section        0  libshutdown2.o(.ARM.Collect$$libshutdown$$0000000F)
    .ARM.Collect$$libshutdown$$00000010      0x0800026a   Section        2  libshutdown2.o(.ARM.Collect$$libshutdown$$00000010)
    .ARM.Collect$$rtentry$$00000000          0x0800026c   Section        0  __rtentry.o(.ARM.Collect$$rtentry$$00000000)
    .ARM.Collect$$rtentry$$00000002          0x0800026c   Section        0  __rtentry2.o(.ARM.Collect$$rtentry$$00000002)
    .ARM.Collect$$rtentry$$00000004          0x0800026c   Section        6  __rtentry4.o(.ARM.Collect$$rtentry$$00000004)
    .ARM.Collect$$rtentry$$00000009          0x08000272   Section        0  __rtentry2.o(.ARM.Collect$$rtentry$$00000009)
    .ARM.Collect$$rtentry$$0000000A          0x08000272   Section        4  __rtentry2.o(.ARM.Collect$$rtentry$$0000000A)
    .ARM.Collect$$rtentry$$0000000C          0x08000276   Section        0  __rtentry2.o(.ARM.Collect$$rtentry$$0000000C)
    .ARM.Collect$$rtentry$$0000000D          0x08000276   Section        8  __rtentry2.o(.ARM.Collect$$rtentry$$0000000D)
    .ARM.Collect$$rtexit$$00000000           0x0800027e   Section        2  rtexit.o(.ARM.Collect$$rtexit$$00000000)
    .ARM.Collect$$rtexit$$00000002           0x08000280   Section        0  rtexit2.o(.ARM.Collect$$rtexit$$00000002)
    .ARM.Collect$$rtexit$$00000003           0x08000280   Section        4  rtexit2.o(.ARM.Collect$$rtexit$$00000003)
    .ARM.Collect$$rtexit$$00000004           0x08000284   Section        6  rtexit2.o(.ARM.Collect$$rtexit$$00000004)
    $v0                                      0x0800028c   Number         0  startup_stm32f303xc.o(.text)
    .text                                    0x0800028c   Section       64  startup_stm32f303xc.o(.text)
    .text                                    0x080002cc   Section        0  noretval__2printf.o(.text)
    .text                                    0x080002e4   Section        0  noretval__2sprintf.o(.text)
    .text                                    0x0800030c   Section        0  _printf_pad.o(.text)
    .text                                    0x0800035a   Section        0  _printf_str.o(.text)
    .text                                    0x080003ac   Section        0  _printf_dec.o(.text)
    .text                                    0x08000424   Section        0  _printf_hex_int.o(.text)
    .text                                    0x0800047c   Section        0  __printf_flags_wp.o(.text)
    .text                                    0x080005b4   Section        0  __0sscanf.o(.text)
    .text                                    0x080005f0   Section        0  _scanf_int.o(.text)
    .text                                    0x0800073c   Section        0  puts.o(.text)
    .text                                    0x08000768   Section        0  strchr.o(.text)
    .text                                    0x0800077c   Section        0  strlen.o(.text)
    .text                                    0x080007ba   Section      138  rt_memcpy_v6.o(.text)
    .text                                    0x08000844   Section       78  rt_memclr_w.o(.text)
    .text                                    0x08000898   Section      124  strcmpv7em.o(.text)
    .text                                    0x08000914   Section        0  heapauxi.o(.text)
    .text                                    0x0800091a   Section        0  _printf_intcommon.o(.text)
    _printf_input_char                       0x080009cd   Thumb Code    10  _printf_char_common.o(.text)
    .text                                    0x080009cc   Section        0  _printf_char_common.o(.text)
    .text                                    0x080009fc   Section        0  _sputc.o(.text)
    .text                                    0x08000a06   Section        0  _printf_char.o(.text)
    .text                                    0x08000a34   Section        0  _printf_char_file.o(.text)
    .text                                    0x08000a58   Section        0  _chval.o(.text)
    _scanf_char_input                        0x08000a75   Thumb Code    12  scanf_char.o(.text)
    .text                                    0x08000a74   Section        0  scanf_char.o(.text)
    .text                                    0x08000aa0   Section        0  _sgetc.o(.text)
    .text                                    0x08000ae0   Section      100  rt_memcpy_w.o(.text)
    .text                                    0x08000b44   Section        0  isspace.o(.text)
    .text                                    0x08000b58   Section        0  _scanf.o(.text)
    .text                                    0x08000ecc   Section        0  ferror.o(.text)
    .text                                    0x08000ed4   Section        0  flsbuf.o(.text)
    .text                                    0x080010b8   Section        0  initio.o(.text)
    .text                                    0x080011f0   Section       74  sys_stackheap_outer.o(.text)
    .text                                    0x0800123c   Section       16  rt_ctype_table.o(.text)
    .text                                    0x0800124c   Section        0  h1_alloc.o(.text)
    .text                                    0x080012aa   Section        0  h1_free.o(.text)
    .text                                    0x080012f8   Section        0  setvbuf.o(.text)
    .text                                    0x08001340   Section        0  stdio.o(.text)
    _freopen_locked                          0x08001449   Thumb Code     0  fopen.o(.text)
    .text                                    0x08001448   Section        0  fopen.o(.text)
    .text                                    0x08001538   Section        0  fclose.o(.text)
    .text                                    0x08001584   Section        0  exit.o(.text)
    .text                                    0x08001596   Section        0  defsig_rtred_outer.o(.text)
    .text                                    0x080015a4   Section        8  libspace.o(.text)
    .text                                    0x080015ac   Section        8  rt_heap_descriptor_intlibspace.o(.text)
    .text                                    0x080015b4   Section        8  rt_locale_intlibspace.o(.text)
    .text                                    0x080015bc   Section        0  hguard.o(.text)
    .text                                    0x080015c0   Section        0  init_alloc.o(.text)
    .text                                    0x0800164a   Section        0  h1_init.o(.text)
    .text                                    0x08001658   Section        0  fseek.o(.text)
    .text                                    0x08001750   Section        0  defsig_exit.o(.text)
    .text                                    0x0800175c   Section        0  defsig_rtred_inner.o(.text)
    .text                                    0x08001790   Section        0  sys_exit.o(.text)
    .text                                    0x0800179c   Section        0  maybetermalloc1.o(.text)
    .text                                    0x0800179c   Section        0  h1_extend.o(.text)
    .text                                    0x080017d0   Section        0  ftell.o(.text)
    .text                                    0x08001812   Section        0  defsig_general.o(.text)
    .text                                    0x08001844   Section        0  defsig_rtmem_outer.o(.text)
    .text                                    0x08001852   Section        0  sys_wrch.o(.text)
    .text                                    0x08001860   Section        2  use_no_semi.o(.text)
    .text                                    0x08001862   Section        0  indicate_semi.o(.text)
    .text                                    0x08001864   Section        8  rt_errno_addr_intlibspace.o(.text)
    .text                                    0x0800186c   Section        0  defsig_rtmem_inner.o(.text)
    [Anonymous Symbol]                       0x080018bc   Section        0  uart.o(.text.DMA1_Channel7_IRQHandler)
    [Anonymous Symbol]                       0x080018e8   Section        0  messages.o(.text.GetMessage)
    [Anonymous Symbol]                       0x08001910   Section        0  timers.o(.text.GetTimer)
    [Anonymous Symbol]                       0x08001920   Section        0  i2cfram.o(.text.I2C1_EV_IRQHandler)
    [Anonymous Symbol]                       0x08001a1c   Section        0  keypad.o(.text.InitKpd4)
    [Anonymous Symbol]                       0x08001a9c   Section        0  messages.o(.text.InitMessages)
    [Anonymous Symbol]                       0x08001ab4   Section        0  timers.o(.text.InitTimers)
    [Anonymous Symbol]                       0x08001ac8   Section        0  uart.o(.text.InitUartDMA)
    [Anonymous Symbol]                       0x08001d30   Section        0  stm32f3xx_ll_gpio.o(.text.LL_GPIO_Init)
    [Anonymous Symbol]                       0x08001e20   Section        0  stm32f3xx_ll_utils.o(.text.LL_Init1msTick)
    [Anonymous Symbol]                       0x08001e48   Section        0  stm32f3xx_ll_rcc.o(.text.LL_RCC_GetUSARTClockFreq)
    [Anonymous Symbol]                       0x080020ec   Section        0  stm32f3xx_ll_utils.o(.text.LL_SetSystemCoreClock)
    [Anonymous Symbol]                       0x080020f8   Section        0  fsm_tm.o(.text.ProcTm)
    [Anonymous Symbol]                       0x080023a4   Section        0  main.o(.text.ProcesLedkey)
    [Anonymous Symbol]                       0x08002480   Section        0  fsm_main.o(.text.ProcessFsmMain)
    [Anonymous Symbol]                       0x08002660   Section        0  fsm_tm.o(.text.ProcessFsmTm)
    [Anonymous Symbol]                       0x08002894   Section        0  keypad.o(.text.ProcessKeyKpd4)
    [Anonymous Symbol]                       0x080029b0   Section        0  messages.o(.text.ProcessMessages)
    [Anonymous Symbol]                       0x080029e4   Section        0  timers.o(.text.ResetTimer)
    [Anonymous Symbol]                       0x080029f4   Section        0  messages.o(.text.SendMessage)
    [Anonymous Symbol]                       0x08002a0c   Section        0  timers.o(.text.SysTick_Handler)
    [Anonymous Symbol]                       0x08002a2c   Section        0  main.o(.text.SystemClock_Config)
    [Anonymous Symbol]                       0x08002acc   Section        0  system_stm32f3xx.o(.text.SystemCoreClockUpdate)
    [Anonymous Symbol]                       0x08002b34   Section        0  system_stm32f3xx.o(.text.SystemInit)
    [Anonymous Symbol]                       0x08002b48   Section        0  uart.o(.text.USART2_IRQHandler)
    [Anonymous Symbol]                       0x08002c24   Section        0  retarget_io.o(.text._sys_close)
    [Anonymous Symbol]                       0x08002c38   Section        0  retarget_io.o(.text._sys_flen)
    [Anonymous Symbol]                       0x08002c3c   Section        0  retarget_io.o(.text._sys_istty)
    [Anonymous Symbol]                       0x08002c4c   Section        0  retarget_io.o(.text._sys_open)
    [Anonymous Symbol]                       0x08002ca8   Section        0  retarget_io.o(.text._sys_seek)
    [Anonymous Symbol]                       0x08002cb0   Section        0  retarget_io.o(.text._sys_write)
    [Anonymous Symbol]                       0x08002d08   Section        0  i2cfram.o(.text.i2cFRAM_rd)
    [Anonymous Symbol]                       0x08002da0   Section        0  i2cfram.o(.text.i2cFRAM_wr)
    [Anonymous Symbol]                       0x08002e38   Section        0  i2cfram.o(.text.init_I2C_FRAM)
    [Anonymous Symbol]                       0x08002f20   Section        0  main.o(.text.main)
    [Anonymous Symbol]                       0x08002fd4   Section        0  uart.o(.text.uart_transmit)
    i._is_digit                              0x08003018   Section        0  __printf_wp.o(i._is_digit)
    i.fputc                                  0x08003026   Section        0  fputc.o(i.fputc)
    locale$$code                             0x08003044   Section       44  lc_ctype_c.o(locale$$code)
    $v0                                      0x08003070   Number         0  fpinit.o(x$fpl$fpinit)
    x$fpl$fpinit                             0x08003070   Section       26  fpinit.o(x$fpl$fpinit)
    uc_hextab                                0x0800308a   Data          20  _printf_hex_int.o(.constdata)
    .constdata                               0x0800308a   Section       40  _printf_hex_int.o(.constdata)
    lc_hextab                                0x0800309e   Data          20  _printf_hex_int.o(.constdata)
    maptable                                 0x080030b2   Data          17  __printf_flags_wp.o(.constdata)
    .constdata                               0x080030b2   Section       17  __printf_flags_wp.o(.constdata)
    locale$$data                             0x08003114   Section      272  lc_ctype_c.o(locale$$data)
    __lcctype_c_name                         0x08003118   Data           2  lc_ctype_c.o(locale$$data)
    __lcctype_c_start                        0x08003120   Data           0  lc_ctype_c.o(locale$$data)
    __lcctype_c_end                          0x08003224   Data           0  lc_ctype_c.o(locale$$data)
    .data                                    0x20000000   Section        4  stdio_streams.o(.data)
    .data                                    0x20000004   Section        4  stdio_streams.o(.data)
    .data                                    0x20000008   Section        4  stdio_streams.o(.data)
    fsmstate                                 0x20000010   Data           1  fsm_tm.o(.data.fsmstate)
    [Anonymous Symbol]                       0x20000010   Section        0  fsm_tm.o(.data.fsmstate)
    .bss                                     0x20000018   Section       84  stdio_streams.o(.bss)
    .bss                                     0x2000006c   Section       84  stdio_streams.o(.bss)
    .bss                                     0x200000c0   Section       84  stdio_streams.o(.bss)
    .bss                                     0x20000114   Section       96  libspace.o(.bss)
    Messages                                 0x20000174   Data          24  messages.o(.bss.Messages)
    [Anonymous Symbol]                       0x20000174   Section        0  messages.o(.bss.Messages)
    ProcTm.stepcnt                           0x2000018c   Data           4  fsm_tm.o(.bss.ProcTm.stepcnt)
    [Anonymous Symbol]                       0x2000018c   Section        0  fsm_tm.o(.bss.ProcTm.stepcnt)
    ProcesLedkey.count                       0x20000190   Data           4  main.o(.bss.ProcesLedkey.count)
    [Anonymous Symbol]                       0x20000190   Section        0  main.o(.bss.ProcesLedkey.count)
    ProcesLedkey.fsmstate                    0x20000194   Data           1  main.o(.bss.ProcesLedkey.fsmstate)
    [Anonymous Symbol]                       0x20000194   Section        0  main.o(.bss.ProcesLedkey.fsmstate)
    ProcesLedkey.textbuf                     0x20000195   Data          17  main.o(.bss.ProcesLedkey.textbuf)
    [Anonymous Symbol]                       0x20000195   Section        0  main.o(.bss.ProcesLedkey.textbuf)
    ProcessFsmTm.aTrbuf                      0x200001a8   Data          32  fsm_tm.o(.bss.ProcessFsmTm.aTrbuf)
    [Anonymous Symbol]                       0x200001a8   Section        0  fsm_tm.o(.bss.ProcessFsmTm.aTrbuf)
    ProcessFsmTm.rdsymbol                    0x200001c8   Data           1  fsm_tm.o(.bss.ProcessFsmTm.rdsymbol)
    [Anonymous Symbol]                       0x200001c8   Section        0  fsm_tm.o(.bss.ProcessFsmTm.rdsymbol)
    ProcessFsmTm.steptm                      0x200001cc   Data           4  fsm_tm.o(.bss.ProcessFsmTm.steptm)
    [Anonymous Symbol]                       0x200001cc   Section        0  fsm_tm.o(.bss.ProcessFsmTm.steptm)
    ProcessFsmTm.wrsymbol                    0x200001d0   Data           1  fsm_tm.o(.bss.ProcessFsmTm.wrsymbol)
    [Anonymous Symbol]                       0x200001d0   Section        0  fsm_tm.o(.bss.ProcessFsmTm.wrsymbol)
    ProcessKeyKpd4.keycode                   0x200001d2   Data           2  keypad.o(.bss.ProcessKeyKpd4.keycode)
    [Anonymous Symbol]                       0x200001d2   Section        0  keypad.o(.bss.ProcessKeyKpd4.keycode)
    USART2_IRQHandler.old_pos                0x200001d4   Data           1  uart.o(.bss.USART2_IRQHandler.old_pos)
    [Anonymous Symbol]                       0x200001d4   Section        0  uart.o(.bss.USART2_IRQHandler.old_pos)
    aRecvbuf                                 0x200001d8   Data         255  fsm_main.o(.bss.aRecvbuf)
    [Anonymous Symbol]                       0x200001d8   Section        0  fsm_main.o(.bss.aRecvbuf)
    addrdat_FRAM                             0x200002d8   Data           4  i2cfram.o(.bss.addrdat_FRAM)
    [Anonymous Symbol]                       0x200002d8   Section        0  i2cfram.o(.bss.addrdat_FRAM)
    addrfsm                                  0x200002dc   Data           4  fsm_main.o(.bss.addrfsm)
    [Anonymous Symbol]                       0x200002dc   Section        0  fsm_main.o(.bss.addrfsm)
    curraddrtm                               0x200002e0   Data           4  fsm_tm.o(.bss.curraddrtm)
    [Anonymous Symbol]                       0x200002e0   Section        0  fsm_tm.o(.bss.curraddrtm)
    fsmstate                                 0x200002e4   Data           1  fsm_main.o(.bss.fsmstate)
    [Anonymous Symbol]                       0x200002e4   Section        0  fsm_main.o(.bss.fsmstate)
    fsmstate                                 0x200002e5   Data           1  keypad.o(.bss.fsmstate)
    [Anonymous Symbol]                       0x200002e5   Section        0  keypad.o(.bss.fsmstate)
    mtstatectrl                              0x200002ee   Data           1  fsm_tm.o(.bss.mtstatectrl)
    [Anonymous Symbol]                       0x200002ee   Section        0  fsm_tm.o(.bss.mtstatectrl)
    nextaddrtm                               0x200002f0   Data           4  fsm_tm.o(.bss.nextaddrtm)
    [Anonymous Symbol]                       0x200002f0   Section        0  fsm_tm.o(.bss.nextaddrtm)
    tDati2c                                  0x200002f4   Data         257  i2cfram.o(.bss.tDati2c)
    [Anonymous Symbol]                       0x200002f4   Section        0  i2cfram.o(.bss.tDati2c)
    tDatuart                                 0x200003f8   Data         767  uart.o(.bss.tDatuart)
    [Anonymous Symbol]                       0x200003f8   Section        0  uart.o(.bss.tDatuart)
    v_timers                                 0x200006f8   Data          16  timers.o(.bss.v_timers)
    [Anonymous Symbol]                       0x200006f8   Section        0  timers.o(.bss.v_timers)
    Heap_Mem                                 0x20000708   Data         512  startup_stm32f303xc.o(HEAP)
    HEAP                                     0x20000708   Section      512  startup_stm32f303xc.o(HEAP)
    Stack_Mem                                0x20000908   Data        1024  startup_stm32f303xc.o(STACK)
    STACK                                    0x20000908   Section     1024  startup_stm32f303xc.o(STACK)
    __initial_sp                             0x20000d08   Data           0  startup_stm32f303xc.o(STACK)

    Global Symbols

    Symbol Name                              Value     Ov Type        Size  Object(Section)

    BuildAttributes$$THM_ISAv4$E$P$D$K$B$S$7EM$VFPi3$EXTD16$VFPS$VFMA$PE$A:L22UL41UL21$X:L11$S22US41US21$IEEE1$IW$~IW$USESV6$~STKCKD$USESV7$~SHL$OTIME$ROPI$EBA8$UX$STANDARDLIB$REQ8$PRES8$EABIv2 0x00000000   Number         0  anon$$obj.o ABSOLUTE
    _printf_flags                            0x00000000   Number         0  printf_stubs.o ABSOLUTE
    _printf_return_value                     0x00000000   Number         0  printf_stubs.o ABSOLUTE
    _printf_sizespec                         0x00000000   Number         0  printf_stubs.o ABSOLUTE
    _printf_widthprec                        0x00000000   Number         0  printf_stubs.o ABSOLUTE
    __ARM_exceptions_init                     - Undefined Weak Reference
    __alloca_initialize                       - Undefined Weak Reference
    __arm_preinit_                            - Undefined Weak Reference
    __arm_relocate_pie_                       - Undefined Weak Reference
    __cpp_initialize__aeabi_                  - Undefined Weak Reference
    __cxa_finalize                            - Undefined Weak Reference
    __sigvec_lookup                           - Undefined Weak Reference
    __user_heap_extent                        - Undefined Weak Reference
    _atexit_init                              - Undefined Weak Reference
    _call_atexit_fns                          - Undefined Weak Reference
    _clock_init                               - Undefined Weak Reference
    _fp_trap_init                             - Undefined Weak Reference
    _fp_trap_shutdown                         - Undefined Weak Reference
    _get_lc_collate                           - Undefined Weak Reference
    _get_lc_monetary                          - Undefined Weak Reference
    _get_lc_numeric                           - Undefined Weak Reference
    _get_lc_time                              - Undefined Weak Reference
    _getenv_init                              - Undefined Weak Reference
    _handle_redirection                       - Undefined Weak Reference
    _mutex_acquire                            - Undefined Weak Reference
    _mutex_free                               - Undefined Weak Reference
    _mutex_release                            - Undefined Weak Reference
    _printf_mbtowc                            - Undefined Weak Reference
    _printf_truncate_signed                   - Undefined Weak Reference
    _printf_truncate_unsigned                 - Undefined Weak Reference
    _rand_init                                - Undefined Weak Reference
    _scanf_longlong                           - Undefined Weak Reference
    _scanf_mbtowc                             - Undefined Weak Reference
    _scanf_real                               - Undefined Weak Reference
    _scanf_string                             - Undefined Weak Reference
    _scanf_wctomb                             - Undefined Weak Reference
    _scanf_wstring                            - Undefined Weak Reference
    _signal_finish                            - Undefined Weak Reference
    _signal_init                              - Undefined Weak Reference
    __Vectors_Size                           0x00000188   Number         0  startup_stm32f303xc.o ABSOLUTE
    __Vectors                                0x08000000   Data           4  startup_stm32f303xc.o(RESET)
    __Vectors_End                            0x08000188   Data           0  startup_stm32f303xc.o(RESET)
    __main                                   0x08000189   Thumb Code     8  __main.o(!!!main)
    __scatterload                            0x08000191   Thumb Code     0  __scatter.o(!!!scatter)
    __scatterload_rt2                        0x08000191   Thumb Code    84  __scatter.o(!!!scatter)
    __scatterload_rt2_thumb_only             0x08000191   Thumb Code     0  __scatter.o(!!!scatter)
    __scatterload_loop                       0x0800019b   Thumb Code     0  __scatter.o(!!!scatter)
    __scatterload_copy                       0x080001ed   Thumb Code    26  __scatter_copy.o(!!handler_copy)
    __scatterload_null                       0x08000209   Thumb Code     2  __scatter.o(!!handler_null)
    __scatterload_zeroinit                   0x0800020d   Thumb Code    28  __scatter_zi.o(!!handler_zi)
    _printf_d                                0x08000229   Thumb Code     0  _printf_d.o(.ARM.Collect$$_printf_percent$$00000009)
    _printf_percent                          0x08000229   Thumb Code     0  _printf_percent.o(.ARM.Collect$$_printf_percent$$00000000)
    _printf_x                                0x0800022f   Thumb Code     0  _printf_x.o(.ARM.Collect$$_printf_percent$$0000000C)
    _printf_c                                0x08000235   Thumb Code     0  _printf_c.o(.ARM.Collect$$_printf_percent$$00000013)
    _printf_percent_end                      0x0800023b   Thumb Code     0  _printf_percent_end.o(.ARM.Collect$$_printf_percent$$00000017)
    __rt_lib_init                            0x0800023f   Thumb Code     0  libinit.o(.ARM.Collect$$libinit$$00000000)
    __rt_lib_init_fp_1                       0x08000241   Thumb Code     0  libinit2.o(.ARM.Collect$$libinit$$00000001)
    __rt_lib_init_heap_2                     0x08000245   Thumb Code     0  libinit2.o(.ARM.Collect$$libinit$$00000007)
    __rt_lib_init_preinit_1                  0x08000245   Thumb Code     0  libinit2.o(.ARM.Collect$$libinit$$00000006)
    __rt_lib_init_relocate_pie_1             0x08000245   Thumb Code     0  libinit2.o(.ARM.Collect$$libinit$$00000004)
    __rt_lib_init_heap_1                     0x0800024d   Thumb Code     0  libinit2.o(.ARM.Collect$$libinit$$0000000C)
    __rt_lib_init_lc_common                  0x0800024d   Thumb Code     0  libinit2.o(.ARM.Collect$$libinit$$00000011)
    __rt_lib_init_rand_1                     0x0800024d   Thumb Code     0  libinit2.o(.ARM.Collect$$libinit$$00000010)
    __rt_lib_init_user_alloc_1               0x0800024d   Thumb Code     0  libinit2.o(.ARM.Collect$$libinit$$0000000E)
    __rt_lib_init_lc_collate_1               0x08000253   Thumb Code     0  libinit2.o(.ARM.Collect$$libinit$$00000013)
    __rt_lib_init_lc_ctype_2                 0x08000253   Thumb Code     0  libinit2.o(.ARM.Collect$$libinit$$00000014)
    __rt_lib_init_atexit_1                   0x0800025f   Thumb Code     0  libinit2.o(.ARM.Collect$$libinit$$0000001D)
    __rt_lib_init_clock_1                    0x0800025f   Thumb Code     0  libinit2.o(.ARM.Collect$$libinit$$00000023)
    __rt_lib_init_fp_trap_1                  0x0800025f   Thumb Code     0  libinit2.o(.ARM.Collect$$libinit$$00000021)
    __rt_lib_init_getenv_1                   0x0800025f   Thumb Code     0  libinit2.o(.ARM.Collect$$libinit$$00000025)
    __rt_lib_init_lc_ctype_1                 0x0800025f   Thumb Code     0  libinit2.o(.ARM.Collect$$libinit$$00000015)
    __rt_lib_init_lc_monetary_1              0x0800025f   Thumb Code     0  libinit2.o(.ARM.Collect$$libinit$$00000017)
    __rt_lib_init_lc_numeric_1               0x0800025f   Thumb Code     0  libinit2.o(.ARM.Collect$$libinit$$00000019)
    __rt_lib_init_lc_time_1                  0x0800025f   Thumb Code     0  libinit2.o(.ARM.Collect$$libinit$$0000001B)
    __rt_lib_init_signal_1                   0x0800025f   Thumb Code     0  libinit2.o(.ARM.Collect$$libinit$$0000001F)
    __rt_lib_init_stdio_2                    0x0800025f   Thumb Code     0  libinit2.o(.ARM.Collect$$libinit$$00000026)
    __rt_lib_init_alloca_1                   0x08000263   Thumb Code     0  libinit2.o(.ARM.Collect$$libinit$$00000030)
    __rt_lib_init_argv_1                     0x08000263   Thumb Code     0  libinit2.o(.ARM.Collect$$libinit$$0000002E)
    __rt_lib_init_cpp_1                      0x08000263   Thumb Code     0  libinit2.o(.ARM.Collect$$libinit$$00000034)
    __rt_lib_init_exceptions_1               0x08000263   Thumb Code     0  libinit2.o(.ARM.Collect$$libinit$$00000032)
    __rt_lib_init_return                     0x08000263   Thumb Code     0  libinit2.o(.ARM.Collect$$libinit$$00000035)
    __rt_lib_init_stdio_1                    0x08000263   Thumb Code     0  libinit2.o(.ARM.Collect$$libinit$$00000027)
    __rt_lib_shutdown                        0x08000265   Thumb Code     0  libshutdown.o(.ARM.Collect$$libshutdown$$00000000)
    __rt_lib_shutdown_cpp_1                  0x08000267   Thumb Code     0  libshutdown2.o(.ARM.Collect$$libshutdown$$00000002)
    __rt_lib_shutdown_stdio_2                0x08000267   Thumb Code     0  libshutdown2.o(.ARM.Collect$$libshutdown$$00000003)
    __rt_lib_shutdown_fp_trap_1              0x0800026b   Thumb Code     0  libshutdown2.o(.ARM.Collect$$libshutdown$$00000007)
    __rt_lib_shutdown_heap_1                 0x0800026b   Thumb Code     0  libshutdown2.o(.ARM.Collect$$libshutdown$$0000000F)
    __rt_lib_shutdown_return                 0x0800026b   Thumb Code     0  libshutdown2.o(.ARM.Collect$$libshutdown$$00000010)
    __rt_lib_shutdown_signal_1               0x0800026b   Thumb Code     0  libshutdown2.o(.ARM.Collect$$libshutdown$$0000000A)
    __rt_lib_shutdown_stdio_1                0x0800026b   Thumb Code     0  libshutdown2.o(.ARM.Collect$$libshutdown$$00000004)
    __rt_lib_shutdown_user_alloc_1           0x0800026b   Thumb Code     0  libshutdown2.o(.ARM.Collect$$libshutdown$$0000000C)
    __rt_entry                               0x0800026d   Thumb Code     0  __rtentry.o(.ARM.Collect$$rtentry$$00000000)
    __rt_entry_presh_1                       0x0800026d   Thumb Code     0  __rtentry2.o(.ARM.Collect$$rtentry$$00000002)
    __rt_entry_sh                            0x0800026d   Thumb Code     0  __rtentry4.o(.ARM.Collect$$rtentry$$00000004)
    __rt_entry_li                            0x08000273   Thumb Code     0  __rtentry2.o(.ARM.Collect$$rtentry$$0000000A)
    __rt_entry_postsh_1                      0x08000273   Thumb Code     0  __rtentry2.o(.ARM.Collect$$rtentry$$00000009)
    __rt_entry_main                          0x08000277   Thumb Code     0  __rtentry2.o(.ARM.Collect$$rtentry$$0000000D)
    __rt_entry_postli_1                      0x08000277   Thumb Code     0  __rtentry2.o(.ARM.Collect$$rtentry$$0000000C)
    __rt_exit                                0x0800027f   Thumb Code     0  rtexit.o(.ARM.Collect$$rtexit$$00000000)
    __rt_exit_ls                             0x08000281   Thumb Code     0  rtexit2.o(.ARM.Collect$$rtexit$$00000003)
    __rt_exit_prels_1                        0x08000281   Thumb Code     0  rtexit2.o(.ARM.Collect$$rtexit$$00000002)
    __rt_exit_exit                           0x08000285   Thumb Code     0  rtexit2.o(.ARM.Collect$$rtexit$$00000004)
    Reset_Handler                            0x0800028d   Thumb Code     8  startup_stm32f303xc.o(.text)
    NMI_Handler                              0x08000295   Thumb Code     2  startup_stm32f303xc.o(.text)
    HardFault_Handler                        0x08000297   Thumb Code     2  startup_stm32f303xc.o(.text)
    MemManage_Handler                        0x08000299   Thumb Code     2  startup_stm32f303xc.o(.text)
    BusFault_Handler                         0x0800029b   Thumb Code     2  startup_stm32f303xc.o(.text)
    UsageFault_Handler                       0x0800029d   Thumb Code     2  startup_stm32f303xc.o(.text)
    SVC_Handler                              0x0800029f   Thumb Code     2  startup_stm32f303xc.o(.text)
    DebugMon_Handler                         0x080002a1   Thumb Code     2  startup_stm32f303xc.o(.text)
    PendSV_Handler                           0x080002a3   Thumb Code     2  startup_stm32f303xc.o(.text)
    ADC1_2_IRQHandler                        0x080002a7   Thumb Code     0  startup_stm32f303xc.o(.text)
    ADC3_IRQHandler                          0x080002a7   Thumb Code     0  startup_stm32f303xc.o(.text)
    ADC4_IRQHandler                          0x080002a7   Thumb Code     0  startup_stm32f303xc.o(.text)
    CAN_RX1_IRQHandler                       0x080002a7   Thumb Code     0  startup_stm32f303xc.o(.text)
    CAN_SCE_IRQHandler                       0x080002a7   Thumb Code     0  startup_stm32f303xc.o(.text)
    COMP1_2_3_IRQHandler                     0x080002a7   Thumb Code     0  startup_stm32f303xc.o(.text)
    COMP4_5_6_IRQHandler                     0x080002a7   Thumb Code     0  startup_stm32f303xc.o(.text)
    COMP7_IRQHandler                         0x080002a7   Thumb Code     0  startup_stm32f303xc.o(.text)
    DMA1_Channel1_IRQHandler                 0x080002a7   Thumb Code     0  startup_stm32f303xc.o(.text)
    DMA1_Channel2_IRQHandler                 0x080002a7   Thumb Code     0  startup_stm32f303xc.o(.text)
    DMA1_Channel3_IRQHandler                 0x080002a7   Thumb Code     0  startup_stm32f303xc.o(.text)
    DMA1_Channel4_IRQHandler                 0x080002a7   Thumb Code     0  startup_stm32f303xc.o(.text)
    DMA1_Channel5_IRQHandler                 0x080002a7   Thumb Code     0  startup_stm32f303xc.o(.text)
    DMA1_Channel6_IRQHandler                 0x080002a7   Thumb Code     0  startup_stm32f303xc.o(.text)
    DMA2_Channel1_IRQHandler                 0x080002a7   Thumb Code     0  startup_stm32f303xc.o(.text)
    DMA2_Channel2_IRQHandler                 0x080002a7   Thumb Code     0  startup_stm32f303xc.o(.text)
    DMA2_Channel3_IRQHandler                 0x080002a7   Thumb Code     0  startup_stm32f303xc.o(.text)
    DMA2_Channel4_IRQHandler                 0x080002a7   Thumb Code     0  startup_stm32f303xc.o(.text)
    DMA2_Channel5_IRQHandler                 0x080002a7   Thumb Code     0  startup_stm32f303xc.o(.text)
    EXTI0_IRQHandler                         0x080002a7   Thumb Code     0  startup_stm32f303xc.o(.text)
    EXTI15_10_IRQHandler                     0x080002a7   Thumb Code     0  startup_stm32f303xc.o(.text)
    EXTI1_IRQHandler                         0x080002a7   Thumb Code     0  startup_stm32f303xc.o(.text)
    EXTI2_TSC_IRQHandler                     0x080002a7   Thumb Code     0  startup_stm32f303xc.o(.text)
    EXTI3_IRQHandler                         0x080002a7   Thumb Code     0  startup_stm32f303xc.o(.text)
    EXTI4_IRQHandler                         0x080002a7   Thumb Code     0  startup_stm32f303xc.o(.text)
    EXTI9_5_IRQHandler                       0x080002a7   Thumb Code     0  startup_stm32f303xc.o(.text)
    FLASH_IRQHandler                         0x080002a7   Thumb Code     0  startup_stm32f303xc.o(.text)
    FPU_IRQHandler                           0x080002a7   Thumb Code     0  startup_stm32f303xc.o(.text)
    I2C1_ER_IRQHandler                       0x080002a7   Thumb Code     0  startup_stm32f303xc.o(.text)
    I2C2_ER_IRQHandler                       0x080002a7   Thumb Code     0  startup_stm32f303xc.o(.text)
    I2C2_EV_IRQHandler                       0x080002a7   Thumb Code     0  startup_stm32f303xc.o(.text)
    PVD_IRQHandler                           0x080002a7   Thumb Code     0  startup_stm32f303xc.o(.text)
    RCC_IRQHandler                           0x080002a7   Thumb Code     0  startup_stm32f303xc.o(.text)
    RTC_Alarm_IRQHandler                     0x080002a7   Thumb Code     0  startup_stm32f303xc.o(.text)
    RTC_WKUP_IRQHandler                      0x080002a7   Thumb Code     0  startup_stm32f303xc.o(.text)
    SPI1_IRQHandler                          0x080002a7   Thumb Code     0  startup_stm32f303xc.o(.text)
    SPI2_IRQHandler                          0x080002a7   Thumb Code     0  startup_stm32f303xc.o(.text)
    SPI3_IRQHandler                          0x080002a7   Thumb Code     0  startup_stm32f303xc.o(.text)
    TAMP_STAMP_IRQHandler                    0x080002a7   Thumb Code     0  startup_stm32f303xc.o(.text)
    TIM1_BRK_TIM15_IRQHandler                0x080002a7   Thumb Code     0  startup_stm32f303xc.o(.text)
    TIM1_CC_IRQHandler                       0x080002a7   Thumb Code     0  startup_stm32f303xc.o(.text)
    TIM1_TRG_COM_TIM17_IRQHandler            0x080002a7   Thumb Code     0  startup_stm32f303xc.o(.text)
    TIM1_UP_TIM16_IRQHandler                 0x080002a7   Thumb Code     0  startup_stm32f303xc.o(.text)
    TIM2_IRQHandler                          0x080002a7   Thumb Code     0  startup_stm32f303xc.o(.text)
    TIM3_IRQHandler                          0x080002a7   Thumb Code     0  startup_stm32f303xc.o(.text)
    TIM4_IRQHandler                          0x080002a7   Thumb Code     0  startup_stm32f303xc.o(.text)
    TIM6_DAC_IRQHandler                      0x080002a7   Thumb Code     0  startup_stm32f303xc.o(.text)
    TIM7_IRQHandler                          0x080002a7   Thumb Code     0  startup_stm32f303xc.o(.text)
    TIM8_BRK_IRQHandler                      0x080002a7   Thumb Code     0  startup_stm32f303xc.o(.text)
    TIM8_CC_IRQHandler                       0x080002a7   Thumb Code     0  startup_stm32f303xc.o(.text)
    TIM8_TRG_COM_IRQHandler                  0x080002a7   Thumb Code     0  startup_stm32f303xc.o(.text)
    TIM8_UP_IRQHandler                       0x080002a7   Thumb Code     0  startup_stm32f303xc.o(.text)
    UART4_IRQHandler                         0x080002a7   Thumb Code     0  startup_stm32f303xc.o(.text)
    UART5_IRQHandler                         0x080002a7   Thumb Code     0  startup_stm32f303xc.o(.text)
    USART1_IRQHandler                        0x080002a7   Thumb Code     0  startup_stm32f303xc.o(.text)
    USART3_IRQHandler                        0x080002a7   Thumb Code     0  startup_stm32f303xc.o(.text)
    USBWakeUp_IRQHandler                     0x080002a7   Thumb Code     0  startup_stm32f303xc.o(.text)
    USBWakeUp_RMP_IRQHandler                 0x080002a7   Thumb Code     0  startup_stm32f303xc.o(.text)
    USB_HP_CAN_TX_IRQHandler                 0x080002a7   Thumb Code     0  startup_stm32f303xc.o(.text)
    USB_HP_IRQHandler                        0x080002a7   Thumb Code     0  startup_stm32f303xc.o(.text)
    USB_LP_CAN_RX0_IRQHandler                0x080002a7   Thumb Code     0  startup_stm32f303xc.o(.text)
    USB_LP_IRQHandler                        0x080002a7   Thumb Code     0  startup_stm32f303xc.o(.text)
    WWDG_IRQHandler                          0x080002a7   Thumb Code     0  startup_stm32f303xc.o(.text)
    __user_initial_stackheap                 0x080002a9   Thumb Code     0  startup_stm32f303xc.o(.text)
    __2printf                                0x080002cd   Thumb Code    20  noretval__2printf.o(.text)
    __2sprintf                               0x080002e5   Thumb Code    34  noretval__2sprintf.o(.text)
    _printf_pre_padding                      0x0800030d   Thumb Code    44  _printf_pad.o(.text)
    _printf_post_padding                     0x08000339   Thumb Code    34  _printf_pad.o(.text)
    _printf_str                              0x0800035b   Thumb Code    82  _printf_str.o(.text)
    _printf_int_dec                          0x080003ad   Thumb Code   104  _printf_dec.o(.text)
    _printf_int_hex                          0x08000425   Thumb Code    84  _printf_hex_int.o(.text)
    _printf_longlong_hex                     0x08000425   Thumb Code     0  _printf_hex_int.o(.text)
    __printf                                 0x0800047d   Thumb Code   308  __printf_flags_wp.o(.text)
    __0sscanf                                0x080005b5   Thumb Code    52  __0sscanf.o(.text)
    _scanf_int                               0x080005f1   Thumb Code   332  _scanf_int.o(.text)
    puts                                     0x0800073d   Thumb Code    40  puts.o(.text)
    strchr                                   0x08000769   Thumb Code    20  strchr.o(.text)
    strlen                                   0x0800077d   Thumb Code    62  strlen.o(.text)
    __aeabi_memcpy                           0x080007bb   Thumb Code     0  rt_memcpy_v6.o(.text)
    __rt_memcpy                              0x080007bb   Thumb Code   138  rt_memcpy_v6.o(.text)
    _memcpy_lastbytes                        0x08000821   Thumb Code     0  rt_memcpy_v6.o(.text)
    __aeabi_memclr4                          0x08000845   Thumb Code     0  rt_memclr_w.o(.text)
    __aeabi_memclr8                          0x08000845   Thumb Code     0  rt_memclr_w.o(.text)
    __rt_memclr_w                            0x08000845   Thumb Code     0  rt_memclr_w.o(.text)
    _memset_w                                0x08000849   Thumb Code    74  rt_memclr_w.o(.text)
    strcmp                                   0x08000899   Thumb Code   124  strcmpv7em.o(.text)
    __use_two_region_memory                  0x08000915   Thumb Code     2  heapauxi.o(.text)
    __rt_heap_escrow                         0x08000917   Thumb Code     2  heapauxi.o(.text)
    __rt_heap_expand                         0x08000919   Thumb Code     2  heapauxi.o(.text)
    _printf_int_common                       0x0800091b   Thumb Code   178  _printf_intcommon.o(.text)
    _printf_char_common                      0x080009d7   Thumb Code    32  _printf_char_common.o(.text)
    _sputc                                   0x080009fd   Thumb Code    10  _sputc.o(.text)
    _printf_cs_common                        0x08000a07   Thumb Code    20  _printf_char.o(.text)
    _printf_char                             0x08000a1b   Thumb Code    16  _printf_char.o(.text)
    _printf_string                           0x08000a2b   Thumb Code     8  _printf_char.o(.text)
    _printf_char_file                        0x08000a35   Thumb Code    32  _printf_char_file.o(.text)
    _chval                                   0x08000a59   Thumb Code    28  _chval.o(.text)
    __vfscanf_char                           0x08000a81   Thumb Code    24  scanf_char.o(.text)
    _sgetc                                   0x08000aa1   Thumb Code    30  _sgetc.o(.text)
    _sbackspace                              0x08000abf   Thumb Code    34  _sgetc.o(.text)
    __aeabi_memcpy4                          0x08000ae1   Thumb Code     0  rt_memcpy_w.o(.text)
    __aeabi_memcpy8                          0x08000ae1   Thumb Code     0  rt_memcpy_w.o(.text)
    __rt_memcpy_w                            0x08000ae1   Thumb Code   100  rt_memcpy_w.o(.text)
    _memcpy_lastbytes_aligned                0x08000b29   Thumb Code     0  rt_memcpy_w.o(.text)
    isspace                                  0x08000b45   Thumb Code    18  isspace.o(.text)
    __vfscanf                                0x08000b59   Thumb Code   878  _scanf.o(.text)
    ferror                                   0x08000ecd   Thumb Code     8  ferror.o(.text)
    __flsbuf                                 0x08000ed5   Thumb Code   482  flsbuf.o(.text)
    __flsbuf_byte                            0x08000ed5   Thumb Code     0  flsbuf.o(.text)
    __flsbuf_wide                            0x08000ed5   Thumb Code     0  flsbuf.o(.text)
    _initio                                  0x080010b9   Thumb Code   210  initio.o(.text)
    _terminateio                             0x0800118b   Thumb Code    56  initio.o(.text)
    __user_setup_stackheap                   0x080011f1   Thumb Code    74  sys_stackheap_outer.o(.text)
    __rt_ctype_table                         0x0800123d   Thumb Code    16  rt_ctype_table.o(.text)
    malloc                                   0x0800124d   Thumb Code    94  h1_alloc.o(.text)
    free                                     0x080012ab   Thumb Code    78  h1_free.o(.text)
    setvbuf                                  0x080012f9   Thumb Code    70  setvbuf.o(.text)
    _seterr                                  0x08001341   Thumb Code    20  stdio.o(.text)
    _writebuf                                0x08001355   Thumb Code   108  stdio.o(.text)
    _fflush                                  0x080013c1   Thumb Code    70  stdio.o(.text)
    _deferredlazyseek                        0x08001407   Thumb Code    60  stdio.o(.text)
    freopen                                  0x08001449   Thumb Code   160  fopen.o(.text)
    fopen                                    0x080014e9   Thumb Code    74  fopen.o(.text)
    _fclose_internal                         0x08001539   Thumb Code    76  fclose.o(.text)
    fclose                                   0x08001539   Thumb Code     0  fclose.o(.text)
    exit                                     0x08001585   Thumb Code    18  exit.o(.text)
    __rt_SIGRTRED                            0x08001597   Thumb Code    14  defsig_rtred_outer.o(.text)
    __user_libspace                          0x080015a5   Thumb Code     8  libspace.o(.text)
    __user_perproc_libspace                  0x080015a5   Thumb Code     0  libspace.o(.text)
    __user_perthread_libspace                0x080015a5   Thumb Code     0  libspace.o(.text)
    __rt_heap_descriptor                     0x080015ad   Thumb Code     8  rt_heap_descriptor_intlibspace.o(.text)
    __rt_locale                              0x080015b5   Thumb Code     8  rt_locale_intlibspace.o(.text)
    __use_no_heap                            0x080015bd   Thumb Code     2  hguard.o(.text)
    __heap$guard                             0x080015bf   Thumb Code     2  hguard.o(.text)
    _terminate_user_alloc                    0x080015c1   Thumb Code     2  init_alloc.o(.text)
    _init_user_alloc                         0x080015c3   Thumb Code     2  init_alloc.o(.text)
    __Heap_Full                              0x080015c5   Thumb Code    34  init_alloc.o(.text)
    __Heap_Broken                            0x080015e7   Thumb Code     6  init_alloc.o(.text)
    _init_alloc                              0x080015ed   Thumb Code    94  init_alloc.o(.text)
    __Heap_Initialize                        0x0800164b   Thumb Code     8  h1_init.o(.text)
    __Heap_DescSize                          0x08001653   Thumb Code     4  h1_init.o(.text)
    _fseek                                   0x08001659   Thumb Code   242  fseek.o(.text)
    fseek                                    0x08001659   Thumb Code     0  fseek.o(.text)
    __sig_exit                               0x08001751   Thumb Code    10  defsig_exit.o(.text)
    __rt_SIGRTRED_inner                      0x0800175d   Thumb Code    14  defsig_rtred_inner.o(.text)
    _sys_exit                                0x08001791   Thumb Code     8  sys_exit.o(.text)
    __Heap_ProvideMemory                     0x0800179d   Thumb Code    52  h1_extend.o(.text)
    _maybe_terminate_alloc                   0x0800179d   Thumb Code     0  maybetermalloc1.o(.text)
    _ftell_internal                          0x080017d1   Thumb Code    66  ftell.o(.text)
    ftell                                    0x080017d1   Thumb Code     0  ftell.o(.text)
    __default_signal_display                 0x08001813   Thumb Code    50  defsig_general.o(.text)
    __rt_SIGRTMEM                            0x08001845   Thumb Code    14  defsig_rtmem_outer.o(.text)
    _ttywrch                                 0x08001853   Thumb Code    14  sys_wrch.o(.text)
    __I$use$semihosting                      0x08001861   Thumb Code     0  use_no_semi.o(.text)
    __use_no_semihosting_swi                 0x08001861   Thumb Code     2  use_no_semi.o(.text)
    __semihosting_library_function           0x08001863   Thumb Code     0  indicate_semi.o(.text)
    __aeabi_errno_addr                       0x08001865   Thumb Code     8  rt_errno_addr_intlibspace.o(.text)
    __errno$intlibspace                      0x08001865   Thumb Code     0  rt_errno_addr_intlibspace.o(.text)
    __rt_errno_addr$intlibspace              0x08001865   Thumb Code     0  rt_errno_addr_intlibspace.o(.text)
    __rt_SIGRTMEM_inner                      0x0800186d   Thumb Code    22  defsig_rtmem_inner.o(.text)
    DMA1_Channel7_IRQHandler                 0x080018bd   Thumb Code    42  uart.o(.text.DMA1_Channel7_IRQHandler)
    GetMessage                               0x080018e9   Thumb Code    38  messages.o(.text.GetMessage)
    GetTimer                                 0x08001911   Thumb Code    14  timers.o(.text.GetTimer)
    I2C1_EV_IRQHandler                       0x08001921   Thumb Code   236  i2cfram.o(.text.I2C1_EV_IRQHandler)
    InitKpd4                                 0x08001a1d   Thumb Code   112  keypad.o(.text.InitKpd4)
    InitMessages                             0x08001a9d   Thumb Code    24  messages.o(.text.InitMessages)
    InitTimers                               0x08001ab5   Thumb Code    20  timers.o(.text.InitTimers)
    InitUartDMA                              0x08001ac9   Thumb Code   584  uart.o(.text.InitUartDMA)
    LL_GPIO_Init                             0x08001d31   Thumb Code   238  stm32f3xx_ll_gpio.o(.text.LL_GPIO_Init)
    LL_Init1msTick                           0x08001e21   Thumb Code    40  stm32f3xx_ll_utils.o(.text.LL_Init1msTick)
    LL_RCC_GetUSARTClockFreq                 0x08001e49   Thumb Code   676  stm32f3xx_ll_rcc.o(.text.LL_RCC_GetUSARTClockFreq)
    LL_SetSystemCoreClock                    0x080020ed   Thumb Code    12  stm32f3xx_ll_utils.o(.text.LL_SetSystemCoreClock)
    ProcTm                                   0x080020f9   Thumb Code   684  fsm_tm.o(.text.ProcTm)
    ProcesLedkey                             0x080023a5   Thumb Code   220  main.o(.text.ProcesLedkey)
    ProcessFsmMain                           0x08002481   Thumb Code   472  fsm_main.o(.text.ProcessFsmMain)
    ProcessFsmTm                             0x08002661   Thumb Code   492  fsm_tm.o(.text.ProcessFsmTm)
    ProcessKeyKpd4                           0x08002895   Thumb Code   284  keypad.o(.text.ProcessKeyKpd4)
    ProcessMessages                          0x080029b1   Thumb Code    50  messages.o(.text.ProcessMessages)
    ResetTimer                               0x080029e5   Thumb Code    16  timers.o(.text.ResetTimer)
    SendMessage                              0x080029f5   Thumb Code    22  messages.o(.text.SendMessage)
    SysTick_Handler                          0x08002a0d   Thumb Code    30  timers.o(.text.SysTick_Handler)
    SystemClock_Config                       0x08002a2d   Thumb Code   160  main.o(.text.SystemClock_Config)
    SystemCoreClockUpdate                    0x08002acd   Thumb Code   104  system_stm32f3xx.o(.text.SystemCoreClockUpdate)
    SystemInit                               0x08002b35   Thumb Code    18  system_stm32f3xx.o(.text.SystemInit)
    USART2_IRQHandler                        0x08002b49   Thumb Code   208  uart.o(.text.USART2_IRQHandler)
    _sys_close                               0x08002c25   Thumb Code    20  retarget_io.o(.text._sys_close)
    _sys_flen                                0x08002c39   Thumb Code     4  retarget_io.o(.text._sys_flen)
    _sys_istty                               0x08002c3d   Thumb Code    16  retarget_io.o(.text._sys_istty)
    _sys_open                                0x08002c4d   Thumb Code    90  retarget_io.o(.text._sys_open)
    _sys_seek                                0x08002ca9   Thumb Code     6  retarget_io.o(.text._sys_seek)
    _sys_write                               0x08002cb1   Thumb Code    88  retarget_io.o(.text._sys_write)
    i2cFRAM_rd                               0x08002d09   Thumb Code   152  i2cfram.o(.text.i2cFRAM_rd)
    i2cFRAM_wr                               0x08002da1   Thumb Code   150  i2cfram.o(.text.i2cFRAM_wr)
    init_I2C_FRAM                            0x08002e39   Thumb Code   220  i2cfram.o(.text.init_I2C_FRAM)
    main                                     0x08002f21   Thumb Code   164  main.o(.text.main)
    uart_transmit                            0x08002fd5   Thumb Code    68  uart.o(.text.uart_transmit)
    _is_digit                                0x08003019   Thumb Code    14  __printf_wp.o(i._is_digit)
    fputc                                    0x08003027   Thumb Code    28  fputc.o(i.fputc)
    _get_lc_ctype                            0x08003045   Thumb Code    44  lc_ctype_c.o(locale$$code)
    _fp_init                                 0x08003071   Thumb Code    26  fpinit.o(x$fpl$fpinit)
    __fplib_config_fpu_vfp                   0x08003089   Thumb Code     0  fpinit.o(x$fpl$fpinit)
    __fplib_config_pureend_doubles           0x08003089   Thumb Code     0  fpinit.o(x$fpl$fpinit)
    AHBPrescTable                            0x080030c3   Data          16  system_stm32f3xx.o(.rodata.AHBPrescTable)
    APBPrescTable                            0x080030d3   Data           8  system_stm32f3xx.o(.rodata.APBPrescTable)
    __stderr_name                            0x080030db   Data           8  retarget_io.o(.rodata.__stderr_name)
    __stdin_name                             0x080030e3   Data           7  retarget_io.o(.rodata.__stdin_name)
    __stdout_name                            0x080030ea   Data           8  retarget_io.o(.rodata.__stdout_name)
    Region$$Table$$Base                      0x080030f4   Number         0  anon$$obj.o(Region$$Table)
    Region$$Table$$Limit                     0x08003114   Number         0  anon$$obj.o(Region$$Table)
    __ctype                                  0x08003121   Data           0  lc_ctype_c.o(locale$$data)
    __aeabi_stdin                            0x20000000   Data           4  stdio_streams.o(.data)
    __aeabi_stdout                           0x20000004   Data           4  stdio_streams.o(.data)
    __aeabi_stderr                           0x20000008   Data           4  stdio_streams.o(.data)
    SystemCoreClock                          0x2000000c   Data           4  system_stm32f3xx.o(.data.SystemCoreClock)
    __stdin                                  0x20000018   Data          84  stdio_streams.o(.bss)
    __stdout                                 0x2000006c   Data          84  stdio_streams.o(.bss)
    __stderr                                 0x200000c0   Data          84  stdio_streams.o(.bss)
    __libspace_start                         0x20000114   Data          96  libspace.o(.bss)
    __temporary_stack_top$libspace           0x20000174   Data           0  libspace.o(.bss)
    iic_st                                   0x200002e6   Data           1  i2cfram.o(.bss.iic_st)
    lenfsm                                   0x200002e8   Data           4  fsm_main.o(.bss.lenfsm)
    leni2c                                   0x200002ec   Data           1  i2cfram.o(.bss.leni2c)
    lenuart                                  0x200002ed   Data           1  uart.o(.bss.lenuart)



==============================================================================

Memory Map of the image

  Image Entry point : 0x0800028d

  Load Region LR_1 (Base: 0x08000000, Size: 0x00003238, Max: 0xffffffff, ABSOLUTE)

    Execution Region ER_RO (Exec base: 0x08000000, Load base: 0x08000000, Size: 0x00003224, Max: 0xffffffff, ABSOLUTE)

    Exec Addr    Load Addr    Size         Type   Attr      Idx    E Section Name        Object

    0x08000000   0x08000000   0x00000188   Data   RO          307    RESET               startup_stm32f303xc.o
    0x08000188   0x08000188   0x00000008   Code   RO          410  * !!!main             c_w.l(__main.o)
    0x08000190   0x08000190   0x0000005c   Code   RO          782    !!!scatter          c_w.l(__scatter.o)
    0x080001ec   0x080001ec   0x0000001a   Code   RO          786    !!handler_copy      c_w.l(__scatter_copy.o)
    0x08000206   0x08000206   0x00000002   PAD
    0x08000208   0x08000208   0x00000002   Code   RO          783    !!handler_null      c_w.l(__scatter.o)
    0x0800020a   0x0800020a   0x00000002   PAD
    0x0800020c   0x0800020c   0x0000001c   Code   RO          788    !!handler_zi        c_w.l(__scatter_zi.o)
    0x08000228   0x08000228   0x00000000   Code   RO          391    .ARM.Collect$$_printf_percent$$00000000  c_w.l(_printf_percent.o)
    0x08000228   0x08000228   0x00000006   Code   RO          390    .ARM.Collect$$_printf_percent$$00000009  c_w.l(_printf_d.o)
    0x0800022e   0x0800022e   0x00000006   Code   RO          389    .ARM.Collect$$_printf_percent$$0000000C  c_w.l(_printf_x.o)
    0x08000234   0x08000234   0x00000006   Code   RO          388    .ARM.Collect$$_printf_percent$$00000013  c_w.l(_printf_c.o)
    0x0800023a   0x0800023a   0x00000004   Code   RO          423    .ARM.Collect$$_printf_percent$$00000017  c_w.l(_printf_percent_end.o)
    0x0800023e   0x0800023e   0x00000002   Code   RO          579    .ARM.Collect$$libinit$$00000000  c_w.l(libinit.o)
    0x08000240   0x08000240   0x00000004   Code   RO          580    .ARM.Collect$$libinit$$00000001  c_w.l(libinit2.o)
    0x08000244   0x08000244   0x00000000   Code   RO          583    .ARM.Collect$$libinit$$00000004  c_w.l(libinit2.o)
    0x08000244   0x08000244   0x00000000   Code   RO          585    .ARM.Collect$$libinit$$00000006  c_w.l(libinit2.o)
    0x08000244   0x08000244   0x00000008   Code   RO          586    .ARM.Collect$$libinit$$00000007  c_w.l(libinit2.o)
    0x0800024c   0x0800024c   0x00000000   Code   RO          588    .ARM.Collect$$libinit$$0000000C  c_w.l(libinit2.o)
    0x0800024c   0x0800024c   0x00000000   Code   RO          590    .ARM.Collect$$libinit$$0000000E  c_w.l(libinit2.o)
    0x0800024c   0x0800024c   0x00000000   Code   RO          592    .ARM.Collect$$libinit$$00000010  c_w.l(libinit2.o)
    0x0800024c   0x0800024c   0x00000006   Code   RO          593    .ARM.Collect$$libinit$$00000011  c_w.l(libinit2.o)
    0x08000252   0x08000252   0x00000000   Code   RO          595    .ARM.Collect$$libinit$$00000013  c_w.l(libinit2.o)
    0x08000252   0x08000252   0x0000000c   Code   RO          596    .ARM.Collect$$libinit$$00000014  c_w.l(libinit2.o)
    0x0800025e   0x0800025e   0x00000000   Code   RO          597    .ARM.Collect$$libinit$$00000015  c_w.l(libinit2.o)
    0x0800025e   0x0800025e   0x00000000   Code   RO          599    .ARM.Collect$$libinit$$00000017  c_w.l(libinit2.o)
    0x0800025e   0x0800025e   0x00000000   Code   RO          601    .ARM.Collect$$libinit$$00000019  c_w.l(libinit2.o)
    0x0800025e   0x0800025e   0x00000000   Code   RO          603    .ARM.Collect$$libinit$$0000001B  c_w.l(libinit2.o)
    0x0800025e   0x0800025e   0x00000000   Code   RO          605    .ARM.Collect$$libinit$$0000001D  c_w.l(libinit2.o)
    0x0800025e   0x0800025e   0x00000000   Code   RO          607    .ARM.Collect$$libinit$$0000001F  c_w.l(libinit2.o)
    0x0800025e   0x0800025e   0x00000000   Code   RO          609    .ARM.Collect$$libinit$$00000021  c_w.l(libinit2.o)
    0x0800025e   0x0800025e   0x00000000   Code   RO          611    .ARM.Collect$$libinit$$00000023  c_w.l(libinit2.o)
    0x0800025e   0x0800025e   0x00000000   Code   RO          613    .ARM.Collect$$libinit$$00000025  c_w.l(libinit2.o)
    0x0800025e   0x0800025e   0x00000004   Code   RO          614    .ARM.Collect$$libinit$$00000026  c_w.l(libinit2.o)
    0x08000262   0x08000262   0x00000000   Code   RO          615    .ARM.Collect$$libinit$$00000027  c_w.l(libinit2.o)
    0x08000262   0x08000262   0x00000000   Code   RO          619    .ARM.Collect$$libinit$$0000002E  c_w.l(libinit2.o)
    0x08000262   0x08000262   0x00000000   Code   RO          621    .ARM.Collect$$libinit$$00000030  c_w.l(libinit2.o)
    0x08000262   0x08000262   0x00000000   Code   RO          623    .ARM.Collect$$libinit$$00000032  c_w.l(libinit2.o)
    0x08000262   0x08000262   0x00000000   Code   RO          625    .ARM.Collect$$libinit$$00000034  c_w.l(libinit2.o)
    0x08000262   0x08000262   0x00000002   Code   RO          626    .ARM.Collect$$libinit$$00000035  c_w.l(libinit2.o)
    0x08000264   0x08000264   0x00000002   Code   RO          761    .ARM.Collect$$libshutdown$$00000000  c_w.l(libshutdown.o)
    0x08000266   0x08000266   0x00000000   Code   RO          628    .ARM.Collect$$libshutdown$$00000002  c_w.l(libshutdown2.o)
    0x08000266   0x08000266   0x00000004   Code   RO          629    .ARM.Collect$$libshutdown$$00000003  c_w.l(libshutdown2.o)
    0x0800026a   0x0800026a   0x00000000   Code   RO          630    .ARM.Collect$$libshutdown$$00000004  c_w.l(libshutdown2.o)
    0x0800026a   0x0800026a   0x00000000   Code   RO          633    .ARM.Collect$$libshutdown$$00000007  c_w.l(libshutdown2.o)
    0x0800026a   0x0800026a   0x00000000   Code   RO          636    .ARM.Collect$$libshutdown$$0000000A  c_w.l(libshutdown2.o)
    0x0800026a   0x0800026a   0x00000000   Code   RO          638    .ARM.Collect$$libshutdown$$0000000C  c_w.l(libshutdown2.o)
    0x0800026a   0x0800026a   0x00000000   Code   RO          641    .ARM.Collect$$libshutdown$$0000000F  c_w.l(libshutdown2.o)
    0x0800026a   0x0800026a   0x00000002   Code   RO          642    .ARM.Collect$$libshutdown$$00000010  c_w.l(libshutdown2.o)
    0x0800026c   0x0800026c   0x00000000   Code   RO          412    .ARM.Collect$$rtentry$$00000000  c_w.l(__rtentry.o)
    0x0800026c   0x0800026c   0x00000000   Code   RO          445    .ARM.Collect$$rtentry$$00000002  c_w.l(__rtentry2.o)
    0x0800026c   0x0800026c   0x00000006   Code   RO          457    .ARM.Collect$$rtentry$$00000004  c_w.l(__rtentry4.o)
    0x08000272   0x08000272   0x00000000   Code   RO          447    .ARM.Collect$$rtentry$$00000009  c_w.l(__rtentry2.o)
    0x08000272   0x08000272   0x00000004   Code   RO          448    .ARM.Collect$$rtentry$$0000000A  c_w.l(__rtentry2.o)
    0x08000276   0x08000276   0x00000000   Code   RO          450    .ARM.Collect$$rtentry$$0000000C  c_w.l(__rtentry2.o)
    0x08000276   0x08000276   0x00000008   Code   RO          451    .ARM.Collect$$rtentry$$0000000D  c_w.l(__rtentry2.o)
    0x0800027e   0x0800027e   0x00000002   Code   RO          646    .ARM.Collect$$rtexit$$00000000  c_w.l(rtexit.o)
    0x08000280   0x08000280   0x00000000   Code   RO          710    .ARM.Collect$$rtexit$$00000002  c_w.l(rtexit2.o)
    0x08000280   0x08000280   0x00000004   Code   RO          711    .ARM.Collect$$rtexit$$00000003  c_w.l(rtexit2.o)
    0x08000284   0x08000284   0x00000006   Code   RO          712    .ARM.Collect$$rtexit$$00000004  c_w.l(rtexit2.o)
    0x0800028a   0x0800028a   0x00000002   PAD
    0x0800028c   0x0800028c   0x00000040   Code   RO          308  * .text               startup_stm32f303xc.o
    0x080002cc   0x080002cc   0x00000018   Code   RO          335    .text               c_w.l(noretval__2printf.o)
    0x080002e4   0x080002e4   0x00000028   Code   RO          337    .text               c_w.l(noretval__2sprintf.o)
    0x0800030c   0x0800030c   0x0000004e   Code   RO          341    .text               c_w.l(_printf_pad.o)
    0x0800035a   0x0800035a   0x00000052   Code   RO          343    .text               c_w.l(_printf_str.o)
    0x080003ac   0x080003ac   0x00000078   Code   RO          345    .text               c_w.l(_printf_dec.o)
    0x08000424   0x08000424   0x00000058   Code   RO          350    .text               c_w.l(_printf_hex_int.o)
    0x0800047c   0x0800047c   0x00000138   Code   RO          380    .text               c_w.l(__printf_flags_wp.o)
    0x080005b4   0x080005b4   0x0000003c   Code   RO          392    .text               c_w.l(__0sscanf.o)
    0x080005f0   0x080005f0   0x0000014c   Code   RO          394    .text               c_w.l(_scanf_int.o)
    0x0800073c   0x0800073c   0x0000002c   Code   RO          396    .text               c_w.l(puts.o)
    0x08000768   0x08000768   0x00000014   Code   RO          398    .text               c_w.l(strchr.o)
    0x0800077c   0x0800077c   0x0000003e   Code   RO          400    .text               c_w.l(strlen.o)
    0x080007ba   0x080007ba   0x0000008a   Code   RO          402    .text               c_w.l(rt_memcpy_v6.o)
    0x08000844   0x08000844   0x0000004e   Code   RO          404    .text               c_w.l(rt_memclr_w.o)
    0x08000892   0x08000892   0x00000006   PAD
    0x08000898   0x08000898   0x0000007c   Code   RO          406    .text               c_w.l(strcmpv7em.o)
    0x08000914   0x08000914   0x00000006   Code   RO          408    .text               c_w.l(heapauxi.o)
    0x0800091a   0x0800091a   0x000000b2   Code   RO          413    .text               c_w.l(_printf_intcommon.o)
    0x080009cc   0x080009cc   0x00000030   Code   RO          415    .text               c_w.l(_printf_char_common.o)
    0x080009fc   0x080009fc   0x0000000a   Code   RO          417    .text               c_w.l(_sputc.o)
    0x08000a06   0x08000a06   0x0000002c   Code   RO          419    .text               c_w.l(_printf_char.o)
    0x08000a32   0x08000a32   0x00000002   PAD
    0x08000a34   0x08000a34   0x00000024   Code   RO          421    .text               c_w.l(_printf_char_file.o)
    0x08000a58   0x08000a58   0x0000001c   Code   RO          424    .text               c_w.l(_chval.o)
    0x08000a74   0x08000a74   0x0000002c   Code   RO          426    .text               c_w.l(scanf_char.o)
    0x08000aa0   0x08000aa0   0x00000040   Code   RO          428    .text               c_w.l(_sgetc.o)
    0x08000ae0   0x08000ae0   0x00000064   Code   RO          442    .text               c_w.l(rt_memcpy_w.o)
    0x08000b44   0x08000b44   0x00000012   Code   RO          459    .text               c_w.l(isspace.o)
    0x08000b56   0x08000b56   0x00000002   PAD
    0x08000b58   0x08000b58   0x00000374   Code   RO          463    .text               c_w.l(_scanf.o)
    0x08000ecc   0x08000ecc   0x00000008   Code   RO          465    .text               c_w.l(ferror.o)
    0x08000ed4   0x08000ed4   0x000001e2   Code   RO          467    .text               c_w.l(flsbuf.o)
    0x080010b6   0x080010b6   0x00000002   PAD
    0x080010b8   0x080010b8   0x00000138   Code   RO          469    .text               c_w.l(initio.o)
    0x080011f0   0x080011f0   0x0000004a   Code   RO          479    .text               c_w.l(sys_stackheap_outer.o)
    0x0800123a   0x0800123a   0x00000002   PAD
    0x0800123c   0x0800123c   0x00000010   Code   RO          481    .text               c_w.l(rt_ctype_table.o)
    0x0800124c   0x0800124c   0x0000005e   Code   RO          487    .text               c_w.l(h1_alloc.o)
    0x080012aa   0x080012aa   0x0000004e   Code   RO          489    .text               c_w.l(h1_free.o)
    0x080012f8   0x080012f8   0x00000046   Code   RO          547    .text               c_w.l(setvbuf.o)
    0x0800133e   0x0800133e   0x00000002   PAD
    0x08001340   0x08001340   0x00000108   Code   RO          549    .text               c_w.l(stdio.o)
    0x08001448   0x08001448   0x000000f0   Code   RO          554    .text               c_w.l(fopen.o)
    0x08001538   0x08001538   0x0000004c   Code   RO          556    .text               c_w.l(fclose.o)
    0x08001584   0x08001584   0x00000012   Code   RO          566    .text               c_w.l(exit.o)
    0x08001596   0x08001596   0x0000000e   Code   RO          568    .text               c_w.l(defsig_rtred_outer.o)
    0x080015a4   0x080015a4   0x00000008   Code   RO          643    .text               c_w.l(libspace.o)
    0x080015ac   0x080015ac   0x00000008   Code   RO          653    .text               c_w.l(rt_heap_descriptor_intlibspace.o)
    0x080015b4   0x080015b4   0x00000008   Code   RO          658    .text               c_w.l(rt_locale_intlibspace.o)
    0x080015bc   0x080015bc   0x00000004   Code   RO          660    .text               c_w.l(hguard.o)
    0x080015c0   0x080015c0   0x0000008a   Code   RO          662    .text               c_w.l(init_alloc.o)
    0x0800164a   0x0800164a   0x0000000c   Code   RO          666    .text               c_w.l(h1_init.o)
    0x08001656   0x08001656   0x00000002   PAD
    0x08001658   0x08001658   0x000000f8   Code   RO          682    .text               c_w.l(fseek.o)
    0x08001750   0x08001750   0x0000000a   Code   RO          691    .text               c_w.l(defsig_exit.o)
    0x0800175a   0x0800175a   0x00000002   PAD
    0x0800175c   0x0800175c   0x00000034   Code   RO          693    .text               c_w.l(defsig_rtred_inner.o)
    0x08001790   0x08001790   0x0000000c   Code   RO          703    .text               c_w.l(sys_exit.o)
    0x0800179c   0x0800179c   0x00000000   Code   RO          718    .text               c_w.l(maybetermalloc1.o)
    0x0800179c   0x0800179c   0x00000034   Code   RO          720    .text               c_w.l(h1_extend.o)
    0x080017d0   0x080017d0   0x00000042   Code   RO          724    .text               c_w.l(ftell.o)
    0x08001812   0x08001812   0x00000032   Code   RO          728    .text               c_w.l(defsig_general.o)
    0x08001844   0x08001844   0x0000000e   Code   RO          730    .text               c_w.l(defsig_rtmem_outer.o)
    0x08001852   0x08001852   0x0000000e   Code   RO          741    .text               c_w.l(sys_wrch.o)
    0x08001860   0x08001860   0x00000002   Code   RO          745    .text               c_w.l(use_no_semi.o)
    0x08001862   0x08001862   0x00000000   Code   RO          747    .text               c_w.l(indicate_semi.o)
    0x08001862   0x08001862   0x00000002   PAD
    0x08001864   0x08001864   0x00000008   Code   RO          751    .text               c_w.l(rt_errno_addr_intlibspace.o)
    0x0800186c   0x0800186c   0x00000050   Code   RO          755    .text               c_w.l(defsig_rtmem_inner.o)
    0x080018bc   0x080018bc   0x0000002a   Code   RO          112    .text.DMA1_Channel7_IRQHandler  uart.o
    0x080018e6   0x080018e6   0x00000002   PAD
    0x080018e8   0x080018e8   0x00000026   Code   RO           76    .text.GetMessage    messages.o
    0x0800190e   0x0800190e   0x00000002   PAD
    0x08001910   0x08001910   0x0000000e   Code   RO           91    .text.GetTimer      timers.o
    0x0800191e   0x0800191e   0x00000002   PAD
    0x08001920   0x08001920   0x000000fc   Code   RO           40    .text.I2C1_EV_IRQHandler  i2cfram.o
    0x08001a1c   0x08001a1c   0x00000080   Code   RO           58    .text.InitKpd4      keypad.o
    0x08001a9c   0x08001a9c   0x00000018   Code   RO           70    .text.InitMessages  messages.o
    0x08001ab4   0x08001ab4   0x00000014   Code   RO           89    .text.InitTimers    timers.o
    0x08001ac8   0x08001ac8   0x00000268   Code   RO          108    .text.InitUartDMA   uart.o
    0x08001d30   0x08001d30   0x000000ee   Code   RO          193    .text.LL_GPIO_Init  stm32f3xx_ll_gpio.o
    0x08001e1e   0x08001e1e   0x00000002   PAD
    0x08001e20   0x08001e20   0x00000028   Code   RO          283    .text.LL_Init1msTick  stm32f3xx_ll_utils.o
    0x08001e48   0x08001e48   0x000002a4   Code   RO          240    .text.LL_RCC_GetUSARTClockFreq  stm32f3xx_ll_rcc.o
    0x080020ec   0x080020ec   0x0000000c   Code   RO          287    .text.LL_SetSystemCoreClock  stm32f3xx_ll_utils.o
    0x080020f8   0x080020f8   0x000002ac   Code   RO          127    .text.ProcTm        fsm_tm.o
    0x080023a4   0x080023a4   0x000000dc   Code   RO            6    .text.ProcesLedkey  main.o
    0x08002480   0x08002480   0x000001e0   Code   RO           20    .text.ProcessFsmMain  fsm_main.o
    0x08002660   0x08002660   0x00000234   Code   RO          125    .text.ProcessFsmTm  fsm_tm.o
    0x08002894   0x08002894   0x0000011c   Code   RO           54    .text.ProcessKeyKpd4  keypad.o
    0x080029b0   0x080029b0   0x00000032   Code   RO           74    .text.ProcessMessages  messages.o
    0x080029e2   0x080029e2   0x00000002   PAD
    0x080029e4   0x080029e4   0x00000010   Code   RO           93    .text.ResetTimer    timers.o
    0x080029f4   0x080029f4   0x00000016   Code   RO           72    .text.SendMessage   messages.o
    0x08002a0a   0x08002a0a   0x00000002   PAD
    0x08002a0c   0x08002a0c   0x0000001e   Code   RO           95    .text.SysTick_Handler  timers.o
    0x08002a2a   0x08002a2a   0x00000002   PAD
    0x08002a2c   0x08002a2c   0x000000a0   Code   RO            4    .text.SystemClock_Config  main.o
    0x08002acc   0x08002acc   0x00000068   Code   RO          317    .text.SystemCoreClockUpdate  system_stm32f3xx.o
    0x08002b34   0x08002b34   0x00000012   Code   RO          315    .text.SystemInit    system_stm32f3xx.o
    0x08002b46   0x08002b46   0x00000002   PAD
    0x08002b48   0x08002b48   0x000000dc   Code   RO          110    .text.USART2_IRQHandler  uart.o
    0x08002c24   0x08002c24   0x00000014   Code   RO          153    .text._sys_close    retarget_io.o
    0x08002c38   0x08002c38   0x00000004   Code   RO          163    .text._sys_flen     retarget_io.o
    0x08002c3c   0x08002c3c   0x00000010   Code   RO          159    .text._sys_istty    retarget_io.o
    0x08002c4c   0x08002c4c   0x0000005a   Code   RO          151    .text._sys_open     retarget_io.o
    0x08002ca6   0x08002ca6   0x00000002   PAD
    0x08002ca8   0x08002ca8   0x00000006   Code   RO          161    .text._sys_seek     retarget_io.o
    0x08002cae   0x08002cae   0x00000002   PAD
    0x08002cb0   0x08002cb0   0x00000058   Code   RO          155    .text._sys_write    retarget_io.o
    0x08002d08   0x08002d08   0x00000098   Code   RO           38    .text.i2cFRAM_rd    i2cfram.o
    0x08002da0   0x08002da0   0x00000096   Code   RO           36    .text.i2cFRAM_wr    i2cfram.o
    0x08002e36   0x08002e36   0x00000002   PAD
    0x08002e38   0x08002e38   0x000000e8   Code   RO           34    .text.init_I2C_FRAM  i2cfram.o
    0x08002f20   0x08002f20   0x000000b4   Code   RO            2    .text.main          main.o
    0x08002fd4   0x08002fd4   0x00000044   Code   RO          106    .text.uart_transmit  uart.o
    0x08003018   0x08003018   0x0000000e   Code   RO          378    i._is_digit         c_w.l(__printf_wp.o)
    0x08003026   0x08003026   0x0000001c   Code   RO          431    i.fputc             c_w.l(fputc.o)
    0x08003042   0x08003042   0x00000002   PAD
    0x08003044   0x08003044   0x0000002c   Code   RO          689    locale$$code        c_w.l(lc_ctype_c.o)
    0x08003070   0x08003070   0x0000001a   Code   RO          699    x$fpl$fpinit        fz_wm.l(fpinit.o)
    0x0800308a   0x0800308a   0x00000028   Data   RO          351    .constdata          c_w.l(_printf_hex_int.o)
    0x080030b2   0x080030b2   0x00000011   Data   RO          381    .constdata          c_w.l(__printf_flags_wp.o)
    0x080030c3   0x080030c3   0x00000010   Data   RO          320    .rodata.AHBPrescTable  system_stm32f3xx.o
    0x080030d3   0x080030d3   0x00000008   Data   RO          321    .rodata.APBPrescTable  system_stm32f3xx.o
    0x080030db   0x080030db   0x00000008   Data   RO          168    .rodata.__stderr_name  retarget_io.o
    0x080030e3   0x080030e3   0x00000007   Data   RO          166    .rodata.__stdin_name  retarget_io.o
    0x080030ea   0x080030ea   0x00000008   Data   RO          167    .rodata.__stdout_name  retarget_io.o
    0x080030f2   0x080030f2   0x00000002   PAD
    0x080030f4   0x080030f4   0x00000020   Data   RO          781    Region$$Table       anon$$obj.o
    0x08003114   0x08003114   0x00000110   Data   RO          688    locale$$data        c_w.l(lc_ctype_c.o)


    Execution Region ER_RW (Exec base: 0x20000000, Load base: 0x08003224, Size: 0x00000014, Max: 0xffffffff, ABSOLUTE)

    Exec Addr    Load Addr    Size         Type   Attr      Idx    E Section Name        Object

    0x20000000   0x08003224   0x00000004   Data   RW          437    .data               c_w.l(stdio_streams.o)
    0x20000004   0x08003228   0x00000004   Data   RW          438    .data               c_w.l(stdio_streams.o)
    0x20000008   0x0800322c   0x00000004   Data   RW          439    .data               c_w.l(stdio_streams.o)
    0x2000000c   0x08003230   0x00000004   Data   RW          319    .data.SystemCoreClock  system_stm32f3xx.o
    0x20000010   0x08003234   0x00000001   Data   RW          135    .data.fsmstate      fsm_tm.o


    Execution Region ER_ZI (Exec base: 0x20000018, Load base: 0x08003238, Size: 0x00000cf0, Max: 0xffffffff, ABSOLUTE)

    Exec Addr    Load Addr    Size         Type   Attr      Idx    E Section Name        Object

    0x20000018        -       0x00000054   Zero   RW          434    .bss                c_w.l(stdio_streams.o)
    0x2000006c        -       0x00000054   Zero   RW          435    .bss                c_w.l(stdio_streams.o)
    0x200000c0        -       0x00000054   Zero   RW          436    .bss                c_w.l(stdio_streams.o)
    0x20000114        -       0x00000060   Zero   RW          644    .bss                c_w.l(libspace.o)
    0x20000174        -       0x00000018   Zero   RW           78    .bss.Messages       messages.o
    0x2000018c        -       0x00000004   Zero   RW          138    .bss.ProcTm.stepcnt  fsm_tm.o
    0x20000190        -       0x00000004   Zero   RW           10    .bss.ProcesLedkey.count  main.o
    0x20000194        -       0x00000001   Zero   RW            8    .bss.ProcesLedkey.fsmstate  main.o
    0x20000195        -       0x00000011   Zero   RW            9    .bss.ProcesLedkey.textbuf  main.o
    0x200001a6   0x08003238   0x00000002   PAD
    0x200001a8        -       0x00000020   Zero   RW          132    .bss.ProcessFsmTm.aTrbuf  fsm_tm.o
    0x200001c8        -       0x00000001   Zero   RW          130    .bss.ProcessFsmTm.rdsymbol  fsm_tm.o
    0x200001c9   0x08003238   0x00000003   PAD
    0x200001cc        -       0x00000004   Zero   RW          129    .bss.ProcessFsmTm.steptm  fsm_tm.o
    0x200001d0        -       0x00000001   Zero   RW          131    .bss.ProcessFsmTm.wrsymbol  fsm_tm.o
    0x200001d1   0x08003238   0x00000001   PAD
    0x200001d2        -       0x00000002   Zero   RW           60    .bss.ProcessKeyKpd4.keycode  keypad.o
    0x200001d4        -       0x00000001   Zero   RW          116    .bss.USART2_IRQHandler.old_pos  uart.o
    0x200001d5   0x08003238   0x00000003   PAD
    0x200001d8        -       0x000000ff   Zero   RW           25    .bss.aRecvbuf       fsm_main.o
    0x200002d7   0x08003238   0x00000001   PAD
    0x200002d8        -       0x00000004   Zero   RW           45    .bss.addrdat_FRAM   i2cfram.o
    0x200002dc        -       0x00000004   Zero   RW           23    .bss.addrfsm        fsm_main.o
    0x200002e0        -       0x00000004   Zero   RW          137    .bss.curraddrtm     fsm_tm.o
    0x200002e4        -       0x00000001   Zero   RW           22    .bss.fsmstate       fsm_main.o
    0x200002e5        -       0x00000001   Zero   RW           61    .bss.fsmstate       keypad.o
    0x200002e6        -       0x00000001   Zero   RW           43    .bss.iic_st         i2cfram.o
    0x200002e7   0x08003238   0x00000001   PAD
    0x200002e8        -       0x00000004   Zero   RW           24    .bss.lenfsm         fsm_main.o
    0x200002ec        -       0x00000001   Zero   RW           42    .bss.leni2c         i2cfram.o
    0x200002ed        -       0x00000001   Zero   RW          114    .bss.lenuart        uart.o
    0x200002ee        -       0x00000001   Zero   RW          133    .bss.mtstatectrl    fsm_tm.o
    0x200002ef   0x08003238   0x00000001   PAD
    0x200002f0        -       0x00000004   Zero   RW          134    .bss.nextaddrtm     fsm_tm.o
    0x200002f4        -       0x00000101   Zero   RW           44    .bss.tDati2c        i2cfram.o
    0x200003f5   0x08003238   0x00000003   PAD
    0x200003f8        -       0x000002ff   Zero   RW          115    .bss.tDatuart       uart.o
    0x200006f7   0x08003238   0x00000001   PAD
    0x200006f8        -       0x00000010   Zero   RW           97    .bss.v_timers       timers.o
    0x20000708        -       0x00000200   Zero   RW          306    HEAP                startup_stm32f303xc.o
    0x20000908        -       0x00000400   Zero   RW          305    STACK               startup_stm32f303xc.o


==============================================================================

Image component sizes


      Code (inc. data)   RO Data    RW Data    ZI Data      Debug   Object Name

       480         12          0          0        264       1487   fsm_main.o
      1248         94          0          1         51       3091   fsm_tm.o
       786         28          0          0        263       8544   i2cfram.o
       412         22          0          0          3       3842   keypad.o
       560         16          0          0         22       4304   main.o
       134          0          0          0         24       1260   messages.o
       224          0         23          0          0       3287   retarget_io.o
        64         26        392          0       1536        928   startup_stm32f303xc.o
       238          0          0          0          0       4103   stm32f3xx_ll_gpio.o
       676          0          0          0          0      16794   stm32f3xx_ll_rcc.o
        52          0          0          0          0       7703   stm32f3xx_ll_utils.o
       122          0         24          4          0       2554   system_stm32f3xx.o
        80          0          0          0         16       1291   timers.o
       946         44          0          0        769      11193   uart.o

    ----------------------------------------------------------------------
      6044        242        473          8       2964      70381   Object Totals
         0          0         32          0          0          0   (incl. Generated)
        22          0          2          3         16          0   (incl. Padding)

    ----------------------------------------------------------------------

      Code (inc. data)   RO Data    RW Data    ZI Data      Debug   Library Member Name

        60          8          0          0          0         84   __0sscanf.o
         8          0          0          0          0         68   __main.o
       312          4         17          0          0         92   __printf_flags_wp.o
        14          0          0          0          0         68   __printf_wp.o
         0          0          0          0          0          0   __rtentry.o
        12          0          0          0          0          0   __rtentry2.o
         6          0          0          0          0          0   __rtentry4.o
        94          8          0          0          0          0   __scatter.o
        26          0          0          0          0          0   __scatter_copy.o
        28          0          0          0          0          0   __scatter_zi.o
        28          0          0          0          0         68   _chval.o
         6          0          0          0          0          0   _printf_c.o
        44          0          0          0          0        108   _printf_char.o
        48          6          0          0          0         96   _printf_char_common.o
        36          4          0          0          0         80   _printf_char_file.o
         6          0          0          0          0          0   _printf_d.o
       120         16          0          0          0         92   _printf_dec.o
        88          4         40          0          0         88   _printf_hex_int.o
       178          0          0          0          0         88   _printf_intcommon.o
        78          0          0          0          0        108   _printf_pad.o
         0          0          0          0          0          0   _printf_percent.o
         4          0          0          0          0          0   _printf_percent_end.o
        82          0          0          0          0         80   _printf_str.o
         6          0          0          0          0          0   _printf_x.o
       884          6          0          0          0        100   _scanf.o
       332          0          0          0          0         96   _scanf_int.o
        64          0          0          0          0         84   _sgetc.o
        10          0          0          0          0         68   _sputc.o
        10          0          0          0          0         68   defsig_exit.o
        50          0          0          0          0         88   defsig_general.o
        80         58          0          0          0         76   defsig_rtmem_inner.o
        14          0          0          0          0         80   defsig_rtmem_outer.o
        52         38          0          0          0         76   defsig_rtred_inner.o
        14          0          0          0          0         80   defsig_rtred_outer.o
        18          0          0          0          0         80   exit.o
        76          0          0          0          0         88   fclose.o
         8          0          0          0          0         68   ferror.o
       482          0          0          0          0         92   flsbuf.o
       240          6          0          0          0        128   fopen.o
        28          0          0          0          0         68   fputc.o
       248          6          0          0          0         84   fseek.o
        66          0          0          0          0         76   ftell.o
        94          0          0          0          0         80   h1_alloc.o
        52          0          0          0          0         68   h1_extend.o
        78          0          0          0          0         80   h1_free.o
        12          0          0          0          0         84   h1_init.o
         6          0          0          0          0        152   heapauxi.o
         4          0          0          0          0        136   hguard.o
         0          0          0          0          0          0   indicate_semi.o
       138          0          0          0          0        168   init_alloc.o
       312         46          0          0          0        112   initio.o
        18          0          0          0          0         76   isspace.o
        44         10        272          0          0         76   lc_ctype_c.o
         2          0          0          0          0          0   libinit.o
        36          0          0          0          0          0   libinit2.o
         2          0          0          0          0          0   libshutdown.o
         6          0          0          0          0          0   libshutdown2.o
         8          4          0          0         96         68   libspace.o
         0          0          0          0          0          0   maybetermalloc1.o
        24          4          0          0          0         84   noretval__2printf.o
        40          6          0          0          0         84   noretval__2sprintf.o
        44          4          0          0          0         84   puts.o
        16          4          0          0          0         76   rt_ctype_table.o
         8          4          0          0          0         68   rt_errno_addr_intlibspace.o
         8          4          0          0          0         68   rt_heap_descriptor_intlibspace.o
         8          4          0          0          0         68   rt_locale_intlibspace.o
        78          0          0          0          0         80   rt_memclr_w.o
       138          0          0          0          0         68   rt_memcpy_v6.o
       100          0          0          0          0         80   rt_memcpy_w.o
         2          0          0          0          0          0   rtexit.o
        10          0          0          0          0          0   rtexit2.o
        44          8          0          0          0         84   scanf_char.o
        70          0          0          0          0         80   setvbuf.o
       264          6          0          0          0        160   stdio.o
         0          0          0         12        252          0   stdio_streams.o
        20          0          0          0          0         68   strchr.o
       124          0          0          0          0         88   strcmpv7em.o
        62          0          0          0          0         76   strlen.o
        12          4          0          0          0         68   sys_exit.o
        74          0          0          0          0         80   sys_stackheap_outer.o
        14          0          0          0          0         76   sys_wrch.o
         2          0          0          0          0         68   use_no_semi.o
        26          0          0          0          0        116   fpinit.o

    ----------------------------------------------------------------------
      5990        272        329         12        348       5444   Library Totals
        30          0          0          0          0          0   (incl. Padding)

    ----------------------------------------------------------------------

      Code (inc. data)   RO Data    RW Data    ZI Data      Debug   Library Name

      5934        272        329         12        348       5328   c_w.l
        26          0          0          0          0        116   fz_wm.l

    ----------------------------------------------------------------------
      5990        272        329         12        348       5444   Library Totals

    ----------------------------------------------------------------------

==============================================================================


      Code (inc. data)   RO Data    RW Data    ZI Data      Debug   

     12034        514        802         20       3312      72585   Grand Totals
     12034        514        802         20       3312      72585   ELF Image Totals
     12034        514        802         20          0          0   ROM Totals

==============================================================================

    Total RO  Size (Code + RO Data)                12836 (  12.54kB)
    Total RW  Size (RW Data + ZI Data)              3332 (   3.25kB)
    Total ROM Size (Code + RO Data + RW Data)      12856 (  12.55kB)

==============================================================================

