Component: ARM Compiler 6.13.1 Tool: armlink [5d895400]

==============================================================================

Section Cross References

    main.o(.text) refers (Special) to _printf_d.o(.ARM.Collect$$_printf_percent$$00000009) for _printf_d
    main.o(.text) refers (Special) to _printf_dec.o(.text) for _printf_int_dec
    main.o(.text) refers (Special) to _printf_percent.o(.ARM.Collect$$_printf_percent$$00000000) for _printf_percent
    main.o(.text.main) refers (Special) to _printf_d.o(.ARM.Collect$$_printf_percent$$00000009) for _printf_d
    main.o(.text.main) refers (Special) to _printf_dec.o(.text) for _printf_int_dec
    main.o(.text.main) refers (Special) to _printf_percent.o(.ARM.Collect$$_printf_percent$$00000000) for _printf_percent
    main.o(.text.main) refers to main.o(.text.SystemClock_Config) for SystemClock_Config
    main.o(.text.main) refers to system_stm32f3xx.o(.text.SystemCoreClockUpdate) for SystemCoreClockUpdate
    main.o(.text.main) refers to system_stm32f3xx.o(.data.SystemCoreClock) for SystemCoreClock
    main.o(.text.main) refers to noretval__2printf.o(.text) for __2printf
    main.o(.text.main) refers to messages.o(.text.InitMessages) for InitMessages
    main.o(.text.main) refers to timers.o(.text.InitTimers) for InitTimers
    main.o(.text.main) refers to keypad.o(.text.InitKpd4) for InitKpd4
    main.o(.text.main) refers to uart.o(.text.InitUartDMA) for InitUartDMA
    main.o(.text.main) refers to i2cfram.o(.text.init_I2C_FRAM) for init_I2C_FRAM
    main.o(.text.main) refers to main.o(.text.LL_AHB1_GRP1_EnableClock) for LL_AHB1_GRP1_EnableClock
    main.o(.text.main) refers to main.o(.text.LL_GPIO_SetPinMode) for LL_GPIO_SetPinMode
    main.o(.text.main) refers to main.o(.text.LL_SYSTICK_EnableIT) for LL_SYSTICK_EnableIT
    main.o(.text.main) refers to main.o(.text.ProcesLedkey) for ProcesLedkey
    main.o(.text.main) refers to fsm_main.o(.text.ProcessFsmMain) for ProcessFsmMain
    main.o(.text.main) refers to fsm_inter_tm1.o(.text.ProcessFsmInterTm1) for ProcessFsmInterTm1
    main.o(.text.main) refers to fsm_inter_tm2.o(.text.ProcessFsmInterTm2) for ProcessFsmInterTm2
    main.o(.text.main) refers to fsm_inter_tm3.o(.text.ProcessFsmInterTm3) for ProcessFsmInterTm3
    main.o(.text.main) refers to keypad.o(.text.ProcessKeyKpd4) for ProcessKeyKpd4
    main.o(.text.main) refers to messages.o(.text.ProcessMessages) for ProcessMessages
    main.o(.text.main) refers to timers.o(.text.GetTimer) for GetTimer
    main.o(.text.main) refers to timers.o(.text.ResetTimer) for ResetTimer
    main.o(.text.main) refers to main.o(.text.LL_GPIO_TogglePin) for LL_GPIO_TogglePin
    main.o(.ARM.exidx.text.main) refers (Special) to _printf_d.o(.ARM.Collect$$_printf_percent$$00000009) for _printf_d
    main.o(.ARM.exidx.text.main) refers (Special) to _printf_dec.o(.text) for _printf_int_dec
    main.o(.ARM.exidx.text.main) refers (Special) to _printf_percent.o(.ARM.Collect$$_printf_percent$$00000000) for _printf_percent
    main.o(.ARM.exidx.text.main) refers to main.o(.text.main) for [Anonymous Symbol]
    main.o(.text.SystemClock_Config) refers (Special) to _printf_d.o(.ARM.Collect$$_printf_percent$$00000009) for _printf_d
    main.o(.text.SystemClock_Config) refers (Special) to _printf_dec.o(.text) for _printf_int_dec
    main.o(.text.SystemClock_Config) refers (Special) to _printf_percent.o(.ARM.Collect$$_printf_percent$$00000000) for _printf_percent
    main.o(.text.SystemClock_Config) refers to main.o(.text.LL_FLASH_SetLatency) for LL_FLASH_SetLatency
    main.o(.text.SystemClock_Config) refers to main.o(.text.LL_RCC_HSE_Enable) for LL_RCC_HSE_Enable
    main.o(.text.SystemClock_Config) refers to main.o(.text.LL_RCC_HSE_IsReady) for LL_RCC_HSE_IsReady
    main.o(.text.SystemClock_Config) refers to main.o(.text.LL_RCC_PLL_ConfigDomain_SYS) for LL_RCC_PLL_ConfigDomain_SYS
    main.o(.text.SystemClock_Config) refers to main.o(.text.LL_RCC_PLL_Enable) for LL_RCC_PLL_Enable
    main.o(.text.SystemClock_Config) refers to main.o(.text.LL_RCC_PLL_IsReady) for LL_RCC_PLL_IsReady
    main.o(.text.SystemClock_Config) refers to main.o(.text.LL_RCC_SetAHBPrescaler) for LL_RCC_SetAHBPrescaler
    main.o(.text.SystemClock_Config) refers to main.o(.text.LL_RCC_SetSysClkSource) for LL_RCC_SetSysClkSource
    main.o(.text.SystemClock_Config) refers to main.o(.text.LL_RCC_GetSysClkSource) for LL_RCC_GetSysClkSource
    main.o(.text.SystemClock_Config) refers to main.o(.text.LL_RCC_SetAPB1Prescaler) for LL_RCC_SetAPB1Prescaler
    main.o(.text.SystemClock_Config) refers to main.o(.text.LL_RCC_SetAPB2Prescaler) for LL_RCC_SetAPB2Prescaler
    main.o(.text.SystemClock_Config) refers to stm32f3xx_ll_utils.o(.text.LL_Init1msTick) for LL_Init1msTick
    main.o(.text.SystemClock_Config) refers to stm32f3xx_ll_utils.o(.text.LL_SetSystemCoreClock) for LL_SetSystemCoreClock
[...]
    ProcessFsmTm3.rdsymbol                   0x200002b8   Data           1  fsm_tm3.o(.bss.ProcessFsmTm3.rdsymbol)
    [Anonymous Symbol]                       0x200002b8   Section        0  fsm_tm3.o(.bss.ProcessFsmTm3.rdsymbol)
    ProcessFsmTm3.steptm                     0x200002bc   Data           4  fsm_tm3.o(.bss.ProcessFsmTm3.steptm)
    [Anonymous Symbol]                       0x200002bc   Section        0  fsm_tm3.o(.bss.ProcessFsmTm3.steptm)
    ProcessFsmTm3.wrsymbol                   0x200002c0   Data           1  fsm_tm3.o(.bss.ProcessFsmTm3.wrsymbol)
    [Anonymous Symbol]                       0x200002c0   Section        0  fsm_tm3.o(.bss.ProcessFsmTm3.wrsymbol)
    ProcessKeyKpd4.keycode                   0x200002c2   Data           2  keypad.o(.bss.ProcessKeyKpd4.keycode)
    [Anonymous Symbol]                       0x200002c2   Section        0  keypad.o(.bss.ProcessKeyKpd4.keycode)
    USART2_IRQHandler.old_pos                0x200002c4   Data           1  uart.o(.bss.USART2_IRQHandler.old_pos)
    [Anonymous Symbol]                       0x200002c4   Section        0  uart.o(.bss.USART2_IRQHandler.old_pos)
    aRecvbuf                                 0x200002c8   Data         255  fsm_main.o(.bss.aRecvbuf)
    [Anonymous Symbol]                       0x200002c8   Section        0  fsm_main.o(.bss.aRecvbuf)
    addrdat_FRAM                             0x200003c8   Data           4  i2cfram.o(.bss.addrdat_FRAM)
    [Anonymous Symbol]                       0x200003c8   Section        0  i2cfram.o(.bss.addrdat_FRAM)
    addrfsm                                  0x200003cc   Data           4  fsm_main.o(.bss.addrfsm)
    [Anonymous Symbol]                       0x200003cc   Section        0  fsm_main.o(.bss.addrfsm)
    curraddrtm                               0x200003d0   Data           4  fsm_tm1.o(.bss.curraddrtm)
    [Anonymous Symbol]                       0x200003d0   Section        0  fsm_tm1.o(.bss.curraddrtm)
    curraddrtm                               0x200003d4   Data           4  fsm_tm2.o(.bss.curraddrtm)
    [Anonymous Symbol]                       0x200003d4   Section        0  fsm_tm2.o(.bss.curraddrtm)
    curraddrtm                               0x200003d8   Data           4  fsm_tm3.o(.bss.curraddrtm)
    [Anonymous Symbol]                       0x200003d8   Section        0  fsm_tm3.o(.bss.curraddrtm)
    fsm1statectrl                            0x200003dc   Data           1  fsm_inter_tm1.o(.bss.fsm1statectrl)
    [Anonymous Symbol]                       0x200003dc   Section        0  fsm_inter_tm1.o(.bss.fsm1statectrl)
    fsm2statectrl                            0x200003dd   Data           1  fsm_inter_tm2.o(.bss.fsm2statectrl)
    [Anonymous Symbol]                       0x200003dd   Section        0  fsm_inter_tm2.o(.bss.fsm2statectrl)
    fsm3statectrl                            0x200003de   Data           1  fsm_inter_tm3.o(.bss.fsm3statectrl)
    [Anonymous Symbol]                       0x200003de   Section        0  fsm_inter_tm3.o(.bss.fsm3statectrl)
    fsmstate                                 0x200003df   Data           1  fsm_main.o(.bss.fsmstate)
    [Anonymous Symbol]                       0x200003df   Section        0  fsm_main.o(.bss.fsmstate)
    fsmstate                                 0x200003e0   Data           1  keypad.o(.bss.fsmstate)
    [Anonymous Symbol]                       0x200003e0   Section        0  keypad.o(.bss.fsmstate)
    mtstatectrl                              0x200003ea   Data           1  fsm_tm1.o(.bss.mtstatectrl)
    [Anonymous Symbol]                       0x200003ea   Section        0  fsm_tm1.o(.bss.mtstatectrl)
    mtstatectrl                              0x200003eb   Data           1  fsm_tm2.o(.bss.mtstatectrl)
    [Anonymous Symbol]                       0x200003eb   Section        0  fsm_tm2.o(.bss.mtstatectrl)
    mtstatectrl                              0x200003ec   Data           1  fsm_tm3.o(.bss.mtstatectrl)
    [Anonymous Symbol]                       0x200003ec   Section        0  fsm_tm3.o(.bss.mtstatectrl)
    nextaddrtm                               0x200003f0   Data           4  fsm_tm1.o(.bss.nextaddrtm)
    [Anonymous Symbol]                       0x200003f0   Section        0  fsm_tm1.o(.bss.nextaddrtm)
    nextaddrtm                               0x200003f4   Data           4  fsm_tm2.o(.bss.nextaddrtm)
    [Anonymous Symbol]                       0x200003f4   Section        0  fsm_tm2.o(.bss.nextaddrtm)
    nextaddrtm                               0x200003f8   Data           4  fsm_tm3.o(.bss.nextaddrtm)
    [Anonymous Symbol]                       0x200003f8   Section        0  fsm_tm3.o(.bss.nextaddrtm)
    tDati2c                                  0x20000408   Data         257  i2cfram.o(.bss.tDati2c)
    [Anonymous Symbol]                       0x20000408   Section        0  i2cfram.o(.bss.tDati2c)
    tDatuart                                 0x2000050c   Data         767  uart.o(.bss.tDatuart)
    [Anonymous Symbol]                       0x2000050c   Section        0  uart.o(.bss.tDatuart)
    v_timers                                 0x2000080c   Data          24  timers.o(.bss.v_timers)
    [Anonymous Symbol]                       0x2000080c   Section        0  timers.o(.bss.v_timers)
    Heap_Mem                                 0x20000828   Data         512  startup_stm32f303xc.o(HEAP)
    HEAP                                     0x20000828   Section      512  startup_stm32f303xc.o(HEAP)
    Stack_Mem                                0x20000a28   Data        1024  startup_stm32f303xc.o(STACK)
    STACK                                    0x20000a28   Section     1024  startup_stm32f303xc.o(STACK)
    __initial_sp                             0x20000e28   Data           0  startup_stm32f303xc.o(STACK)

    Global Symbols

    Symbol Name                              Value     Ov Type        Size  Object(Section)

    BuildAttributes$$THM_ISAv4$E$P$D$K$B$S$7EM$VFPi3$EXTD16$VFPS$VFMA$PE$A:L22UL41UL21$X:L11$S22US41US21$IEEE1$IW$~IW$USESV6$~STKCKD$USESV7$~SHL$OTIME$ROPI$EBA8$UX$STANDARDLIB$REQ8$PRES8$EABIv2 0x00000000   Number         0  anon$$obj.o ABSOLUTE
    _printf_flags                            0x00000000   Number         0  printf_stubs.o ABSOLUTE
    _printf_return_value                     0x00000000   Number         0  printf_stubs.o ABSOLUTE
    _printf_sizespec                         0x00000000   Number         0  printf_stubs.o ABSOLUTE
    _printf_widthprec                        0x00000000   Number         0  printf_stubs.o ABSOLUTE
    __ARM_exceptions_init                     - Undefined Weak Reference
    __alloca_initialize                       - Undefined Weak Reference
    __arm_preinit_                            - Undefined Weak Reference
    __cpp_initialize__aeabi_                  - Undefined Weak Reference
    __cxa_finalize                            - Undefined Weak Reference
    __sigvec_lookup                           - Undefined Weak Reference
    __user_heap_extent                        - Undefined Weak Reference
    _atexit_init                              - Undefined Weak Reference
    _call_atexit_fns                          - Undefined Weak Reference
    _clock_init                               - Undefined Weak Reference
    _fp_trap_init                             - Undefined Weak Reference
    _fp_trap_shutdown                         - Undefined Weak Reference
    _get_lc_collate                           - Undefined Weak Reference
    _get_lc_monetary                          - Undefined Weak Reference
    _get_lc_numeric                           - Undefined Weak Reference
    _get_lc_time                              - Undefined Weak Reference
    _getenv_init                              - Undefined Weak Reference
    _handle_redirection                       - Undefined Weak Reference
    _mutex_acquire                            - Undefined Weak Reference
    _mutex_free                               - Undefined Weak Reference
    _mutex_release                            - Undefined Weak Reference
    _printf_mbtowc                            - Undefined Weak Reference
    _printf_truncate_signed                   - Undefined Weak Reference
    _printf_truncate_unsigned                 - Undefined Weak Reference
    _rand_init                                - Undefined Weak Reference
    _scanf_longlong                           - Undefined Weak Reference
    _scanf_mbtowc                             - Undefined Weak Reference
    _scanf_real                               - Undefined Weak Reference
    _scanf_string                             - Undefined Weak Reference
    _scanf_wctomb                             - Undefined Weak Reference
    _scanf_wstring                            - Undefined Weak Reference
    _signal_finish                            - Undefined Weak Reference
    _signal_init                              - Undefined Weak Reference
    __Vectors_Size                           0x00000188   Number         0  startup_stm32f303xc.o ABSOLUTE
    __Vectors                                0x08000000   Data           4  startup_stm32f303xc.o(RESET)
    __Vectors_End                            0x08000188   Data           0  startup_stm32f303xc.o(RESET)
    __main                                   0x08000189   Thumb Code     8  __main.o(!!!main)
    __scatterload                            0x08000191   Thumb Code     0  __scatter.o(!!!scatter)
    __scatterload_rt2                        0x08000191   Thumb Code    44  __scatter.o(!!!scatter)
    __scatterload_rt2_thumb_only             0x08000191   Thumb Code     0  __scatter.o(!!!scatter)
    __scatterload_null                       0x0800019f   Thumb Code     0  __scatter.o(!!!scatter)
    __scatterload_copy                       0x080001c5   Thumb Code    26  __scatter_copy.o(!!handler_copy)
    __scatterload_zeroinit                   0x080001e1   Thumb Code    28  __scatter_zi.o(!!handler_zi)
    _printf_d                                0x080001fd   Thumb Code     0  _printf_d.o(.ARM.Collect$$_printf_percent$$00000009)
    _printf_percent                          0x080001fd   Thumb Code     0  _printf_percent.o(.ARM.Collect$$_printf_percent$$00000000)
    _printf_x                                0x08000203   Thumb Code     0  _printf_x.o(.ARM.Collect$$_printf_percent$$0000000C)
    _printf_c                                0x08000209   Thumb Code     0  _printf_c.o(.ARM.Collect$$_printf_percent$$00000013)
    _printf_percent_end                      0x0800020f   Thumb Code     0  _printf_percent_end.o(.ARM.Collect$$_printf_percent$$00000017)
    __rt_lib_init                            0x08000213   Thumb Code     0  libinit.o(.ARM.Collect$$libinit$$00000000)
    __rt_lib_init_fp_1                       0x08000215   Thumb Code     0  libinit2.o(.ARM.Collect$$libinit$$00000001)
    __rt_lib_init_heap_2                     0x08000219   Thumb Code     0  libinit2.o(.ARM.Collect$$libinit$$00000005)
    __rt_lib_init_preinit_1                  0x08000219   Thumb Code     0  libinit2.o(.ARM.Collect$$libinit$$00000004)
    __rt_lib_init_heap_1                     0x08000221   Thumb Code     0  libinit2.o(.ARM.Collect$$libinit$$0000000A)
    __rt_lib_init_lc_common                  0x08000221   Thumb Code     0  libinit2.o(.ARM.Collect$$libinit$$0000000F)
    __rt_lib_init_rand_1                     0x08000221   Thumb Code     0  libinit2.o(.ARM.Collect$$libinit$$0000000E)
    __rt_lib_init_user_alloc_1               0x08000221   Thumb Code     0  libinit2.o(.ARM.Collect$$libinit$$0000000C)
    __rt_lib_init_lc_collate_1               0x08000227   Thumb Code     0  libinit2.o(.ARM.Collect$$libinit$$00000011)
    __rt_lib_init_lc_ctype_2                 0x08000227   Thumb Code     0  libinit2.o(.ARM.Collect$$libinit$$00000012)
    __rt_lib_init_atexit_1                   0x08000233   Thumb Code     0  libinit2.o(.ARM.Collect$$libinit$$0000001B)
    __rt_lib_init_clock_1                    0x08000233   Thumb Code     0  libinit2.o(.ARM.Collect$$libinit$$00000021)
    __rt_lib_init_fp_trap_1                  0x08000233   Thumb Code     0  libinit2.o(.ARM.Collect$$libinit$$0000001F)
    __rt_lib_init_getenv_1                   0x08000233   Thumb Code     0  libinit2.o(.ARM.Collect$$libinit$$00000023)
    __rt_lib_init_lc_ctype_1                 0x08000233   Thumb Code     0  libinit2.o(.ARM.Collect$$libinit$$00000013)
    __rt_lib_init_lc_monetary_1              0x08000233   Thumb Code     0  libinit2.o(.ARM.Collect$$libinit$$00000015)
    __rt_lib_init_lc_numeric_1               0x08000233   Thumb Code     0  libinit2.o(.ARM.Collect$$libinit$$00000017)
    __rt_lib_init_lc_time_1                  0x08000233   Thumb Code     0  libinit2.o(.ARM.Collect$$libinit$$00000019)
    __rt_lib_init_signal_1                   0x08000233   Thumb Code     0  libinit2.o(.ARM.Collect$$libinit$$0000001D)
    __rt_lib_init_stdio_2                    0x08000233   Thumb Code     0  libinit2.o(.ARM.Collect$$libinit$$00000024)
    __rt_lib_init_alloca_1                   0x08000237   Thumb Code     0  libinit2.o(.ARM.Collect$$libinit$$0000002E)
    __rt_lib_init_argv_1                     0x08000237   Thumb Code     0  libinit2.o(.ARM.Collect$$libinit$$0000002C)
    __rt_lib_init_cpp_1                      0x08000237   Thumb Code     0  libinit2.o(.ARM.Collect$$libinit$$00000032)
    __rt_lib_init_exceptions_1               0x08000237   Thumb Code     0  libinit2.o(.ARM.Collect$$libinit$$00000030)
    __rt_lib_init_return                     0x08000237   Thumb Code     0  libinit2.o(.ARM.Collect$$libinit$$00000033)
    __rt_lib_init_stdio_1                    0x08000237   Thumb Code     0  libinit2.o(.ARM.Collect$$libinit$$00000025)
    __rt_lib_shutdown                        0x08000239   Thumb Code     0  libshutdown.o(.ARM.Collect$$libshutdown$$00000000)
    __rt_lib_shutdown_cpp_1                  0x0800023b   Thumb Code     0  libshutdown2.o(.ARM.Collect$$libshutdown$$00000002)
    __rt_lib_shutdown_stdio_2                0x0800023b   Thumb Code     0  libshutdown2.o(.ARM.Collect$$libshutdown$$00000003)
    __rt_lib_shutdown_fp_trap_1              0x0800023f   Thumb Code     0  libshutdown2.o(.ARM.Collect$$libshutdown$$00000007)
    __rt_lib_shutdown_heap_1                 0x0800023f   Thumb Code     0  libshutdown2.o(.ARM.Collect$$libshutdown$$0000000F)
    __rt_lib_shutdown_return                 0x0800023f   Thumb Code     0  libshutdown2.o(.ARM.Collect$$libshutdown$$00000010)
    __rt_lib_shutdown_signal_1               0x0800023f   Thumb Code     0  libshutdown2.o(.ARM.Collect$$libshutdown$$0000000A)
    __rt_lib_shutdown_stdio_1                0x0800023f   Thumb Code     0  libshutdown2.o(.ARM.Collect$$libshutdown$$00000004)
    __rt_lib_shutdown_user_alloc_1           0x0800023f   Thumb Code     0  libshutdown2.o(.ARM.Collect$$libshutdown$$0000000C)
    __rt_entry                               0x08000241   Thumb Code     0  __rtentry.o(.ARM.Collect$$rtentry$$00000000)
    __rt_entry_presh_1                       0x08000241   Thumb Code     0  __rtentry2.o(.ARM.Collect$$rtentry$$00000002)
    __rt_entry_sh                            0x08000241   Thumb Code     0  __rtentry4.o(.ARM.Collect$$rtentry$$00000004)
    __rt_entry_li                            0x08000247   Thumb Code     0  __rtentry2.o(.ARM.Collect$$rtentry$$0000000A)
    __rt_entry_postsh_1                      0x08000247   Thumb Code     0  __rtentry2.o(.ARM.Collect$$rtentry$$00000009)
    __rt_entry_main                          0x0800024b   Thumb Code     0  __rtentry2.o(.ARM.Collect$$rtentry$$0000000D)
    __rt_entry_postli_1                      0x0800024b   Thumb Code     0  __rtentry2.o(.ARM.Collect$$rtentry$$0000000C)
    __rt_exit                                0x08000253   Thumb Code     0  rtexit.o(.ARM.Collect$$rtexit$$00000000)
    __rt_exit_ls                             0x08000255   Thumb Code     0  rtexit2.o(.ARM.Collect$$rtexit$$00000003)
    __rt_exit_prels_1                        0x08000255   Thumb Code     0  rtexit2.o(.ARM.Collect$$rtexit$$00000002)
    __rt_exit_exit                           0x08000259   Thumb Code     0  rtexit2.o(.ARM.Collect$$rtexit$$00000004)
    Reset_Handler                            0x08000261   Thumb Code     8  startup_stm32f303xc.o(.text)
    NMI_Handler                              0x08000269   Thumb Code     2  startup_stm32f303xc.o(.text)
    HardFault_Handler                        0x0800026b   Thumb Code     2  startup_stm32f303xc.o(.text)
    MemManage_Handler                        0x0800026d   Thumb Code     2  startup_stm32f303xc.o(.text)
    BusFault_Handler                         0x0800026f   Thumb Code     2  startup_stm32f303xc.o(.text)
    UsageFault_Handler                       0x08000271   Thumb Code     2  startup_stm32f303xc.o(.text)
    SVC_Handler                              0x08000273   Thumb Code     2  startup_stm32f303xc.o(.text)
    DebugMon_Handler                         0x08000275   Thumb Code     2  startup_stm32f303xc.o(.text)
    PendSV_Handler                           0x08000277   Thumb Code     2  startup_stm32f303xc.o(.text)
    ADC1_2_IRQHandler                        0x0800027b   Thumb Code     0  startup_stm32f303xc.o(.text)
    ADC3_IRQHandler                          0x0800027b   Thumb Code     0  startup_stm32f303xc.o(.text)
    ADC4_IRQHandler                          0x0800027b   Thumb Code     0  startup_stm32f303xc.o(.text)
    CAN_RX1_IRQHandler                       0x0800027b   Thumb Code     0  startup_stm32f303xc.o(.text)
    CAN_SCE_IRQHandler                       0x0800027b   Thumb Code     0  startup_stm32f303xc.o(.text)
    COMP1_2_3_IRQHandler                     0x0800027b   Thumb Code     0  startup_stm32f303xc.o(.text)
    COMP4_5_6_IRQHandler                     0x0800027b   Thumb Code     0  startup_stm32f303xc.o(.text)
    COMP7_IRQHandler                         0x0800027b   Thumb Code     0  startup_stm32f303xc.o(.text)
    DMA1_Channel1_IRQHandler                 0x0800027b   Thumb Code     0  startup_stm32f303xc.o(.text)
    DMA1_Channel2_IRQHandler                 0x0800027b   Thumb Code     0  startup_stm32f303xc.o(.text)
    DMA1_Channel3_IRQHandler                 0x0800027b   Thumb Code     0  startup_stm32f303xc.o(.text)
    DMA1_Channel4_IRQHandler                 0x0800027b   Thumb Code     0  startup_stm32f303xc.o(.text)
    DMA1_Channel5_IRQHandler                 0x0800027b   Thumb Code     0  startup_stm32f303xc.o(.text)
    DMA1_Channel6_IRQHandler                 0x0800027b   Thumb Code     0  startup_stm32f303xc.o(.text)
    DMA2_Channel1_IRQHandler                 0x0800027b   Thumb Code     0  startup_stm32f303xc.o(.text)
    DMA2_Channel2_IRQHandler                 0x0800027b   Thumb Code     0  startup_stm32f303xc.o(.text)
    DMA2_Channel3_IRQHandler                 0x0800027b   Thumb Code     0  startup_stm32f303xc.o(.text)
    DMA2_Channel4_IRQHandler                 0x0800027b   Thumb Code     0  startup_stm32f303xc.o(.text)
    DMA2_Channel5_IRQHandler                 0x0800027b   Thumb Code     0  startup_stm32f303xc.o(.text)
    EXTI0_IRQHandler                         0x0800027b   Thumb Code     0  startup_stm32f303xc.o(.text)
    EXTI15_10_IRQHandler                     0x0800027b   Thumb Code     0  startup_stm32f303xc.o(.text)
    EXTI1_IRQHandler                         0x0800027b   Thumb Code     0  startup_stm32f303xc.o(.text)
    EXTI2_TSC_IRQHandler                     0x0800027b   Thumb Code     0  startup_stm32f303xc.o(.text)
    EXTI3_IRQHandler                         0x0800027b   Thumb Code     0  startup_stm32f303xc.o(.text)
    EXTI4_IRQHandler                         0x0800027b   Thumb Code     0  startup_stm32f303xc.o(.text)
    EXTI9_5_IRQHandler                       0x0800027b   Thumb Code     0  startup_stm32f303xc.o(.text)
    FLASH_IRQHandler                         0x0800027b   Thumb Code     0  startup_stm32f303xc.o(.text)
    FPU_IRQHandler                           0x0800027b   Thumb Code     0  startup_stm32f303xc.o(.text)
    I2C1_ER_IRQHandler                       0x0800027b   Thumb Code     0  startup_stm32f303xc.o(.text)
    I2C2_ER_IRQHandler                       0x0800027b   Thumb Code     0  startup_stm32f303xc.o(.text)
    I2C2_EV_IRQHandler                       0x0800027b   Thumb Code     0  startup_stm32f303xc.o(.text)
    PVD_IRQHandler                           0x0800027b   Thumb Code     0  startup_stm32f303xc.o(.text)
    RCC_IRQHandler                           0x0800027b   Thumb Code     0  startup_stm32f303xc.o(.text)
    RTC_Alarm_IRQHandler                     0x0800027b   Thumb Code     0  startup_stm32f303xc.o(.text)
    RTC_WKUP_IRQHandler                      0x0800027b   Thumb Code     0  startup_stm32f303xc.o(.text)
    SPI1_IRQHandler                          0x0800027b   Thumb Code     0  startup_stm32f303xc.o(.text)
    SPI2_IRQHandler                          0x0800027b   Thumb Code     0  startup_stm32f303xc.o(.text)
    SPI3_IRQHandler                          0x0800027b   Thumb Code     0  startup_stm32f303xc.o(.text)
    TAMP_STAMP_IRQHandler                    0x0800027b   Thumb Code     0  startup_stm32f303xc.o(.text)
    TIM1_BRK_TIM15_IRQHandler                0x0800027b   Thumb Code     0  startup_stm32f303xc.o(.text)
    TIM1_CC_IRQHandler                       0x0800027b   Thumb Code     0  startup_stm32f303xc.o(.text)
    TIM1_TRG_COM_TIM17_IRQHandler            0x0800027b   Thumb Code     0  startup_stm32f303xc.o(.text)
    TIM1_UP_TIM16_IRQHandler                 0x0800027b   Thumb Code     0  startup_stm32f303xc.o(.text)
    TIM2_IRQHandler                          0x0800027b   Thumb Code     0  startup_stm32f303xc.o(.text)
    TIM3_IRQHandler                          0x0800027b   Thumb Code     0  startup_stm32f303xc.o(.text)
    TIM4_IRQHandler                          0x0800027b   Thumb Code     0  startup_stm32f303xc.o(.text)
    TIM6_DAC_IRQHandler                      0x0800027b   Thumb Code     0  startup_stm32f303xc.o(.text)
    TIM7_IRQHandler                          0x0800027b   Thumb Code     0  startup_stm32f303xc.o(.text)
    TIM8_BRK_IRQHandler                      0x0800027b   Thumb Code     0  startup_stm32f303xc.o(.text)
    TIM8_CC_IRQHandler                       0x0800027b   Thumb Code     0  startup_stm32f303xc.o(.text)
    TIM8_TRG_COM_IRQHandler                  0x0800027b   Thumb Code     0  startup_stm32f303xc.o(.text)
    TIM8_UP_IRQHandler                       0x0800027b   Thumb Code     0  startup_stm32f303xc.o(.text)
    UART4_IRQHandler                         0x0800027b   Thumb Code     0  startup_stm32f303xc.o(.text)
    UART5_IRQHandler                         0x0800027b   Thumb Code     0  startup_stm32f303xc.o(.text)
    USART1_IRQHandler                        0x0800027b   Thumb Code     0  startup_stm32f303xc.o(.text)
    USART3_IRQHandler                        0x0800027b   Thumb Code     0  startup_stm32f303xc.o(.text)
    USBWakeUp_IRQHandler                     0x0800027b   Thumb Code     0  startup_stm32f303xc.o(.text)
    USBWakeUp_RMP_IRQHandler                 0x0800027b   Thumb Code     0  startup_stm32f303xc.o(.text)
    USB_HP_CAN_TX_IRQHandler                 0x0800027b   Thumb Code     0  startup_stm32f303xc.o(.text)
    USB_HP_IRQHandler                        0x0800027b   Thumb Code     0  startup_stm32f303xc.o(.text)
    USB_LP_CAN_RX0_IRQHandler                0x0800027b   Thumb Code     0  startup_stm32f303xc.o(.text)
    USB_LP_IRQHandler                        0x0800027b   Thumb Code     0  startup_stm32f303xc.o(.text)
    WWDG_IRQHandler                          0x0800027b   Thumb Code     0  startup_stm32f303xc.o(.text)
    __user_initial_stackheap                 0x0800027d   Thumb Code     0  startup_stm32f303xc.o(.text)
    __2printf                                0x080002a1   Thumb Code    20  noretval__2printf.o(.text)
    __2sprintf                               0x080002b9   Thumb Code    34  noretval__2sprintf.o(.text)
    _printf_pre_padding                      0x080002e1   Thumb Code    44  _printf_pad.o(.text)
    _printf_post_padding                     0x0800030d   Thumb Code    34  _printf_pad.o(.text)
    _printf_str                              0x0800032f   Thumb Code    82  _printf_str.o(.text)
    _printf_int_dec                          0x08000381   Thumb Code   104  _printf_dec.o(.text)
    _printf_int_hex                          0x080003f9   Thumb Code    84  _printf_hex_int.o(.text)
    _printf_longlong_hex                     0x080003f9   Thumb Code     0  _printf_hex_int.o(.text)
    __printf                                 0x08000451   Thumb Code   308  __printf_flags_wp.o(.text)
    __0sscanf                                0x08000589   Thumb Code    52  __0sscanf.o(.text)
    _scanf_int                               0x080005c5   Thumb Code   332  _scanf_int.o(.text)
    puts                                     0x08000711   Thumb Code    40  puts.o(.text)
    strchr                                   0x0800073d   Thumb Code    20  strchr.o(.text)
    strlen                                   0x08000751   Thumb Code    62  strlen.o(.text)
    __aeabi_memcpy                           0x0800078f   Thumb Code     0  rt_memcpy_v6.o(.text)
    __rt_memcpy                              0x0800078f   Thumb Code   138  rt_memcpy_v6.o(.text)
    _memcpy_lastbytes                        0x080007f5   Thumb Code     0  rt_memcpy_v6.o(.text)
    __aeabi_memclr4                          0x08000819   Thumb Code     0  rt_memclr_w.o(.text)
    __aeabi_memclr8                          0x08000819   Thumb Code     0  rt_memclr_w.o(.text)
    __rt_memclr_w                            0x08000819   Thumb Code    78  rt_memclr_w.o(.text)
    _memset_w                                0x0800081d   Thumb Code     0  rt_memclr_w.o(.text)
    strcmp                                   0x08000869   Thumb Code   124  strcmpv7em.o(.text)
    __use_two_region_memory                  0x080008e5   Thumb Code     2  heapauxi.o(.text)
    __rt_heap_escrow                         0x080008e7   Thumb Code     2  heapauxi.o(.text)
    __rt_heap_expand                         0x080008e9   Thumb Code     2  heapauxi.o(.text)
    _printf_int_common                       0x080008eb   Thumb Code   178  _printf_intcommon.o(.text)
    _printf_char_common                      0x080009a7   Thumb Code    32  _printf_char_common.o(.text)
    _sputc                                   0x080009cd   Thumb Code    10  _sputc.o(.text)
    _printf_cs_common                        0x080009d7   Thumb Code    20  _printf_char.o(.text)
    _printf_char                             0x080009eb   Thumb Code    16  _printf_char.o(.text)
    _printf_string                           0x080009fb   Thumb Code     8  _printf_char.o(.text)
    _printf_char_file                        0x08000a05   Thumb Code    32  _printf_char_file.o(.text)
    _chval                                   0x08000a29   Thumb Code    28  _chval.o(.text)
    __vfscanf_char                           0x08000a51   Thumb Code    24  scanf_char.o(.text)
    _sgetc                                   0x08000a71   Thumb Code    30  _sgetc.o(.text)
    _sbackspace                              0x08000a8f   Thumb Code    34  _sgetc.o(.text)
    __aeabi_memcpy4                          0x08000ab1   Thumb Code     0  rt_memcpy_w.o(.text)
    __aeabi_memcpy8                          0x08000ab1   Thumb Code     0  rt_memcpy_w.o(.text)
    __rt_memcpy_w                            0x08000ab1   Thumb Code   100  rt_memcpy_w.o(.text)
    _memcpy_lastbytes_aligned                0x08000af9   Thumb Code     0  rt_memcpy_w.o(.text)
    isspace                                  0x08000b15   Thumb Code    18  isspace.o(.text)
    __vfscanf                                0x08000b29   Thumb Code   878  _scanf.o(.text)
    ferror                                   0x08000e9d   Thumb Code     8  ferror.o(.text)
    __flsbuf                                 0x08000ea5   Thumb Code   470  flsbuf.o(.text)
    __flsbuf_byte                            0x08000ea5   Thumb Code     0  flsbuf.o(.text)
    __flsbuf_wide                            0x08000ea5   Thumb Code     0  flsbuf.o(.text)
    _initio                                  0x0800107d   Thumb Code   210  initio.o(.text)
    _terminateio                             0x0800114f   Thumb Code    56  initio.o(.text)
    __user_setup_stackheap                   0x080011b5   Thumb Code    74  sys_stackheap_outer.o(.text)
    __rt_ctype_table                         0x08001201   Thumb Code    16  rt_ctype_table.o(.text)
    malloc                                   0x08001211   Thumb Code    94  h1_alloc.o(.text)
    free                                     0x0800126f   Thumb Code    78  h1_free.o(.text)
    setvbuf                                  0x080012bd   Thumb Code    70  setvbuf.o(.text)
    _seterr                                  0x08001305   Thumb Code    20  stdio.o(.text)
    _writebuf                                0x08001319   Thumb Code    84  stdio.o(.text)
    _fflush                                  0x0800136d   Thumb Code    70  stdio.o(.text)
    _deferredlazyseek                        0x080013b3   Thumb Code    60  stdio.o(.text)
    freopen                                  0x080013f5   Thumb Code   160  fopen.o(.text)
    fopen                                    0x08001495   Thumb Code    74  fopen.o(.text)
    _fclose_internal                         0x080014e5   Thumb Code    76  fclose.o(.text)
    fclose                                   0x080014e5   Thumb Code     0  fclose.o(.text)
    exit                                     0x08001531   Thumb Code    18  exit.o(.text)
    __rt_SIGRTRED                            0x08001543   Thumb Code    14  defsig_rtred_outer.o(.text)
    __user_libspace                          0x08001551   Thumb Code     8  libspace.o(.text)
    __user_perproc_libspace                  0x08001551   Thumb Code     0  libspace.o(.text)
    __user_perthread_libspace                0x08001551   Thumb Code     0  libspace.o(.text)
    __rt_heap_descriptor                     0x08001559   Thumb Code     8  rt_heap_descriptor_intlibspace.o(.text)
    __rt_locale                              0x08001561   Thumb Code     8  rt_locale_intlibspace.o(.text)
    __use_no_heap                            0x08001569   Thumb Code     2  hguard.o(.text)
    __heap$guard                             0x0800156b   Thumb Code     2  hguard.o(.text)
    _terminate_user_alloc                    0x0800156d   Thumb Code     2  init_alloc.o(.text)
    _init_user_alloc                         0x0800156f   Thumb Code     2  init_alloc.o(.text)
    __Heap_Full                              0x08001571   Thumb Code    34  init_alloc.o(.text)
    __Heap_Broken                            0x08001593   Thumb Code     6  init_alloc.o(.text)
    _init_alloc                              0x08001599   Thumb Code    94  init_alloc.o(.text)
    __Heap_Initialize                        0x080015f7   Thumb Code    10  h1_init.o(.text)
    __Heap_DescSize                          0x08001601   Thumb Code     4  h1_init.o(.text)
    _fseek                                   0x08001605   Thumb Code   242  fseek.o(.text)
    fseek                                    0x08001605   Thumb Code     0  fseek.o(.text)
    __sig_exit                               0x080016fd   Thumb Code    10  defsig_exit.o(.text)
    __rt_SIGRTRED_inner                      0x08001709   Thumb Code    14  defsig_rtred_inner.o(.text)
    _sys_exit                                0x0800173d   Thumb Code     8  sys_exit.o(.text)
    __Heap_ProvideMemory                     0x08001749   Thumb Code    52  h1_extend.o(.text)
    _maybe_terminate_alloc                   0x08001749   Thumb Code     0  maybetermalloc1.o(.text)
    _ftell_internal                          0x0800177d   Thumb Code    66  ftell.o(.text)
    ftell                                    0x0800177d   Thumb Code     0  ftell.o(.text)
    __default_signal_display                 0x080017bf   Thumb Code    50  defsig_general.o(.text)
    __rt_SIGRTMEM                            0x080017f1   Thumb Code    14  defsig_rtmem_outer.o(.text)
    _ttywrch                                 0x080017ff   Thumb Code    14  sys_wrch.o(.text)
    __I$use$semihosting                      0x0800180d   Thumb Code     0  use_no_semi.o(.text)
    __use_no_semihosting_swi                 0x0800180d   Thumb Code     2  use_no_semi.o(.text)
    __semihosting_library_function           0x0800180f   Thumb Code     0  indicate_semi.o(.text)
    __aeabi_errno_addr                       0x08001811   Thumb Code     8  rt_errno_addr_intlibspace.o(.text)
    __errno$intlibspace                      0x08001811   Thumb Code     0  rt_errno_addr_intlibspace.o(.text)
    __rt_errno_addr$intlibspace              0x08001811   Thumb Code     0  rt_errno_addr_intlibspace.o(.text)
    __rt_SIGRTMEM_inner                      0x08001819   Thumb Code    22  defsig_rtmem_inner.o(.text)
    DMA1_Channel7_IRQHandler                 0x08001869   Thumb Code    32  uart.o(.text.DMA1_Channel7_IRQHandler)
    GetMessage                               0x08001889   Thumb Code    38  messages.o(.text.GetMessage)
    GetTimer                                 0x080018b1   Thumb Code    14  timers.o(.text.GetTimer)
    I2C1_EV_IRQHandler                       0x080018c1   Thumb Code   240  i2cfram.o(.text.I2C1_EV_IRQHandler)
    ITM_SendChar                             0x080019b1   Thumb Code    46  retarget_io.o(.text.ITM_SendChar)
    InitKpd4                                 0x080019e1   Thumb Code   112  keypad.o(.text.InitKpd4)
    InitMessages                             0x08001a51   Thumb Code    24  messages.o(.text.InitMessages)
    InitTimers                               0x08001a69   Thumb Code    24  timers.o(.text.InitTimers)
    InitUartDMA                              0x08001a81   Thumb Code   304  uart.o(.text.InitUartDMA)
    LL_GPIO_Init                             0x08001dc5   Thumb Code   150  stm32f3xx_ll_gpio.o(.text.LL_GPIO_Init)
    LL_Init1msTick                           0x08002111   Thumb Code     4  stm32f3xx_ll_utils.o(.text.LL_Init1msTick)
    LL_RCC_GetUSARTClockFreq                 0x0800218d   Thumb Code   184  stm32f3xx_ll_rcc.o(.text.LL_RCC_GetUSARTClockFreq)
    LL_SetSystemCoreClock                    0x0800238d   Thumb Code    12  stm32f3xx_ll_utils.o(.text.LL_SetSystemCoreClock)
    ProcTm1                                  0x080024d5   Thumb Code   980  fsm_tm1.o(.text.ProcTm1)
    ProcTm2                                  0x080028a9   Thumb Code   392  fsm_tm2.o(.text.ProcTm2)
    ProcTm3                                  0x08002a31   Thumb Code   888  fsm_tm3.o(.text.ProcTm3)
    ProcesLedkey                             0x08002da9   Thumb Code   258  main.o(.text.ProcesLedkey)
    ProcessFsmInterTm1                       0x08002ead   Thumb Code   176  fsm_inter_tm1.o(.text.ProcessFsmInterTm1)
    ProcessFsmInterTm2                       0x08002f5d   Thumb Code   176  fsm_inter_tm2.o(.text.ProcessFsmInterTm2)
    ProcessFsmInterTm3                       0x0800300d   Thumb Code   176  fsm_inter_tm3.o(.text.ProcessFsmInterTm3)
    ProcessFsmMain                           0x080030bd   Thumb Code   520  fsm_main.o(.text.ProcessFsmMain)
    ProcessFsmTm1                            0x080032c5   Thumb Code   596  fsm_tm1.o(.text.ProcessFsmTm1)
    ProcessFsmTm2                            0x08003519   Thumb Code   596  fsm_tm2.o(.text.ProcessFsmTm2)
    ProcessFsmTm3                            0x0800376d   Thumb Code   596  fsm_tm3.o(.text.ProcessFsmTm3)
    ProcessKeyKpd4                           0x080039c1   Thumb Code   244  keypad.o(.text.ProcessKeyKpd4)
    ProcessMessages                          0x08003ab5   Thumb Code    42  messages.o(.text.ProcessMessages)
    ProcessTimers                            0x08003ae1   Thumb Code    30  timers.o(.text.ProcessTimers)
    RCC_GetHCLKClockFreq                     0x08003b01   Thumb Code    28  stm32f3xx_ll_rcc.o(.text.RCC_GetHCLKClockFreq)
    RCC_GetPCLK1ClockFreq                    0x08003b1d   Thumb Code    26  stm32f3xx_ll_rcc.o(.text.RCC_GetPCLK1ClockFreq)
    RCC_GetPCLK2ClockFreq                    0x08003b39   Thumb Code    26  stm32f3xx_ll_rcc.o(.text.RCC_GetPCLK2ClockFreq)
    RCC_GetSystemClockFreq                   0x08003b55   Thumb Code    28  stm32f3xx_ll_rcc.o(.text.RCC_GetSystemClockFreq)
    RCC_PLL_GetFreqDomain_SYS                0x08003b71   Thumb Code    64  stm32f3xx_ll_rcc.o(.text.RCC_PLL_GetFreqDomain_SYS)
    ResetTimer                               0x08003bb1   Thumb Code    16  timers.o(.text.ResetTimer)
    SendMessage                              0x08003bc1   Thumb Code    22  messages.o(.text.SendMessage)
    SysTick_Handler                          0x08003bd9   Thumb Code     4  timers.o(.text.SysTick_Handler)
    SystemClock_Config                       0x08003bdd   Thumb Code    84  main.o(.text.SystemClock_Config)
    SystemCoreClockUpdate                    0x08003c31   Thumb Code   104  system_stm32f3xx.o(.text.SystemCoreClockUpdate)
    SystemInit                               0x08003c99   Thumb Code    18  system_stm32f3xx.o(.text.SystemInit)
    USART2_IRQHandler                        0x08003cad   Thumb Code   208  uart.o(.text.USART2_IRQHandler)
    _sys_close                               0x08003dcd   Thumb Code    18  retarget_io.o(.text._sys_close)
    _sys_flen                                0x08003de1   Thumb Code     4  retarget_io.o(.text._sys_flen)
    _sys_istty                               0x08003de5   Thumb Code    16  retarget_io.o(.text._sys_istty)
    _sys_open                                0x08003df5   Thumb Code   100  retarget_io.o(.text._sys_open)
    _sys_seek                                0x08003e59   Thumb Code     6  retarget_io.o(.text._sys_seek)
    _sys_write                               0x08003e61   Thumb Code    46  retarget_io.o(.text._sys_write)
    i2cFRAM_rd                               0x08003e91   Thumb Code   132  i2cfram.o(.text.i2cFRAM_rd)
    i2cFRAM_wr                               0x08003f15   Thumb Code   146  i2cfram.o(.text.i2cFRAM_wr)
    init_I2C_FRAM                            0x08003fa9   Thumb Code   132  i2cfram.o(.text.init_I2C_FRAM)
    main                                     0x0800402d   Thumb Code   128  main.o(.text.main)
    scankeypad                               0x080040ad   Thumb Code    74  keypad.o(.text.scankeypad)
    uart_transmit                            0x080040fd   Thumb Code    60  uart.o(.text.uart_transmit)
    _is_digit                                0x08004139   Thumb Code    14  __printf_wp.o(i._is_digit)
    fputc                                    0x08004147   Thumb Code    26  fputc.o(i.fputc)
    _get_lc_ctype                            0x08004161   Thumb Code    44  lc_ctype_c.o(locale$$code)
    _fp_init                                 0x0800418d   Thumb Code    26  fpinit.o(x$fpl$fpinit)
    __fplib_config_fpu_vfp                   0x080041a5   Thumb Code     0  fpinit.o(x$fpl$fpinit)
    __fplib_config_pureend_doubles           0x080041a5   Thumb Code     0  fpinit.o(x$fpl$fpinit)
    AHBPrescTable                            0x080041df   Data          16  system_stm32f3xx.o(.rodata.AHBPrescTable)
    APBPrescTable                            0x080041ef   Data           8  system_stm32f3xx.o(.rodata.APBPrescTable)
    __stderr_name                            0x080041fe   Data           8  retarget_io.o(.rodata.__stderr_name)
    __stdin_name                             0x08004206   Data           7  retarget_io.o(.rodata.__stdin_name)
    __stdout_name                            0x0800420d   Data           8  retarget_io.o(.rodata.__stdout_name)
    Region$$Table$$Base                      0x08004218   Number         0  anon$$obj.o(Region$$Table)
    Region$$Table$$Limit                     0x08004238   Number         0  anon$$obj.o(Region$$Table)
    __ctype                                  0x08004245   Data           0  lc_ctype_c.o(locale$$data)
    __aeabi_stdin                            0x20000000   Data           4  stdio_streams.o(.data)
    __aeabi_stdout                           0x20000004   Data           4  stdio_streams.o(.data)
    __aeabi_stderr                           0x20000008   Data           4  stdio_streams.o(.data)
    SystemCoreClock                          0x20000018   Data           4  system_stm32f3xx.o(.data.SystemCoreClock)
    __stdin                                  0x20000020   Data          84  stdio_streams.o(.bss)
    __stdout                                 0x20000074   Data          84  stdio_streams.o(.bss)
    __stderr                                 0x200000c8   Data          84  stdio_streams.o(.bss)
    __libspace_start                         0x2000011c   Data          96  libspace.o(.bss)
    __temporary_stack_top$libspace           0x2000017c   Data           0  libspace.o(.bss)
    iic_st                                   0x200003e1   Data           1  i2cfram.o(.bss.iic_st)
    lenfsm                                   0x200003e4   Data           4  fsm_main.o(.bss.lenfsm)
    leni2c                                   0x200003e8   Data           1  i2cfram.o(.bss.leni2c)
    lenuart                                  0x200003e9   Data           1  uart.o(.bss.lenuart)
    steptm1                                  0x200003fc   Data           4  fsm_inter_tm1.o(.bss.steptm1)
    steptm2                                  0x20000400   Data           4  fsm_inter_tm2.o(.bss.steptm2)
    steptm3                                  0x20000404   Data           4  fsm_inter_tm3.o(.bss.steptm3)



==============================================================================

Memory Map of the image

  Image Entry point : 0x08000189

  Load Region LR_IROM1 (Base: 0x08000000, Size: 0x00004368, Max: 0x00040000, ABSOLUTE)

    Execution Region ER_IROM1 (Exec base: 0x08000000, Load base: 0x08000000, Size: 0x00004348, Max: 0x00040000, ABSOLUTE)

    Exec Addr    Load Addr    Size         Type   Attr      Idx    E Section Name        Object

    0x08000000   0x08000000   0x00000188   Data   RO          753    RESET               startup_stm32f303xc.o
    0x08000188   0x08000188   0x00000008   Code   RO          857  * !!!main             c_w.l(__main.o)
    0x08000190   0x08000190   0x00000034   Code   RO         1227    !!!scatter          c_w.l(__scatter.o)
    0x080001c4   0x080001c4   0x0000001a   Code   RO         1229    !!handler_copy      c_w.l(__scatter_copy.o)
    0x080001de   0x080001de   0x00000002   PAD
    0x080001e0   0x080001e0   0x0000001c   Code   RO         1231    !!handler_zi        c_w.l(__scatter_zi.o)
    0x080001fc   0x080001fc   0x00000000   Code   RO          838    .ARM.Collect$$_printf_percent$$00000000  c_w.l(_printf_percent.o)
    0x080001fc   0x080001fc   0x00000006   Code   RO          837    .ARM.Collect$$_printf_percent$$00000009  c_w.l(_printf_d.o)
    0x08000202   0x08000202   0x00000006   Code   RO          836    .ARM.Collect$$_printf_percent$$0000000C  c_w.l(_printf_x.o)
    0x08000208   0x08000208   0x00000006   Code   RO          835    .ARM.Collect$$_printf_percent$$00000013  c_w.l(_printf_c.o)
    0x0800020e   0x0800020e   0x00000004   Code   RO          870    .ARM.Collect$$_printf_percent$$00000017  c_w.l(_printf_percent_end.o)
    0x08000212   0x08000212   0x00000002   Code   RO         1026    .ARM.Collect$$libinit$$00000000  c_w.l(libinit.o)
    0x08000214   0x08000214   0x00000004   Code   RO         1027    .ARM.Collect$$libinit$$00000001  c_w.l(libinit2.o)
    0x08000218   0x08000218   0x00000000   Code   RO         1030    .ARM.Collect$$libinit$$00000004  c_w.l(libinit2.o)
    0x08000218   0x08000218   0x00000008   Code   RO         1031    .ARM.Collect$$libinit$$00000005  c_w.l(libinit2.o)
    0x08000220   0x08000220   0x00000000   Code   RO         1033    .ARM.Collect$$libinit$$0000000A  c_w.l(libinit2.o)
    0x08000220   0x08000220   0x00000000   Code   RO         1035    .ARM.Collect$$libinit$$0000000C  c_w.l(libinit2.o)
    0x08000220   0x08000220   0x00000000   Code   RO         1037    .ARM.Collect$$libinit$$0000000E  c_w.l(libinit2.o)
    0x08000220   0x08000220   0x00000006   Code   RO         1038    .ARM.Collect$$libinit$$0000000F  c_w.l(libinit2.o)
    0x08000226   0x08000226   0x00000000   Code   RO         1040    .ARM.Collect$$libinit$$00000011  c_w.l(libinit2.o)
    0x08000226   0x08000226   0x0000000c   Code   RO         1041    .ARM.Collect$$libinit$$00000012  c_w.l(libinit2.o)
    0x08000232   0x08000232   0x00000000   Code   RO         1042    .ARM.Collect$$libinit$$00000013  c_w.l(libinit2.o)
    0x08000232   0x08000232   0x00000000   Code   RO         1044    .ARM.Collect$$libinit$$00000015  c_w.l(libinit2.o)
    0x08000232   0x08000232   0x00000000   Code   RO         1046    .ARM.Collect$$libinit$$00000017  c_w.l(libinit2.o)
    0x08000232   0x08000232   0x00000000   Code   RO         1048    .ARM.Collect$$libinit$$00000019  c_w.l(libinit2.o)
    0x08000232   0x08000232   0x00000000   Code   RO         1050    .ARM.Collect$$libinit$$0000001B  c_w.l(libinit2.o)
    0x08000232   0x08000232   0x00000000   Code   RO         1052    .ARM.Collect$$libinit$$0000001D  c_w.l(libinit2.o)
    0x08000232   0x08000232   0x00000000   Code   RO         1054    .ARM.Collect$$libinit$$0000001F  c_w.l(libinit2.o)
    0x08000232   0x08000232   0x00000000   Code   RO         1056    .ARM.Collect$$libinit$$00000021  c_w.l(libinit2.o)
    0x08000232   0x08000232   0x00000000   Code   RO         1058    .ARM.Collect$$libinit$$00000023  c_w.l(libinit2.o)
    0x08000232   0x08000232   0x00000004   Code   RO         1059    .ARM.Collect$$libinit$$00000024  c_w.l(libinit2.o)
    0x08000236   0x08000236   0x00000000   Code   RO         1060    .ARM.Collect$$libinit$$00000025  c_w.l(libinit2.o)
    0x08000236   0x08000236   0x00000000   Code   RO         1064    .ARM.Collect$$libinit$$0000002C  c_w.l(libinit2.o)
    0x08000236   0x08000236   0x00000000   Code   RO         1066    .ARM.Collect$$libinit$$0000002E  c_w.l(libinit2.o)
    0x08000236   0x08000236   0x00000000   Code   RO         1068    .ARM.Collect$$libinit$$00000030  c_w.l(libinit2.o)
    0x08000236   0x08000236   0x00000000   Code   RO         1070    .ARM.Collect$$libinit$$00000032  c_w.l(libinit2.o)
    0x08000236   0x08000236   0x00000002   Code   RO         1071    .ARM.Collect$$libinit$$00000033  c_w.l(libinit2.o)
    0x08000238   0x08000238   0x00000002   Code   RO         1206    .ARM.Collect$$libshutdown$$00000000  c_w.l(libshutdown.o)
    0x0800023a   0x0800023a   0x00000000   Code   RO         1073    .ARM.Collect$$libshutdown$$00000002  c_w.l(libshutdown2.o)
    0x0800023a   0x0800023a   0x00000004   Code   RO         1074    .ARM.Collect$$libshutdown$$00000003  c_w.l(libshutdown2.o)
    0x0800023e   0x0800023e   0x00000000   Code   RO         1075    .ARM.Collect$$libshutdown$$00000004  c_w.l(libshutdown2.o)
    0x0800023e   0x0800023e   0x00000000   Code   RO         1078    .ARM.Collect$$libshutdown$$00000007  c_w.l(libshutdown2.o)
    0x0800023e   0x0800023e   0x00000000   Code   RO         1081    .ARM.Collect$$libshutdown$$0000000A  c_w.l(libshutdown2.o)
    0x0800023e   0x0800023e   0x00000000   Code   RO         1083    .ARM.Collect$$libshutdown$$0000000C  c_w.l(libshutdown2.o)
    0x0800023e   0x0800023e   0x00000000   Code   RO         1086    .ARM.Collect$$libshutdown$$0000000F  c_w.l(libshutdown2.o)
    0x0800023e   0x0800023e   0x00000002   Code   RO         1087    .ARM.Collect$$libshutdown$$00000010  c_w.l(libshutdown2.o)
    0x08000240   0x08000240   0x00000000   Code   RO          859    .ARM.Collect$$rtentry$$00000000  c_w.l(__rtentry.o)
    0x08000240   0x08000240   0x00000000   Code   RO          892    .ARM.Collect$$rtentry$$00000002  c_w.l(__rtentry2.o)
    0x08000240   0x08000240   0x00000006   Code   RO          904    .ARM.Collect$$rtentry$$00000004  c_w.l(__rtentry4.o)
    0x08000246   0x08000246   0x00000000   Code   RO          894    .ARM.Collect$$rtentry$$00000009  c_w.l(__rtentry2.o)
    0x08000246   0x08000246   0x00000004   Code   RO          895    .ARM.Collect$$rtentry$$0000000A  c_w.l(__rtentry2.o)
    0x0800024a   0x0800024a   0x00000000   Code   RO          897    .ARM.Collect$$rtentry$$0000000C  c_w.l(__rtentry2.o)
    0x0800024a   0x0800024a   0x00000008   Code   RO          898    .ARM.Collect$$rtentry$$0000000D  c_w.l(__rtentry2.o)
    0x08000252   0x08000252   0x00000002   Code   RO         1091    .ARM.Collect$$rtexit$$00000000  c_w.l(rtexit.o)
    0x08000254   0x08000254   0x00000000   Code   RO         1155    .ARM.Collect$$rtexit$$00000002  c_w.l(rtexit2.o)
    0x08000254   0x08000254   0x00000004   Code   RO         1156    .ARM.Collect$$rtexit$$00000003  c_w.l(rtexit2.o)
    0x08000258   0x08000258   0x00000006   Code   RO         1157    .ARM.Collect$$rtexit$$00000004  c_w.l(rtexit2.o)
    0x0800025e   0x0800025e   0x00000002   PAD
    0x08000260   0x08000260   0x00000040   Code   RO          754    .text               startup_stm32f303xc.o
    0x080002a0   0x080002a0   0x00000018   Code   RO          782    .text               c_w.l(noretval__2printf.o)
    0x080002b8   0x080002b8   0x00000028   Code   RO          784    .text               c_w.l(noretval__2sprintf.o)
    0x080002e0   0x080002e0   0x0000004e   Code   RO          788    .text               c_w.l(_printf_pad.o)
    0x0800032e   0x0800032e   0x00000052   Code   RO          790    .text               c_w.l(_printf_str.o)
    0x08000380   0x08000380   0x00000078   Code   RO          792    .text               c_w.l(_printf_dec.o)
    0x080003f8   0x080003f8   0x00000058   Code   RO          797    .text               c_w.l(_printf_hex_int.o)
    0x08000450   0x08000450   0x00000138   Code   RO          827    .text               c_w.l(__printf_flags_wp.o)
    0x08000588   0x08000588   0x0000003c   Code   RO          839    .text               c_w.l(__0sscanf.o)
    0x080005c4   0x080005c4   0x0000014c   Code   RO          841    .text               c_w.l(_scanf_int.o)
    0x08000710   0x08000710   0x0000002c   Code   RO          843    .text               c_w.l(puts.o)
    0x0800073c   0x0800073c   0x00000014   Code   RO          845    .text               c_w.l(strchr.o)
    0x08000750   0x08000750   0x0000003e   Code   RO          847    .text               c_w.l(strlen.o)
    0x0800078e   0x0800078e   0x0000008a   Code   RO          849    .text               c_w.l(rt_memcpy_v6.o)
    0x08000818   0x08000818   0x0000004e   Code   RO          851    .text               c_w.l(rt_memclr_w.o)
    0x08000866   0x08000866   0x00000002   PAD
    0x08000868   0x08000868   0x0000007c   Code   RO          853    .text               c_w.l(strcmpv7em.o)
    0x080008e4   0x080008e4   0x00000006   Code   RO          855    .text               c_w.l(heapauxi.o)
    0x080008ea   0x080008ea   0x000000b2   Code   RO          860    .text               c_w.l(_printf_intcommon.o)
    0x0800099c   0x0800099c   0x00000030   Code   RO          862    .text               c_w.l(_printf_char_common.o)
    0x080009cc   0x080009cc   0x0000000a   Code   RO          864    .text               c_w.l(_sputc.o)
    0x080009d6   0x080009d6   0x0000002c   Code   RO          866    .text               c_w.l(_printf_char.o)
    0x08000a02   0x08000a02   0x00000002   PAD
    0x08000a04   0x08000a04   0x00000024   Code   RO          868    .text               c_w.l(_printf_char_file.o)
    0x08000a28   0x08000a28   0x0000001c   Code   RO          871    .text               c_w.l(_chval.o)
    0x08000a44   0x08000a44   0x0000002c   Code   RO          873    .text               c_w.l(scanf_char.o)
    0x08000a70   0x08000a70   0x00000040   Code   RO          875    .text               c_w.l(_sgetc.o)
    0x08000ab0   0x08000ab0   0x00000064   Code   RO          889    .text               c_w.l(rt_memcpy_w.o)
    0x08000b14   0x08000b14   0x00000012   Code   RO          906    .text               c_w.l(isspace.o)
    0x08000b26   0x08000b26   0x00000002   PAD
    0x08000b28   0x08000b28   0x00000374   Code   RO          910    .text               c_w.l(_scanf.o)
    0x08000e9c   0x08000e9c   0x00000008   Code   RO          912    .text               c_w.l(ferror.o)
    0x08000ea4   0x08000ea4   0x000001d6   Code   RO          914    .text               c_w.l(flsbuf.o)
    0x0800107a   0x0800107a   0x00000002   PAD
    0x0800107c   0x0800107c   0x00000138   Code   RO          916    .text               c_w.l(initio.o)
    0x080011b4   0x080011b4   0x0000004a   Code   RO          926    .text               c_w.l(sys_stackheap_outer.o)
    0x080011fe   0x080011fe   0x00000002   PAD
    0x08001200   0x08001200   0x00000010   Code   RO          928    .text               c_w.l(rt_ctype_table.o)
    0x08001210   0x08001210   0x0000005e   Code   RO          934    .text               c_w.l(h1_alloc.o)
    0x0800126e   0x0800126e   0x0000004e   Code   RO          936    .text               c_w.l(h1_free.o)
    0x080012bc   0x080012bc   0x00000046   Code   RO          994    .text               c_w.l(setvbuf.o)
    0x08001302   0x08001302   0x00000002   PAD
    0x08001304   0x08001304   0x000000f0   Code   RO          996    .text               c_w.l(stdio.o)
    0x080013f4   0x080013f4   0x000000f0   Code   RO         1001    .text               c_w.l(fopen.o)
    0x080014e4   0x080014e4   0x0000004c   Code   RO         1003    .text               c_w.l(fclose.o)
    0x08001530   0x08001530   0x00000012   Code   RO         1013    .text               c_w.l(exit.o)
    0x08001542   0x08001542   0x0000000e   Code   RO         1015    .text               c_w.l(defsig_rtred_outer.o)
    0x08001550   0x08001550   0x00000008   Code   RO         1088    .text               c_w.l(libspace.o)
    0x08001558   0x08001558   0x00000008   Code   RO         1098    .text               c_w.l(rt_heap_descriptor_intlibspace.o)
    0x08001560   0x08001560   0x00000008   Code   RO         1103    .text               c_w.l(rt_locale_intlibspace.o)
    0x08001568   0x08001568   0x00000004   Code   RO         1105    .text               c_w.l(hguard.o)
    0x0800156c   0x0800156c   0x0000008a   Code   RO         1107    .text               c_w.l(init_alloc.o)
    0x080015f6   0x080015f6   0x0000000e   Code   RO         1111    .text               c_w.l(h1_init.o)
    0x08001604   0x08001604   0x000000f8   Code   RO         1127    .text               c_w.l(fseek.o)
    0x080016fc   0x080016fc   0x0000000a   Code   RO         1136    .text               c_w.l(defsig_exit.o)
    0x08001706   0x08001706   0x00000002   PAD
    0x08001708   0x08001708   0x00000034   Code   RO         1138    .text               c_w.l(defsig_rtred_inner.o)
    0x0800173c   0x0800173c   0x0000000c   Code   RO         1148    .text               c_w.l(sys_exit.o)
    0x08001748   0x08001748   0x00000000   Code   RO         1163    .text               c_w.l(maybetermalloc1.o)
    0x08001748   0x08001748   0x00000034   Code   RO         1165    .text               c_w.l(h1_extend.o)
    0x0800177c   0x0800177c   0x00000042   Code   RO         1169    .text               c_w.l(ftell.o)
    0x080017be   0x080017be   0x00000032   Code   RO         1173    .text               c_w.l(defsig_general.o)
    0x080017f0   0x080017f0   0x0000000e   Code   RO         1175    .text               c_w.l(defsig_rtmem_outer.o)
    0x080017fe   0x080017fe   0x0000000e   Code   RO         1186    .text               c_w.l(sys_wrch.o)
    0x0800180c   0x0800180c   0x00000002   Code   RO         1190    .text               c_w.l(use_no_semi.o)
    0x0800180e   0x0800180e   0x00000000   Code   RO         1192    .text               c_w.l(indicate_semi.o)
    0x0800180e   0x0800180e   0x00000002   PAD
    0x08001810   0x08001810   0x00000008   Code   RO         1196    .text               c_w.l(rt_errno_addr_intlibspace.o)
    0x08001818   0x08001818   0x00000050   Code   RO         1200    .text               c_w.l(defsig_rtmem_inner.o)
    0x08001868   0x08001868   0x00000020   Code   RO          263    .text.DMA1_Channel7_IRQHandler  uart.o
    0x08001888   0x08001888   0x00000026   Code   RO          159    .text.GetMessage    messages.o
    0x080018ae   0x080018ae   0x00000002   PAD
    0x080018b0   0x080018b0   0x0000000e   Code   RO          175    .text.GetTimer      timers.o
    0x080018be   0x080018be   0x00000002   PAD
    0x080018c0   0x080018c0   0x000000f0   Code   RO           99    .text.I2C1_EV_IRQHandler  i2cfram.o
    0x080019b0   0x080019b0   0x0000002e   Code   RO          420    .text.ITM_SendChar  retarget_io.o
    0x080019de   0x080019de   0x00000002   PAD
    0x080019e0   0x080019e0   0x00000070   Code   RO          138    .text.InitKpd4      keypad.o
    0x08001a50   0x08001a50   0x00000018   Code   RO          153    .text.InitMessages  messages.o
    0x08001a68   0x08001a68   0x00000018   Code   RO          173    .text.InitTimers    timers.o
    0x08001a80   0x08001a80   0x00000130   Code   RO          199    .text.InitUartDMA   uart.o
    0x08001bb0   0x08001bb0   0x00000020   Code   RO            6    .text.LL_AHB1_GRP1_EnableClock  main.o
    0x08001bd0   0x08001bd0   0x00000020   Code   RO           69    .text.LL_AHB1_GRP1_EnableClock  i2cfram.o
    0x08001bf0   0x08001bf0   0x00000020   Code   RO          140    .text.LL_AHB1_GRP1_EnableClock  keypad.o
    0x08001c10   0x08001c10   0x0000001c   Code   RO          201    .text.LL_AHB1_GRP1_EnableClock  uart.o
    0x08001c2c   0x08001c2c   0x00000020   Code   RO           71    .text.LL_APB1_GRP1_EnableClock  i2cfram.o
    0x08001c4c   0x08001c4c   0x00000020   Code   RO          203    .text.LL_APB1_GRP1_EnableClock  uart.o
    0x08001c6c   0x08001c6c   0x0000000e   Code   RO          269    .text.LL_DMA_ClearFlag_GI7  uart.o
    0x08001c7a   0x08001c7a   0x00000002   PAD
    0x08001c7c   0x08001c7c   0x00000026   Code   RO          215    .text.LL_DMA_ConfigAddresses  uart.o
    0x08001ca2   0x08001ca2   0x00000002   PAD
    0x08001ca4   0x08001ca4   0x0000002a   Code   RO          213    .text.LL_DMA_ConfigTransfer  uart.o
    0x08001cce   0x08001cce   0x00000002   PAD
    0x08001cd0   0x08001cd0   0x00000010   Code   RO          271    .text.LL_DMA_DisableChannel  uart.o
    0x08001ce0   0x08001ce0   0x0000001e   Code   RO          197    .text.LL_DMA_EnableChannel  uart.o
    0x08001cfe   0x08001cfe   0x00000002   PAD
    0x08001d00   0x08001d00   0x00000010   Code   RO          221    .text.LL_DMA_EnableIT_TC  uart.o
    0x08001d10   0x08001d10   0x0000001e   Code   RO          223    .text.LL_DMA_EnableIT_TE  uart.o
    0x08001d2e   0x08001d2e   0x00000002   PAD
    0x08001d30   0x08001d30   0x0000000c   Code   RO          255    .text.LL_DMA_GetDataLength  uart.o
    0x08001d3c   0x08001d3c   0x0000001e   Code   RO          219    .text.LL_DMA_GetDataTransferDirection  uart.o
    0x08001d5a   0x08001d5a   0x00000002   PAD
    0x08001d5c   0x08001d5c   0x0000000e   Code   RO          267    .text.LL_DMA_IsActiveFlag_TC7  uart.o
    0x08001d6a   0x08001d6a   0x00000002   PAD
    0x08001d6c   0x08001d6c   0x0000000e   Code   RO          193    .text.LL_DMA_IsEnabledChannel  uart.o
    0x08001d7a   0x08001d7a   0x00000002   PAD
    0x08001d7c   0x08001d7c   0x0000000e   Code   RO          265    .text.LL_DMA_IsEnabledIT_TC  uart.o
    0x08001d8a   0x08001d8a   0x00000002   PAD
    0x08001d8c   0x08001d8c   0x00000024   Code   RO          195    .text.LL_DMA_SetDataLength  uart.o
    0x08001db0   0x08001db0   0x00000014   Code   RO           16    .text.LL_FLASH_SetLatency  main.o
    0x08001dc4   0x08001dc4   0x00000096   Code   RO          497    .text.LL_GPIO_Init  stm32f3xx_ll_gpio.o
    0x08001e5a   0x08001e5a   0x00000002   PAD
    0x08001e5c   0x08001e5c   0x0000000c   Code   RO          134    .text.LL_GPIO_ReadInputPort  keypad.o
    0x08001e68   0x08001e68   0x0000000c   Code   RO          132    .text.LL_GPIO_ResetOutputPin  keypad.o
    0x08001e74   0x08001e74   0x00000024   Code   RO          207    .text.LL_GPIO_SetAFPin_0_7  uart.o
    0x08001e98   0x08001e98   0x00000020   Code   RO          505    .text.LL_GPIO_SetAFPin_0_7  stm32f3xx_ll_gpio.o
    0x08001eb8   0x08001eb8   0x00000022   Code   RO          507    .text.LL_GPIO_SetAFPin_8_15  stm32f3xx_ll_gpio.o
    0x08001eda   0x08001eda   0x00000002   PAD
    0x08001edc   0x08001edc   0x0000000c   Code   RO          136    .text.LL_GPIO_SetOutputPin  keypad.o
    0x08001ee8   0x08001ee8   0x00000014   Code   RO            8    .text.LL_GPIO_SetPinMode  main.o
    0x08001efc   0x08001efc   0x00000022   Code   RO          205    .text.LL_GPIO_SetPinMode  uart.o
    0x08001f1e   0x08001f1e   0x00000002   PAD
    0x08001f20   0x08001f20   0x00000020   Code   RO          499    .text.LL_GPIO_SetPinMode  stm32f3xx_ll_gpio.o
    0x08001f40   0x08001f40   0x0000000c   Code   RO          509    .text.LL_GPIO_SetPinOutputType  stm32f3xx_ll_gpio.o
    0x08001f4c   0x08001f4c   0x0000002a   Code   RO          211    .text.LL_GPIO_SetPinPull  uart.o
    0x08001f76   0x08001f76   0x00000002   PAD
    0x08001f78   0x08001f78   0x00000020   Code   RO          503    .text.LL_GPIO_SetPinPull  stm32f3xx_ll_gpio.o
    0x08001f98   0x08001f98   0x0000001e   Code   RO          209    .text.LL_GPIO_SetPinSpeed  uart.o
    0x08001fb6   0x08001fb6   0x00000002   PAD
    0x08001fb8   0x08001fb8   0x00000020   Code   RO          501    .text.LL_GPIO_SetPinSpeed  stm32f3xx_ll_gpio.o
    0x08001fd8   0x08001fd8   0x00000012   Code   RO           12    .text.LL_GPIO_TogglePin  main.o
    0x08001fea   0x08001fea   0x00000002   PAD
    0x08001fec   0x08001fec   0x00000012   Code   RO          113    .text.LL_I2C_ClearFlag_STOP  i2cfram.o
    0x08001ffe   0x08001ffe   0x00000002   PAD
    0x08002000   0x08002000   0x00000012   Code   RO           81    .text.LL_I2C_Enable  i2cfram.o
    0x08002012   0x08002012   0x00000002   PAD
    0x08002014   0x08002014   0x00000012   Code   RO           83    .text.LL_I2C_EnableIT_RX  i2cfram.o
    0x08002026   0x08002026   0x00000002   PAD
    0x08002028   0x08002028   0x00000012   Code   RO           89    .text.LL_I2C_EnableIT_STOP  i2cfram.o
    0x0800203a   0x0800203a   0x00000002   PAD
    0x0800203c   0x0800203c   0x00000012   Code   RO           87    .text.LL_I2C_EnableIT_TC  i2cfram.o
    0x0800204e   0x0800204e   0x00000002   PAD
    0x08002050   0x08002050   0x00000012   Code   RO           85    .text.LL_I2C_EnableIT_TX  i2cfram.o
    0x08002062   0x08002062   0x00000002   PAD
    0x08002064   0x08002064   0x0000002a   Code   RO           95    .text.LL_I2C_HandleTransfer  i2cfram.o
    0x0800208e   0x0800208e   0x00000002   PAD
    0x08002090   0x08002090   0x00000010   Code   RO           93    .text.LL_I2C_IsActiveFlag_BUSY  i2cfram.o
    0x080020a0   0x080020a0   0x00000010   Code   RO          105    .text.LL_I2C_IsActiveFlag_RXNE  i2cfram.o
    0x080020b0   0x080020b0   0x00000010   Code   RO          111    .text.LL_I2C_IsActiveFlag_STOP  i2cfram.o
    0x080020c0   0x080020c0   0x00000010   Code   RO          109    .text.LL_I2C_IsActiveFlag_TC  i2cfram.o
    0x080020d0   0x080020d0   0x00000010   Code   RO          101    .text.LL_I2C_IsActiveFlag_TXIS  i2cfram.o
    0x080020e0   0x080020e0   0x0000000e   Code   RO          107    .text.LL_I2C_ReceiveData8  i2cfram.o
    0x080020ee   0x080020ee   0x00000002   PAD
    0x080020f0   0x080020f0   0x00000014   Code   RO           79    .text.LL_I2C_SetTiming  i2cfram.o
    0x08002104   0x08002104   0x0000000c   Code   RO          103    .text.LL_I2C_TransmitData8  i2cfram.o
    0x08002110   0x08002110   0x00000004   Code   RO          688    .text.LL_Init1msTick  stm32f3xx_ll_utils.o
    0x08002114   0x08002114   0x00000028   Code   RO          690    .text.LL_InitTick   stm32f3xx_ll_utils.o
    0x0800213c   0x0800213c   0x00000010   Code   RO          629    .text.LL_RCC_GetAHBPrescaler  stm32f3xx_ll_rcc.o
    0x0800214c   0x0800214c   0x00000010   Code   RO          631    .text.LL_RCC_GetAPB1Prescaler  stm32f3xx_ll_rcc.o
    0x0800215c   0x0800215c   0x00000010   Code   RO          633    .text.LL_RCC_GetAPB2Prescaler  stm32f3xx_ll_rcc.o
    0x0800216c   0x0800216c   0x00000010   Code   RO           32    .text.LL_RCC_GetSysClkSource  main.o
    0x0800217c   0x0800217c   0x00000010   Code   RO          627    .text.LL_RCC_GetSysClkSource  stm32f3xx_ll_rcc.o
    0x0800218c   0x0800218c   0x000000b8   Code   RO          591    .text.LL_RCC_GetUSARTClockFreq  stm32f3xx_ll_rcc.o
    0x08002244   0x08002244   0x00000016   Code   RO          593    .text.LL_RCC_GetUSARTClockSource  stm32f3xx_ll_rcc.o
    0x0800225a   0x0800225a   0x00000002   PAD
    0x0800225c   0x0800225c   0x00000012   Code   RO           18    .text.LL_RCC_HSE_Enable  main.o
    0x0800226e   0x0800226e   0x00000002   PAD
    0x08002270   0x08002270   0x00000010   Code   RO           20    .text.LL_RCC_HSE_IsReady  main.o
    0x08002280   0x08002280   0x00000010   Code   RO          595    .text.LL_RCC_HSI_IsReady  stm32f3xx_ll_rcc.o
    0x08002290   0x08002290   0x00000010   Code   RO          597    .text.LL_RCC_LSE_IsReady  stm32f3xx_ll_rcc.o
    0x080022a0   0x080022a0   0x0000001e   Code   RO           22    .text.LL_RCC_PLL_ConfigDomain_SYS  main.o
    0x080022be   0x080022be   0x00000002   PAD
    0x080022c0   0x080022c0   0x00000012   Code   RO           24    .text.LL_RCC_PLL_Enable  main.o
    0x080022d2   0x080022d2   0x00000002   PAD
    0x080022d4   0x080022d4   0x00000010   Code   RO          635    .text.LL_RCC_PLL_GetMainSource  stm32f3xx_ll_rcc.o
    0x080022e4   0x080022e4   0x00000010   Code   RO          639    .text.LL_RCC_PLL_GetMultiplicator  stm32f3xx_ll_rcc.o
    0x080022f4   0x080022f4   0x00000010   Code   RO          637    .text.LL_RCC_PLL_GetPrediv  stm32f3xx_ll_rcc.o
    0x08002304   0x08002304   0x00000010   Code   RO           26    .text.LL_RCC_PLL_IsReady  main.o
    0x08002314   0x08002314   0x00000012   Code   RO           28    .text.LL_RCC_SetAHBPrescaler  main.o
    0x08002326   0x08002326   0x00000002   PAD
    0x08002328   0x08002328   0x00000014   Code   RO           34    .text.LL_RCC_SetAPB1Prescaler  main.o
    0x0800233c   0x0800233c   0x00000012   Code   RO           36    .text.LL_RCC_SetAPB2Prescaler  main.o
    0x0800234e   0x0800234e   0x00000002   PAD
    0x08002350   0x08002350   0x00000012   Code   RO           73    .text.LL_RCC_SetI2CClockSource  i2cfram.o
    0x08002362   0x08002362   0x00000002   PAD
    0x08002364   0x08002364   0x00000014   Code   RO           30    .text.LL_RCC_SetSysClkSource  main.o
    0x08002378   0x08002378   0x00000012   Code   RO           10    .text.LL_SYSTICK_EnableIT  main.o
    0x0800238a   0x0800238a   0x00000002   PAD
    0x0800238c   0x0800238c   0x0000000c   Code   RO          694    .text.LL_SetSystemCoreClock  stm32f3xx_ll_utils.o
    0x08002398   0x08002398   0x0000000e   Code   RO          257    .text.LL_USART_ClearFlag_FE  uart.o
    0x080023a6   0x080023a6   0x00000002   PAD
    0x080023a8   0x080023a8   0x0000000e   Code   RO          253    .text.LL_USART_ClearFlag_IDLE  uart.o
    0x080023b6   0x080023b6   0x00000002   PAD
    0x080023b8   0x080023b8   0x0000000e   Code   RO          261    .text.LL_USART_ClearFlag_ORE  uart.o
    0x080023c6   0x080023c6   0x00000002   PAD
    0x080023c8   0x080023c8   0x0000000e   Code   RO          259    .text.LL_USART_ClearFlag_PE  uart.o
    0x080023d6   0x080023d6   0x00000002   PAD
    0x080023d8   0x080023d8   0x0000001a   Code   RO          227    .text.LL_USART_ConfigCharacter  uart.o
    0x080023f2   0x080023f2   0x00000002   PAD
    0x080023f4   0x080023f4   0x00000012   Code   RO          217    .text.LL_USART_DMA_GetRegAddr  uart.o
    0x08002406   0x08002406   0x00000002   PAD
    0x08002408   0x08002408   0x00000012   Code   RO          245    .text.LL_USART_Enable  uart.o
    0x0800241a   0x0800241a   0x00000002   PAD
    0x0800241c   0x0800241c   0x00000012   Code   RO          241    .text.LL_USART_EnableDMAReq_RX  uart.o
    0x0800242e   0x0800242e   0x00000002   PAD
    0x08002430   0x08002430   0x00000012   Code   RO          243    .text.LL_USART_EnableDMAReq_TX  uart.o
    0x08002442   0x08002442   0x00000002   PAD
    0x08002444   0x08002444   0x00000012   Code   RO          235    .text.LL_USART_EnableIT_ERROR  uart.o
    0x08002456   0x08002456   0x00000002   PAD
    0x08002458   0x08002458   0x00000012   Code   RO          233    .text.LL_USART_EnableIT_IDLE  uart.o
    0x0800246a   0x0800246a   0x00000002   PAD
    0x0800246c   0x0800246c   0x00000010   Code   RO          251    .text.LL_USART_IsActiveFlag_IDLE  uart.o
    0x0800247c   0x0800247c   0x00000010   Code   RO          249    .text.LL_USART_IsEnabledIT_IDLE  uart.o
    0x0800248c   0x0800248c   0x00000020   Code   RO          231    .text.LL_USART_SetBaudRate  uart.o
    0x080024ac   0x080024ac   0x00000012   Code   RO          229    .text.LL_USART_SetTransferBitOrder  uart.o
    0x080024be   0x080024be   0x00000002   PAD
    0x080024c0   0x080024c0   0x00000012   Code   RO          225    .text.LL_USART_SetTransferDirection  uart.o
    0x080024d2   0x080024d2   0x00000002   PAD
    0x080024d4   0x080024d4   0x000003d4   Code   RO          311    .text.ProcTm1       fsm_tm1.o
    0x080028a8   0x080028a8   0x00000188   Code   RO          335    .text.ProcTm2       fsm_tm2.o
    0x08002a30   0x08002a30   0x00000378   Code   RO          398    .text.ProcTm3       fsm_tm3.o
    0x08002da8   0x08002da8   0x00000102   Code   RO           14    .text.ProcesLedkey  main.o
    0x08002eaa   0x08002eaa   0x00000002   PAD
    0x08002eac   0x08002eac   0x000000b0   Code   RO          357    .text.ProcessFsmInterTm1  fsm_inter_tm1.o
    0x08002f5c   0x08002f5c   0x000000b0   Code   RO          370    .text.ProcessFsmInterTm2  fsm_inter_tm2.o
    0x0800300c   0x0800300c   0x000000b0   Code   RO          383    .text.ProcessFsmInterTm3  fsm_inter_tm3.o
    0x080030bc   0x080030bc   0x00000208   Code   RO           51    .text.ProcessFsmMain  fsm_main.o
    0x080032c4   0x080032c4   0x00000254   Code   RO          309    .text.ProcessFsmTm1  fsm_tm1.o
    0x08003518   0x08003518   0x00000254   Code   RO          333    .text.ProcessFsmTm2  fsm_tm2.o
    0x0800376c   0x0800376c   0x00000254   Code   RO          396    .text.ProcessFsmTm3  fsm_tm3.o
    0x080039c0   0x080039c0   0x000000f4   Code   RO          128    .text.ProcessKeyKpd4  keypad.o
    0x08003ab4   0x08003ab4   0x0000002a   Code   RO          157    .text.ProcessMessages  messages.o
    0x08003ade   0x08003ade   0x00000002   PAD
    0x08003ae0   0x08003ae0   0x0000001e   Code   RO          171    .text.ProcessTimers  timers.o
    0x08003afe   0x08003afe   0x00000002   PAD
    0x08003b00   0x08003b00   0x0000001c   Code   RO          585    .text.RCC_GetHCLKClockFreq  stm32f3xx_ll_rcc.o
    0x08003b1c   0x08003b1c   0x0000001a   Code   RO          587    .text.RCC_GetPCLK1ClockFreq  stm32f3xx_ll_rcc.o
    0x08003b36   0x08003b36   0x00000002   PAD
    0x08003b38   0x08003b38   0x0000001a   Code   RO          589    .text.RCC_GetPCLK2ClockFreq  stm32f3xx_ll_rcc.o
    0x08003b52   0x08003b52   0x00000002   PAD
    0x08003b54   0x08003b54   0x0000001c   Code   RO          583    .text.RCC_GetSystemClockFreq  stm32f3xx_ll_rcc.o
    0x08003b70   0x08003b70   0x00000040   Code   RO          617    .text.RCC_PLL_GetFreqDomain_SYS  stm32f3xx_ll_rcc.o
    0x08003bb0   0x08003bb0   0x00000010   Code   RO          177    .text.ResetTimer    timers.o
    0x08003bc0   0x08003bc0   0x00000016   Code   RO          155    .text.SendMessage   messages.o
    0x08003bd6   0x08003bd6   0x00000002   PAD
    0x08003bd8   0x08003bd8   0x00000004   Code   RO          179    .text.SysTick_Handler  timers.o
    0x08003bdc   0x08003bdc   0x00000054   Code   RO            4    .text.SystemClock_Config  main.o
    0x08003c30   0x08003c30   0x00000068   Code   RO          763    .text.SystemCoreClockUpdate  system_stm32f3xx.o
    0x08003c98   0x08003c98   0x00000012   Code   RO          761    .text.SystemInit    system_stm32f3xx.o
    0x08003caa   0x08003caa   0x00000002   PAD
    0x08003cac   0x08003cac   0x000000d0   Code   RO          247    .text.USART2_IRQHandler  uart.o
    0x08003d7c   0x08003d7c   0x00000010   Code   RO           77    .text.__NVIC_EnableIRQ  i2cfram.o
    0x08003d8c   0x08003d8c   0x00000020   Code   RO          239    .text.__NVIC_EnableIRQ  uart.o
    0x08003dac   0x08003dac   0x0000000e   Code   RO           75    .text.__NVIC_SetPriority  i2cfram.o
    0x08003dba   0x08003dba   0x00000002   PAD
    0x08003dbc   0x08003dbc   0x0000000e   Code   RO          237    .text.__NVIC_SetPriority  uart.o
    0x08003dca   0x08003dca   0x00000002   PAD
    0x08003dcc   0x08003dcc   0x00000012   Code   RO          426    .text._sys_close    retarget_io.o
    0x08003dde   0x08003dde   0x00000002   PAD
    0x08003de0   0x08003de0   0x00000004   Code   RO          438    .text._sys_flen     retarget_io.o
    0x08003de4   0x08003de4   0x00000010   Code   RO          434    .text._sys_istty    retarget_io.o
    0x08003df4   0x08003df4   0x00000064   Code   RO          424    .text._sys_open     retarget_io.o
    0x08003e58   0x08003e58   0x00000006   Code   RO          436    .text._sys_seek     retarget_io.o
    0x08003e5e   0x08003e5e   0x00000002   PAD
    0x08003e60   0x08003e60   0x0000002e   Code   RO          428    .text._sys_write    retarget_io.o
    0x08003e8e   0x08003e8e   0x00000002   PAD
    0x08003e90   0x08003e90   0x00000084   Code   RO           97    .text.i2cFRAM_rd    i2cfram.o
    0x08003f14   0x08003f14   0x00000092   Code   RO           91    .text.i2cFRAM_wr    i2cfram.o
    0x08003fa6   0x08003fa6   0x00000002   PAD
    0x08003fa8   0x08003fa8   0x00000084   Code   RO           67    .text.init_I2C_FRAM  i2cfram.o
    0x0800402c   0x0800402c   0x00000080   Code   RO            2    .text.main          main.o
    0x080040ac   0x080040ac   0x0000004a   Code   RO          130    .text.scankeypad    keypad.o
    0x080040f6   0x080040f6   0x00000002   PAD
    0x080040f8   0x080040f8   0x00000004   Code   RO          430    .text.stdout_putchar  retarget_io.o
    0x080040fc   0x080040fc   0x0000003c   Code   RO          191    .text.uart_transmit  uart.o
    0x08004138   0x08004138   0x0000000e   Code   RO          825    i._is_digit         c_w.l(__printf_wp.o)
    0x08004146   0x08004146   0x0000001a   Code   RO          878    i.fputc             c_w.l(fputc.o)
    0x08004160   0x08004160   0x0000002c   Code   RO         1134    locale$$code        c_w.l(lc_ctype_c.o)
    0x0800418c   0x0800418c   0x0000001a   Code   RO         1144    x$fpl$fpinit        fz_wm.l(fpinit.o)
    0x080041a6   0x080041a6   0x00000028   Data   RO          798    .constdata          c_w.l(_printf_hex_int.o)
    0x080041ce   0x080041ce   0x00000011   Data   RO          828    .constdata          c_w.l(__printf_flags_wp.o)
    0x080041df   0x080041df   0x00000010   Data   RO          766    .rodata.AHBPrescTable  system_stm32f3xx.o
    0x080041ef   0x080041ef   0x00000008   Data   RO          767    .rodata.APBPrescTable  system_stm32f3xx.o
    0x080041f7   0x080041f7   0x00000007   Data   RO          276    .rodata.CHANNEL_OFFSET_TAB  uart.o
    0x080041fe   0x080041fe   0x00000008   Data   RO          443    .rodata.__stderr_name  retarget_io.o
    0x08004206   0x08004206   0x00000007   Data   RO          441    .rodata.__stdin_name  retarget_io.o
    0x0800420d   0x0800420d   0x00000008   Data   RO          442    .rodata.__stdout_name  retarget_io.o
    0x08004215   0x08004215   0x00000003   PAD
    0x08004218   0x08004218   0x00000020   Data   RO         1226    Region$$Table       anon$$obj.o
    0x08004238   0x08004238   0x00000110   Data   RO         1133    locale$$data        c_w.l(lc_ctype_c.o)


    Execution Region RW_IRAM2 (Exec base: 0x10000000, Load base: 0x08004368, Size: 0x00000000, Max: 0x00002000, ABSOLUTE)

    **** No section assigned to this execution region ****


    Execution Region RW_IRAM1 (Exec base: 0x20000000, Load base: 0x08004348, Size: 0x00000e28, Max: 0x0000c000, ABSOLUTE)

    Exec Addr    Load Addr    Size         Type   Attr      Idx    E Section Name        Object

    0x20000000   0x08004348   0x00000004   Data   RW          884    .data               c_w.l(stdio_streams.o)
    0x20000004   0x0800434c   0x00000004   Data   RW          885    .data               c_w.l(stdio_streams.o)
    0x20000008   0x08004350   0x00000004   Data   RW          886    .data               c_w.l(stdio_streams.o)
    0x2000000c   0x08004354   0x00000004   Data   RW          317    .data.ProcessFsmTm1.steps1  fsm_tm1.o
    0x20000010   0x08004358   0x00000004   Data   RW          341    .data.ProcessFsmTm2.steps2  fsm_tm2.o
    0x20000014   0x0800435c   0x00000004   Data   RW          404    .data.ProcessFsmTm3.steps3  fsm_tm3.o
    0x20000018   0x08004360   0x00000004   Data   RW          765    .data.SystemCoreClock  system_stm32f3xx.o
    0x2000001c   0x08004364   0x00000001   Data   RW          320    .data.fsmstate      fsm_tm1.o
    0x2000001d   0x08004365   0x00000001   Data   RW          344    .data.fsmstate      fsm_tm2.o
    0x2000001e   0x08004366   0x00000001   Data   RW          407    .data.fsmstate      fsm_tm3.o
    0x2000001f   0x08004367   0x00000001   PAD
    0x20000020        -       0x00000054   Zero   RW          881    .bss                c_w.l(stdio_streams.o)
    0x20000074        -       0x00000054   Zero   RW          882    .bss                c_w.l(stdio_streams.o)
    0x200000c8        -       0x00000054   Zero   RW          883    .bss                c_w.l(stdio_streams.o)
    0x2000011c        -       0x00000060   Zero   RW         1089    .bss                c_w.l(libspace.o)
    0x2000017c        -       0x00000040   Zero   RW          161    .bss.Messages       messages.o
    0x200001bc        -       0x00000004   Zero   RW          323    .bss.ProcTm1.stepcnt  fsm_tm1.o
    0x200001c0        -       0x00000004   Zero   RW          347    .bss.ProcTm2.stepcnt  fsm_tm2.o
    0x200001c4        -       0x00000004   Zero   RW          410    .bss.ProcTm3.stepcnt  fsm_tm3.o
    0x200001c8        -       0x00000004   Zero   RW           40    .bss.ProcesLedkey.count  main.o
    0x200001cc        -       0x00000001   Zero   RW           38    .bss.ProcesLedkey.fsmstate  main.o
    0x200001cd        -       0x00000011   Zero   RW           39    .bss.ProcesLedkey.textbuf  main.o
    0x200001de        -       0x00000020   Zero   RW          359    .bss.ProcessFsmInterTm1.aTrbuf  fsm_inter_tm1.o
    0x200001fe        -       0x00000020   Zero   RW          372    .bss.ProcessFsmInterTm2.aTrbuf  fsm_inter_tm2.o
    0x2000021e        -       0x00000020   Zero   RW          385    .bss.ProcessFsmInterTm3.aTrbuf  fsm_inter_tm3.o
    0x2000023e   0x08004367   0x00000002   PAD
    0x20000240        -       0x00000020   Zero   RW          316    .bss.ProcessFsmTm1.aTrbuf  fsm_tm1.o
    0x20000260        -       0x00000001   Zero   RW          314    .bss.ProcessFsmTm1.rdsymbol  fsm_tm1.o
    0x20000261   0x08004367   0x00000003   PAD
    0x20000264        -       0x00000004   Zero   RW          313    .bss.ProcessFsmTm1.steptm  fsm_tm1.o
    0x20000268        -       0x00000001   Zero   RW          315    .bss.ProcessFsmTm1.wrsymbol  fsm_tm1.o
    0x20000269   0x08004367   0x00000003   PAD
    0x2000026c        -       0x00000020   Zero   RW          340    .bss.ProcessFsmTm2.aTrbuf  fsm_tm2.o
    0x2000028c        -       0x00000001   Zero   RW          338    .bss.ProcessFsmTm2.rdsymbol  fsm_tm2.o
    0x2000028d   0x08004367   0x00000003   PAD
    0x20000290        -       0x00000004   Zero   RW          337    .bss.ProcessFsmTm2.steptm  fsm_tm2.o
    0x20000294        -       0x00000001   Zero   RW          339    .bss.ProcessFsmTm2.wrsymbol  fsm_tm2.o
    0x20000295   0x08004367   0x00000003   PAD
    0x20000298        -       0x00000020   Zero   RW          403    .bss.ProcessFsmTm3.aTrbuf  fsm_tm3.o
    0x200002b8        -       0x00000001   Zero   RW          401    .bss.ProcessFsmTm3.rdsymbol  fsm_tm3.o
    0x200002b9   0x08004367   0x00000003   PAD
    0x200002bc        -       0x00000004   Zero   RW          400    .bss.ProcessFsmTm3.steptm  fsm_tm3.o
    0x200002c0        -       0x00000001   Zero   RW          402    .bss.ProcessFsmTm3.wrsymbol  fsm_tm3.o
    0x200002c1   0x08004367   0x00000001   PAD
    0x200002c2        -       0x00000002   Zero   RW          142    .bss.ProcessKeyKpd4.keycode  keypad.o
    0x200002c4        -       0x00000001   Zero   RW          275    .bss.USART2_IRQHandler.old_pos  uart.o
    0x200002c5   0x08004367   0x00000003   PAD
    0x200002c8        -       0x000000ff   Zero   RW           56    .bss.aRecvbuf       fsm_main.o
    0x200003c7   0x08004367   0x00000001   PAD
    0x200003c8        -       0x00000004   Zero   RW          118    .bss.addrdat_FRAM   i2cfram.o
    0x200003cc        -       0x00000004   Zero   RW           54    .bss.addrfsm        fsm_main.o
    0x200003d0        -       0x00000004   Zero   RW          322    .bss.curraddrtm     fsm_tm1.o
    0x200003d4        -       0x00000004   Zero   RW          346    .bss.curraddrtm     fsm_tm2.o
    0x200003d8        -       0x00000004   Zero   RW          409    .bss.curraddrtm     fsm_tm3.o
    0x200003dc        -       0x00000001   Zero   RW          360    .bss.fsm1statectrl  fsm_inter_tm1.o
    0x200003dd        -       0x00000001   Zero   RW          373    .bss.fsm2statectrl  fsm_inter_tm2.o
    0x200003de        -       0x00000001   Zero   RW          386    .bss.fsm3statectrl  fsm_inter_tm3.o
    0x200003df        -       0x00000001   Zero   RW           53    .bss.fsmstate       fsm_main.o
    0x200003e0        -       0x00000001   Zero   RW          143    .bss.fsmstate       keypad.o
    0x200003e1        -       0x00000001   Zero   RW          116    .bss.iic_st         i2cfram.o
    0x200003e2   0x08004367   0x00000002   PAD
    0x200003e4        -       0x00000004   Zero   RW           55    .bss.lenfsm         fsm_main.o
    0x200003e8        -       0x00000001   Zero   RW          115    .bss.leni2c         i2cfram.o
    0x200003e9        -       0x00000001   Zero   RW          273    .bss.lenuart        uart.o
    0x200003ea        -       0x00000001   Zero   RW          318    .bss.mtstatectrl    fsm_tm1.o
    0x200003eb        -       0x00000001   Zero   RW          342    .bss.mtstatectrl    fsm_tm2.o
    0x200003ec        -       0x00000001   Zero   RW          405    .bss.mtstatectrl    fsm_tm3.o
    0x200003ed   0x08004367   0x00000003   PAD
    0x200003f0        -       0x00000004   Zero   RW          319    .bss.nextaddrtm     fsm_tm1.o
    0x200003f4        -       0x00000004   Zero   RW          343    .bss.nextaddrtm     fsm_tm2.o
    0x200003f8        -       0x00000004   Zero   RW          406    .bss.nextaddrtm     fsm_tm3.o
    0x200003fc        -       0x00000004   Zero   RW          361    .bss.steptm1        fsm_inter_tm1.o
    0x20000400        -       0x00000004   Zero   RW          374    .bss.steptm2        fsm_inter_tm2.o
    0x20000404        -       0x00000004   Zero   RW          387    .bss.steptm3        fsm_inter_tm3.o
    0x20000408        -       0x00000101   Zero   RW          117    .bss.tDati2c        i2cfram.o
    0x20000509   0x08004367   0x00000003   PAD
    0x2000050c        -       0x000002ff   Zero   RW          274    .bss.tDatuart       uart.o
    0x2000080b   0x08004367   0x00000001   PAD
    0x2000080c        -       0x00000018   Zero   RW          181    .bss.v_timers       timers.o
    0x20000824   0x08004367   0x00000004   PAD
    0x20000828        -       0x00000200   Zero   RW          752    HEAP                startup_stm32f303xc.o
    0x20000a28        -       0x00000400   Zero   RW          751    STACK               startup_stm32f303xc.o


==============================================================================

Image component sizes


      Code (inc. data)   RO Data    RW Data    ZI Data      Debug   Object Name

       176         32          0          0         37        921   fsm_inter_tm1.o
       176         32          0          0         37        921   fsm_inter_tm2.o
       176         32          0          0         37        921   fsm_inter_tm3.o
       520         12          0          0        264       1415   fsm_main.o
      1576         92          0          5         51       2926   fsm_tm1.o
       988         84          0          5         51       2194   fsm_tm2.o
      1484         90          0          5         51       2902   fsm_tm3.o
      1038         28          0          0        263       8488   i2cfram.o
       498         22          0          0          3       3250   keypad.o
       768         16          0          0         22       4467   main.o
       126          0          0          0         64       1124   messages.o
       240         24         23          0          0       2927   retarget_io.o
        64         26        392          0       1536        888   startup_stm32f303xc.o
       324          0          0          0          0       4291   stm32f3xx_ll_gpio.o
       522          0          0          0          0       7689   stm32f3xx_ll_rcc.o
        56          0          0          0          0       6610   stm32f3xx_ll_utils.o
       122          0         24          4          0       2282   system_stm32f3xx.o
        88          0          0          0         24       1063   timers.o
      1448         44          7          0        769      11335   uart.o

    ----------------------------------------------------------------------
     10512        534        481         20       3244      66614   Object Totals
         0          0         32          0          0          0   (incl. Generated)
       122          0          3          1         35          0   (incl. Padding)

    ----------------------------------------------------------------------

      Code (inc. data)   RO Data    RW Data    ZI Data      Debug   Library Member Name

        60          8          0          0          0         84   __0sscanf.o
         8          0          0          0          0         68   __main.o
       312          4         17          0          0         92   __printf_flags_wp.o
        14          0          0          0          0         68   __printf_wp.o
         0          0          0          0          0          0   __rtentry.o
        12          0          0          0          0          0   __rtentry2.o
         6          0          0          0          0          0   __rtentry4.o
        52          8          0          0          0          0   __scatter.o
        26          0          0          0          0          0   __scatter_copy.o
        28          0          0          0          0          0   __scatter_zi.o
        28          0          0          0          0         68   _chval.o
         6          0          0          0          0          0   _printf_c.o
        44          0          0          0          0        108   _printf_char.o
        48          6          0          0          0         96   _printf_char_common.o
        36          4          0          0          0         80   _printf_char_file.o
         6          0          0          0          0          0   _printf_d.o
       120         16          0          0          0         92   _printf_dec.o
        88          4         40          0          0         88   _printf_hex_int.o
       178          0          0          0          0         88   _printf_intcommon.o
        78          0          0          0          0        108   _printf_pad.o
         0          0          0          0          0          0   _printf_percent.o
         4          0          0          0          0          0   _printf_percent_end.o
        82          0          0          0          0         80   _printf_str.o
         6          0          0          0          0          0   _printf_x.o
       884          6          0          0          0        100   _scanf.o
       332          0          0          0          0         96   _scanf_int.o
        64          0          0          0          0         84   _sgetc.o
        10          0          0          0          0         68   _sputc.o
        10          0          0          0          0         68   defsig_exit.o
        50          0          0          0          0         88   defsig_general.o
        80         58          0          0          0         76   defsig_rtmem_inner.o
        14          0          0          0          0         80   defsig_rtmem_outer.o
        52         38          0          0          0         76   defsig_rtred_inner.o
        14          0          0          0          0         80   defsig_rtred_outer.o
        18          0          0          0          0         80   exit.o
        76          0          0          0          0         88   fclose.o
         8          0          0          0          0         68   ferror.o
       470          0          0          0          0         88   flsbuf.o
       240          6          0          0          0        128   fopen.o
        26          0          0          0          0         68   fputc.o
       248          6          0          0          0         84   fseek.o
        66          0          0          0          0         76   ftell.o
        94          0          0          0          0         80   h1_alloc.o
        52          0          0          0          0         68   h1_extend.o
        78          0          0          0          0         80   h1_free.o
        14          0          0          0          0         84   h1_init.o
         6          0          0          0          0        152   heapauxi.o
         4          0          0          0          0        136   hguard.o
         0          0          0          0          0          0   indicate_semi.o
       138          0          0          0          0        168   init_alloc.o
       312         46          0          0          0        112   initio.o
        18          0          0          0          0         76   isspace.o
        44         10        272          0          0         76   lc_ctype_c.o
         2          0          0          0          0          0   libinit.o
        36          0          0          0          0          0   libinit2.o
         2          0          0          0          0          0   libshutdown.o
         6          0          0          0          0          0   libshutdown2.o
         8          4          0          0         96         68   libspace.o
         0          0          0          0          0          0   maybetermalloc1.o
        24          4          0          0          0         84   noretval__2printf.o
        40          6          0          0          0         84   noretval__2sprintf.o
        44          4          0          0          0         84   puts.o
        16          4          0          0          0         76   rt_ctype_table.o
         8          4          0          0          0         68   rt_errno_addr_intlibspace.o
         8          4          0          0          0         68   rt_heap_descriptor_intlibspace.o
         8          4          0          0          0         68   rt_locale_intlibspace.o
        78          0          0          0          0         80   rt_memclr_w.o
       138          0          0          0          0         68   rt_memcpy_v6.o
       100          0          0          0          0         80   rt_memcpy_w.o
         2          0          0          0          0          0   rtexit.o
        10          0          0          0          0          0   rtexit2.o
        44          8          0          0          0         84   scanf_char.o
        70          0          0          0          0         80   setvbuf.o
       240          6          0          0          0        156   stdio.o
         0          0          0         12        252          0   stdio_streams.o
        20          0          0          0          0         68   strchr.o
       124          0          0          0          0         88   strcmpv7em.o
        62          0          0          0          0         76   strlen.o
        12          4          0          0          0         68   sys_exit.o
        74          0          0          0          0         80   sys_stackheap_outer.o
        14          0          0          0          0         76   sys_wrch.o
         2          0          0          0          0         68   use_no_semi.o
        26          0          0          0          0        116   fpinit.o

    ----------------------------------------------------------------------
      5902        272        329         12        348       5436   Library Totals
        20          0          0          0          0          0   (incl. Padding)

    ----------------------------------------------------------------------

      Code (inc. data)   RO Data    RW Data    ZI Data      Debug   Library Name

      5856        272        329         12        348       5320   c_w.l
        26          0          0          0          0        116   fz_wm.l

    ----------------------------------------------------------------------
      5902        272        329         12        348       5436   Library Totals

    ----------------------------------------------------------------------

==============================================================================


      Code (inc. data)   RO Data    RW Data    ZI Data      Debug   

     16414        806        810         32       3592      68710   Grand Totals
     16414        806        810         32       3592      68710   ELF Image Totals
     16414        806        810         32          0          0   ROM Totals

==============================================================================

    Total RO  Size (Code + RO Data)                17224 (  16.82kB)
    Total RW  Size (RW Data + ZI Data)              3624 (   3.54kB)
    Total ROM Size (Code + RO Data + RW Data)      17256 (  16.85kB)

==============================================================================

