<html>
<body>
<pre>
<h1>µVision Build Log</h1>
<h2>Tool Versions:</h2>
IDE-Version: µVision V5.41.0.0
Copyright (C) 2024 ARM Ltd and ARM Germany GmbH. All rights reserved.
License Information: Andrey Panchenko, SUAI, LIC=----
 
Tool Versions:
Toolchain:       MDK-Lite  Version: 5.41.0.0
Toolchain Path:  C:\Users\andrejpancenko\AppData\Local\Keil_v5\ARM\ARMCLANG\Bin
C Compiler:      ArmClang.exe V6.22
Assembler:       Armasm.exe V6.22
Linker/Locator:  ArmLink.exe V6.22
Library Manager: ArmAr.exe V6.22
Hex Converter:   FromElf.exe V6.22
CPU DLL:         SARMCM3.DLL V5.41.0.0
Dialog DLL:      DCM.DLL V1.17.5.0
Target DLL:      STLink\ST-LINKIII-KEIL_SWO.dll V3.3.0.0
Dialog DLL:      TCM.DLL V1.56.4.0
 
<h2>Project:</h2>
\\Mac\Home\Desktop\Semestr 6\pvp\lab2.uvprojx
Project File Date:  02/19/2025

<h2>Output:</h2>
*** Using Compiler 'V6.22', folder: 'C:\Users\andrejpancenko\AppData\Local\Keil_v5\ARM\ARMCLANG\Bin'
Rebuild target 'lab2'
assembling startup_stm32f303xc.s...
compiling system_stm32f3xx.c...
compiling main.c...
linking...
Program Size: Code=780 RO-data=408 RW-data=0 ZI-data=1632  
".\Objects\lab2.axf" - 0 Error(s), 0 Warning(s).

<h2>Software Packages used:</h2>

Package Vendor: ARM
                https://www.keil.com/pack/ARM.CMSIS.6.1.0.pack
                ARM::CMSIS@6.1.0
                CMSIS (Common Microcontroller Software Interface Standard)
   * Component: CORE Version: 6.1.0

Package Vendor: Keil
                http://www.keil.com/pack/Keil.STM32F3xx_DFP.2.2.2.pack
                Keil::STM32F3xx_DFP@2.2.2
                STMicroelectronics STM32F3 Series Device Support and Examples
   * Component: Startup Version: 1.11.3

<h2>Collection of Component include folders:</h2>
  ./RTE/_lab2
  C:/Users/andrejpancenko/AppData/Local/Arm/Packs/ARM/CMSIS/6.1.0/CMSIS/Core/Include
  C:/Users/andrejpancenko/AppData/Local/Arm/Packs/Keil/STM32F3xx_DFP/2.2.2/Drivers/CMSIS/Device/ST/STM32F3xx/Include

<h2>Collection of Component Files used:</h2>

   * Component: ARM::CMSIS:CORE@6.1.0

   * Component: Keil::Device&Standalone:Startup@1.11.3
      Source file:   MDK/Device/Source/ARM/STM32F3xx_OPT.s
      Include file:  Drivers/CMSIS/Device/ST/STM32F3xx/Include/stm32f3xx.h
      Source file:   Drivers/CMSIS/Device/ST/STM32F3xx/Source/Templates/system_stm32f3xx.c
      Source file:   Drivers/CMSIS/Device/ST/STM32F3xx/Source/Templates/arm/startup_stm32f303xc.s
Build Time Elapsed:  00:00:01
</pre>
</body>
</html>
